<html>
<body>
<pre>
<h1>µVision Build Log</h1>
<h2>Tool Versions:</h2>
IDE-Version: ¦ÌVision V5.14.0.0
Copyright (C) 2015 ARM Ltd and ARM Germany GmbH. All rights reserved.
License Information: kuang jing, buaa, LIC=S5IHL-0GTX4-480FA-1EMYK-R17VU-6MP4P
 
Tool Versions:
Toolchain:       MDK-ARM Professional  Version: 5.14.0.0
Toolchain Path:  C:\Keil_v5\ARM\ARMCC\Bin
C Compiler:      Armcc.exe V5.05 update 1 (build 106)
Assembler:       Armasm.exe V5.05 update 1 (build 106)
Linker/Locator:  ArmLink.exe V5.05 update 1 (build 106)
Library Manager: ArmAr.exe V5.05 update 1 (build 106)
Hex Converter:   FromElf.exe V5.05 update 1 (build 106)
CPU DLL:         SARMCM3.DLL V5.14.0.0
Dialog DLL:      DCM.DLL V1.13.1.0
Target DLL:      Segger\JL2CM3.dll V2.99.13.0
Dialog DLL:      TCM.DLL V1.14.4.0
 
<h2>Project:</h2>
E:\01 my_Project\08 BLDCandPMSM\03 BLDC_PMSM_Board\03 firmware\BLDC 1.0\stm32f4 ucosii.uvprojx
Project File Date:  07/24/2018

<h2>Output:</h2>
Build target 'uCOSII 2.92'
compiling main.c...
compiling app.c...
compiling peripherial_init.c...
User\peripherial_init.c(659): warning:  #177-D: variable "cnt" was declared but never referenced
        uint8_t         cnt = 0;
User\peripherial_init.c(660): warning:  #177-D: variable "io_state" was declared but never referenced
        uint32_t        io_state;
User\peripherial_init.c: 2 warnings, 0 errors
linking...
Program Size: Code=12700 RO-data=796 RW-data=92 ZI-data=9460  
FromELF: creating hex file...
".\Objects\BLDC Driver.axf" - 0 Error(s), 2 Warning(s).

<h2>Collection of Component include folders:</h2>
  E:\01 my_Project\08 BLDCandPMSM\03 BLDC_PMSM_Board\03 firmware\BLDC 1.0\RTE
  C:\Keil_v5\ARM\PACK\Keil\STM32F4xx_DFP\2.10.0

<h2>Collection of Component Files used:</h2>
</pre>
</body>
</html>
