<html>
<body>
<pre>
<h1>µVision Build Log</h1>
<h2>Tool Versions:</h2>
IDE-Version: ¦ÌVision V5.14.0.0
Copyright (C) 2015 ARM Ltd and ARM Germany GmbH. All rights reserved.
License Information: kuang jing, buaa, LIC=S5IHL-0GTX4-480FA-1EMYK-R17VU-6MP4P
 
Tool Versions:
Toolchain:       MDK-ARM Professional  Version: 5.14.0.0
Toolchain Path:  C:\Keil_v5\ARM\ARMCC\Bin
C Compiler:      Armcc.exe V5.05 update 1 (build 106)
Assembler:       Armasm.exe V5.05 update 1 (build 106)
Linker/Locator:  ArmLink.exe V5.05 update 1 (build 106)
Library Manager: ArmAr.exe V5.05 update 1 (build 106)
Hex Converter:   FromElf.exe V5.05 update 1 (build 106)
CPU DLL:         SARMCM3.DLL V5.14.0.0
Dialog DLL:      DCM.DLL V1.13.1.0
Target DLL:      Segger\JL2CM3.dll V2.99.13.0
Dialog DLL:      TCM.DLL V1.14.4.0
 
<h2>Project:</h2>
E:\01 my_Project\08 SeverMotor\ServerMotorDesign\03 firmware\BLDC 1.3\stm32f4 ucosii.uvprojx
Project File Date:  08/14/2018

<h2>Output:</h2>
Build target 'uCOSII 2.92 V1.3'
compiling stm32f4xx_it.c...
compiling global_parameters.c...
User\global_parameters.c(115): warning:  #177-D: variable "i" was declared but never referenced
        uint8_t i,j;
User\global_parameters.c: 1 warning, 0 errors
linking...
Program Size: Code=15176 RO-data=796 RW-data=156 ZI-data=10684  
FromELF: creating hex file...
".\Objects\BLDC Driver.axf" - 0 Error(s), 1 Warning(s).

<h2>Collection of Component include folders:</h2>
  E:\01 my_Project\08 SeverMotor\ServerMotorDesign\03 firmware\BLDC 1.3\RTE
  C:\Keil_v5\ARM\PACK\Keil\STM32F4xx_DFP\2.10.0

<h2>Collection of Component Files used:</h2>
</pre>
</body>
</html>
