Component: ARM Compiler 5.05 update 1 (build 106) Tool: armlink [4d0efa]

==============================================================================

Section Cross References

    main.o(i.APP_TaskStart) refers to os_cpu_c.o(i.OS_CPU_SysTickInit) for OS_CPU_SysTickInit
    main.o(i.APP_TaskStart) refers to delay.o(i.delay_us) for delay_us
    main.o(i.APP_TaskStart) refers to os_core.o(i.OSStatInit) for OSStatInit
    main.o(i.APP_TaskStart) refers to os_task.o(i.OSTaskCreateExt) for OSTaskCreateExt
    main.o(i.APP_TaskStart) refers to os_task.o(i.OSTaskDel) for OSTaskDel
    main.o(i.APP_TaskStart) refers to main.o(.bss) for StateMachine_TASK_STK
    main.o(i.APP_TaskStart) refers to app.o(i.StateMachine_Task) for StateMachine_Task
    main.o(i.APP_TaskStart) refers to app.o(i.LED_Task) for LED_Task
    main.o(i.APP_TaskStart) refers to app.o(i.RS485_Task) for RS485_Task
    main.o(i.Board_Init) refers to peripherial_init.o(i.NVIC_Config) for NVIC_Config
    main.o(i.Board_Init) refers to peripherial_init.o(i.GPIO_Config) for GPIO_Config
    main.o(i.Board_Init) refers to peripherial_init.o(i.Timer1_Config) for Timer1_Config
    main.o(i.Board_Init) refers to peripherial_init.o(i.Timer2_Config) for Timer2_Config
    main.o(i.Board_Init) refers to peripherial_init.o(i.Timer3_Config) for Timer3_Config
    main.o(i.Board_Init) refers to peripherial_init.o(i.Timer4_Config) for Timer4_Config
    main.o(i.Board_Init) refers to peripherial_init.o(i.Timer5_Config) for Timer5_Config
    main.o(i.Board_Init) refers to peripherial_init.o(i.ADC_DMA_Config) for ADC_DMA_Config
    main.o(i.Board_Init) refers to peripherial_init.o(i.DAC_Config) for DAC_Config
    main.o(i.Board_Init) refers to global_parameters.o(.data) for m_sys_state
    main.o(i.main) refers to misc.o(i.NVIC_PriorityGroupConfig) for NVIC_PriorityGroupConfig
    main.o(i.main) refers to global_parameters.o(i.ParametersInit) for ParametersInit
    main.o(i.main) refers to main.o(i.Board_Init) for Board_Init
    main.o(i.main) refers to os_core.o(i.OSInit) for OSInit
    main.o(i.main) refers to os_sem.o(i.OSSemCreate) for OSSemCreate
    main.o(i.main) refers to os_task.o(i.OSTaskCreateExt) for OSTaskCreateExt
    main.o(i.main) refers to os_core.o(i.OSStart) for OSStart
    main.o(i.main) refers to main.o(.data) for sem_USART2Rev
    main.o(i.main) refers to main.o(.bss) for APP_TASK_START_STK
    main.o(i.main) refers to main.o(i.APP_TaskStart) for APP_TaskStart
    app.o(i.LED_Task) refers to peripherial_init.o(i.LED_OFF) for LED_OFF
    app.o(i.LED_Task) refers to os_time.o(i.OSTimeDlyHMSM) for OSTimeDlyHMSM
    app.o(i.LED_Task) refers to peripherial_init.o(i.LED_ON) for LED_ON
    app.o(i.RS485_Task) refers to os_time.o(i.OSTimeDlyHMSM) for OSTimeDlyHMSM
    app.o(i.StateMachine_Task) refers to motor_control.o(i.Read_Current_Bias) for Read_Current_Bias
    app.o(i.StateMachine_Task) refers to os_time.o(i.OSTimeDlyHMSM) for OSTimeDlyHMSM
    app.o(i.StateMachine_Task) refers to peripherial_init.o(i.BrakeControl) for BrakeControl
    app.o(i.StateMachine_Task) refers to motor_control.o(i.Hall_Convert) for Hall_Convert
    app.o(i.StateMachine_Task) refers to motor_control.o(i.PositionLoopRefresh_TIM_Start) for PositionLoopRefresh_TIM_Start
    app.o(i.StateMachine_Task) refers to motor_control.o(i.SpeedLoopRefresh_TIM_Start) for SpeedLoopRefresh_TIM_Start
    app.o(i.StateMachine_Task) refers to motor_control.o(i.CurrentLoopRefresh_TIM_Start) for CurrentLoopRefresh_TIM_Start
    app.o(i.StateMachine_Task) refers to global_parameters.o(.data) for m_sys_state
    motor_control.o(i.CurrentLoopRefresh_TIM_Halt) refers to global_parameters.o(.bss) for m_motor_ctrl
    motor_control.o(i.CurrentLoopRefresh_TIM_Start) refers to stm32f4xx_tim.o(i.TIM_Cmd) for TIM_Cmd
    motor_control.o(i.CurrentLoopRefresh_TIM_Start) refers to global_parameters.o(.bss) for m_motor_ctrl
    motor_control.o(i.Current_PID_Cal) refers to motor_control.o(i.Increment_PID_Cal) for Increment_PID_Cal
    motor_control.o(i.Current_PID_Cal) refers to global_parameters.o(.bss) for m_motor_rt_para
    motor_control.o(i.H1_L2) refers to peripherial_init.o(i.TIM1_CH1_PWM_CH1N_OFF) for TIM1_CH1_PWM_CH1N_OFF
    motor_control.o(i.H1_L2) refers to peripherial_init.o(i.TIM1_CH2_OFF_CH2N_PWM) for TIM1_CH2_OFF_CH2N_PWM
    motor_control.o(i.H1_L2) refers to peripherial_init.o(i.TIM1_CH3_OFF_CH3N_OFF) for TIM1_CH3_OFF_CH3N_OFF
    motor_control.o(i.H1_L3) refers to peripherial_init.o(i.TIM1_CH1_PWM_CH1N_OFF) for TIM1_CH1_PWM_CH1N_OFF
    motor_control.o(i.H1_L3) refers to peripherial_init.o(i.TIM1_CH2_OFF_CH2N_OFF) for TIM1_CH2_OFF_CH2N_OFF
    motor_control.o(i.H1_L3) refers to peripherial_init.o(i.TIM1_CH3_OFF_CH3N_PWM) for TIM1_CH3_OFF_CH3N_PWM
    motor_control.o(i.H2_L1) refers to peripherial_init.o(i.TIM1_CH1_OFF_CH1N_PWM) for TIM1_CH1_OFF_CH1N_PWM
    motor_control.o(i.H2_L1) refers to peripherial_init.o(i.TIM1_CH2_PWM_CH2N_OFF) for TIM1_CH2_PWM_CH2N_OFF
[...]
    i.TIM3_IRQHandler                        0x08003414   Section        0  stm32f4xx_it.o(i.TIM3_IRQHandler)
    i.TIM4_IRQHandler                        0x08003434   Section        0  stm32f4xx_it.o(i.TIM4_IRQHandler)
    i.TIM_ARRPreloadConfig                   0x08003454   Section        0  stm32f4xx_tim.o(i.TIM_ARRPreloadConfig)
    i.TIM_BDTRConfig                         0x0800346c   Section        0  stm32f4xx_tim.o(i.TIM_BDTRConfig)
    i.TIM_ClearFlag                          0x0800348c   Section        0  stm32f4xx_tim.o(i.TIM_ClearFlag)
    i.TIM_ClearITPendingBit                  0x08003492   Section        0  stm32f4xx_tim.o(i.TIM_ClearITPendingBit)
    i.TIM_Cmd                                0x08003498   Section        0  stm32f4xx_tim.o(i.TIM_Cmd)
    i.TIM_CtrlPWMOutputs                     0x080034b0   Section        0  stm32f4xx_tim.o(i.TIM_CtrlPWMOutputs)
    i.TIM_DeInit                             0x080034d0   Section        0  stm32f4xx_tim.o(i.TIM_DeInit)
    i.TIM_EncoderInterfaceConfig             0x08003660   Section        0  stm32f4xx_tim.o(i.TIM_EncoderInterfaceConfig)
    i.TIM_GetITStatus                        0x080036a2   Section        0  stm32f4xx_tim.o(i.TIM_GetITStatus)
    i.TIM_ICInit                             0x080036c4   Section        0  stm32f4xx_tim.o(i.TIM_ICInit)
    i.TIM_ICStructInit                       0x08003732   Section        0  stm32f4xx_tim.o(i.TIM_ICStructInit)
    i.TIM_ITConfig                           0x08003744   Section        0  stm32f4xx_tim.o(i.TIM_ITConfig)
    i.TIM_OC1Init                            0x08003758   Section        0  stm32f4xx_tim.o(i.TIM_OC1Init)
    i.TIM_OC1PreloadConfig                   0x080037d4   Section        0  stm32f4xx_tim.o(i.TIM_OC1PreloadConfig)
    i.TIM_OC2Init                            0x080037e8   Section        0  stm32f4xx_tim.o(i.TIM_OC2Init)
    i.TIM_OC2PreloadConfig                   0x0800388c   Section        0  stm32f4xx_tim.o(i.TIM_OC2PreloadConfig)
    i.TIM_OC3Init                            0x080038a8   Section        0  stm32f4xx_tim.o(i.TIM_OC3Init)
    i.TIM_OC3PreloadConfig                   0x08003948   Section        0  stm32f4xx_tim.o(i.TIM_OC3PreloadConfig)
    i.TIM_OCStructInit                       0x0800395a   Section        0  stm32f4xx_tim.o(i.TIM_OCStructInit)
    i.TIM_SelectHallSensor                   0x0800396e   Section        0  stm32f4xx_tim.o(i.TIM_SelectHallSensor)
    i.TIM_SetIC1Prescaler                    0x08003986   Section        0  stm32f4xx_tim.o(i.TIM_SetIC1Prescaler)
    i.TIM_SetIC2Prescaler                    0x08003998   Section        0  stm32f4xx_tim.o(i.TIM_SetIC2Prescaler)
    i.TIM_SetIC3Prescaler                    0x080039b2   Section        0  stm32f4xx_tim.o(i.TIM_SetIC3Prescaler)
    i.TIM_SetIC4Prescaler                    0x080039c4   Section        0  stm32f4xx_tim.o(i.TIM_SetIC4Prescaler)
    i.TIM_TimeBaseInit                       0x080039e0   Section        0  stm32f4xx_tim.o(i.TIM_TimeBaseInit)
    i.TIM_TimeBaseStructInit                 0x08003a64   Section        0  stm32f4xx_tim.o(i.TIM_TimeBaseStructInit)
    i.Timer1_Config                          0x08003a78   Section        0  peripherial_init.o(i.Timer1_Config)
    i.Timer2_Config                          0x08003b84   Section        0  peripherial_init.o(i.Timer2_Config)
    i.Timer3_Config                          0x08003bdc   Section        0  peripherial_init.o(i.Timer3_Config)
    i.Timer4_Config                          0x08003c9c   Section        0  peripherial_init.o(i.Timer4_Config)
    i.Timer5_Config                          0x08003d30   Section        0  peripherial_init.o(i.Timer5_Config)
    i.UsageFault_Handler                     0x08003d32   Section        0  stm32f4xx_it.o(i.UsageFault_Handler)
    i.__hardfp_fabs                          0x08003d36   Section        0  fabs.o(i.__hardfp_fabs)
    i.delay_us                               0x08003d4a   Section        0  delay.o(i.delay_us)
    i.main                                   0x08003d84   Section        0  main.o(i.main)
    x$fpl$d2f                                0x08003df0   Section      708  d2f_clz.o(x$fpl$d2f)
    $v0                                      0x08003df0   Number         0  d2f_clz.o(x$fpl$d2f)
    x$fpl$dfltn                              0x080040b4   Section       26  dflt_clz.o(x$fpl$dfltn)
    $v0                                      0x080040b4   Number         0  dflt_clz.o(x$fpl$dfltn)
    x$fpl$dnaninf                            0x080040ce   Section      258  dnaninf.o(x$fpl$dnaninf)
    $v0                                      0x080040ce   Number         0  dnaninf.o(x$fpl$dnaninf)
    x$fpl$drenorm                            0x080041d0   Section      112  drenorm_clz.o(x$fpl$drenorm)
    $v0                                      0x080041d0   Number         0  drenorm_clz.o(x$fpl$drenorm)
    x$fpl$dretinf                            0x08004240   Section       12  dretinf.o(x$fpl$dretinf)
    $v0                                      0x08004240   Number         0  dretinf.o(x$fpl$dretinf)
    x$fpl$dunder                             0x0800424c   Section      378  dunder_clz.o(x$fpl$dunder)
    $v0                                      0x0800424c   Number         0  dunder_clz.o(x$fpl$dunder)
    x$fpl$exception                          0x080043c8   Section      492  except.o(x$fpl$exception)
    $v0                                      0x080043c8   Number         0  except.o(x$fpl$exception)
    x$fpl$f2d                                0x080045b4   Section      122  f2d.o(x$fpl$f2d)
    $v0                                      0x080045b4   Number         0  f2d.o(x$fpl$f2d)
    x$fpl$fnaninf                            0x0800462e   Section      242  fnaninf.o(x$fpl$fnaninf)
    $v0                                      0x0800462e   Number         0  fnaninf.o(x$fpl$fnaninf)
    x$fpl$fpinit                             0x08004720   Section       10  fpinit.o(x$fpl$fpinit)
    $v0                                      0x08004720   Number         0  fpinit.o(x$fpl$fpinit)
    x$fpl$fretinf                            0x0800472a   Section       10  fretinf.o(x$fpl$fretinf)
    $v0                                      0x0800472a   Number         0  fretinf.o(x$fpl$fretinf)
    x$fpl$funder                             0x08004734   Section      316  funder_clz.o(x$fpl$funder)
    $v0                                      0x08004734   Number         0  funder_clz.o(x$fpl$funder)
    x$fpl$retnan                             0x08004870   Section      178  retnan.o(x$fpl$retnan)
    $v0                                      0x08004870   Number         0  retnan.o(x$fpl$retnan)
    x$fpl$trapveneer                         0x08004922   Section      126  trapv.o(x$fpl$trapveneer)
    $v0                                      0x08004922   Number         0  trapv.o(x$fpl$trapveneer)
    .constdata                               0x080049a0   Section      116  os_dbg.o(.constdata)
    x$fpl$usenofp                            0x080049a0   Section        0  usenofp.o(x$fpl$usenofp)
    .constdata                               0x08004a14   Section      256  os_core.o(.constdata)
    .constdata                               0x08004b14   Section     2052  arm_common_tables.o(.constdata)
    .data                                    0x20000000   Section        8  main.o(.data)
    .data                                    0x20000008   Section       64  motor_control.o(.data)
    .data                                    0x20000048   Section       12  stm32f4xx_it.o(.data)
    .data                                    0x20000054   Section        4  global_parameters.o(.data)
    .data                                    0x20000058   Section        4  os_cpu_c.o(.data)
    .data                                    0x2000005c   Section       76  os_core.o(.data)
    .bss                                     0x200000a8   Section     2816  main.o(.bss)
    .bss                                     0x20000ba8   Section      360  global_parameters.o(.bss)
    .bss                                     0x20000d10   Section      512  os_cpu_c.o(.bss)
    .bss                                     0x20000f10   Section     5352  os_core.o(.bss)
    .bss                                     0x200023f8   Section       96  libspace.o(.bss)
    HEAP                                     0x20002458   Section      512  startup_stm32f40xx.o(HEAP)
    Heap_Mem                                 0x20002458   Data         512  startup_stm32f40xx.o(HEAP)
    STACK                                    0x20002658   Section     1024  startup_stm32f40xx.o(STACK)
    Stack_Mem                                0x20002658   Data        1024  startup_stm32f40xx.o(STACK)
    __initial_sp                             0x20002a58   Data           0  startup_stm32f40xx.o(STACK)

    Global Symbols

    Symbol Name                              Value     Ov Type        Size  Object(Section)

    BuildAttributes$$THM_ISAv4$E$P$D$K$B$S$7EM$VFPi3$EXTD16$VFPS$VFMA$PE$A:L22UL41UL21$X:L11$S22US41US21$IEEE1$IW$USESV6$~STKCKD$USESV7$~SHL$OTIME$ROPI$IEEEX$EBA8$UX$STANDARDLIB$REQ8$PRES8$EABIv2 0x00000000   Number         0  anon$$obj.o ABSOLUTE
    __ARM_use_no_argv                        0x00000000   Number         0  main.o ABSOLUTE
    __ARM_exceptions_init                     - Undefined Weak Reference
    __alloca_initialize                       - Undefined Weak Reference
    __arm_preinit_                            - Undefined Weak Reference
    __cpp_initialize__aeabi_                  - Undefined Weak Reference
    __cxa_finalize                            - Undefined Weak Reference
    __rt_locale                               - Undefined Weak Reference
    __sigvec_lookup                           - Undefined Weak Reference
    _atexit_init                              - Undefined Weak Reference
    _call_atexit_fns                          - Undefined Weak Reference
    _clock_init                               - Undefined Weak Reference
    _fp_trap_big                              - Undefined Weak Reference
    _fp_trap_init                             - Undefined Weak Reference
    _fp_trap_shutdown                         - Undefined Weak Reference
    _get_lc_collate                           - Undefined Weak Reference
    _get_lc_ctype                             - Undefined Weak Reference
    _get_lc_monetary                          - Undefined Weak Reference
    _get_lc_numeric                           - Undefined Weak Reference
    _get_lc_time                              - Undefined Weak Reference
    _getenv_init                              - Undefined Weak Reference
    _handle_redirection                       - Undefined Weak Reference
    _init_alloc                               - Undefined Weak Reference
    _init_user_alloc                          - Undefined Weak Reference
    _initio                                   - Undefined Weak Reference
    _rand_init                                - Undefined Weak Reference
    _signal_finish                            - Undefined Weak Reference
    _signal_init                              - Undefined Weak Reference
    _terminate_alloc                          - Undefined Weak Reference
    _terminate_user_alloc                     - Undefined Weak Reference
    _terminateio                              - Undefined Weak Reference
    __Vectors_Size                           0x00000188   Number         0  startup_stm32f40xx.o ABSOLUTE
    __Vectors                                0x08000000   Data           4  startup_stm32f40xx.o(RESET)
    __Vectors_End                            0x08000188   Data           0  startup_stm32f40xx.o(RESET)
    __main                                   0x08000189   Thumb Code     8  __main.o(!!!main)
    __scatterload                            0x08000191   Thumb Code     0  __scatter.o(!!!scatter)
    __scatterload_rt2                        0x08000191   Thumb Code    44  __scatter.o(!!!scatter)
    __scatterload_rt2_thumb_only             0x08000191   Thumb Code     0  __scatter.o(!!!scatter)
    __scatterload_null                       0x0800019f   Thumb Code     0  __scatter.o(!!!scatter)
    __scatterload_copy                       0x080001c5   Thumb Code    26  __scatter_copy.o(!!handler_copy)
    __scatterload_zeroinit                   0x080001e1   Thumb Code    28  __scatter_zi.o(!!handler_zi)
    __rt_lib_init                            0x080001fd   Thumb Code     0  libinit.o(.ARM.Collect$$libinit$$00000000)
    __rt_lib_init_fp_1                       0x080001ff   Thumb Code     0  libinit2.o(.ARM.Collect$$libinit$$00000001)
    __rt_lib_init_alloca_1                   0x08000203   Thumb Code     0  libinit2.o(.ARM.Collect$$libinit$$0000002E)
    __rt_lib_init_argv_1                     0x08000203   Thumb Code     0  libinit2.o(.ARM.Collect$$libinit$$0000002C)
    __rt_lib_init_atexit_1                   0x08000203   Thumb Code     0  libinit2.o(.ARM.Collect$$libinit$$0000001B)
    __rt_lib_init_clock_1                    0x08000203   Thumb Code     0  libinit2.o(.ARM.Collect$$libinit$$00000021)
    __rt_lib_init_cpp_1                      0x08000203   Thumb Code     0  libinit2.o(.ARM.Collect$$libinit$$00000032)
    __rt_lib_init_exceptions_1               0x08000203   Thumb Code     0  libinit2.o(.ARM.Collect$$libinit$$00000030)
    __rt_lib_init_fp_trap_1                  0x08000203   Thumb Code     0  libinit2.o(.ARM.Collect$$libinit$$0000001F)
    __rt_lib_init_getenv_1                   0x08000203   Thumb Code     0  libinit2.o(.ARM.Collect$$libinit$$00000023)
    __rt_lib_init_heap_1                     0x08000203   Thumb Code     0  libinit2.o(.ARM.Collect$$libinit$$0000000A)
    __rt_lib_init_lc_collate_1               0x08000203   Thumb Code     0  libinit2.o(.ARM.Collect$$libinit$$00000011)
    __rt_lib_init_lc_ctype_1                 0x08000203   Thumb Code     0  libinit2.o(.ARM.Collect$$libinit$$00000013)
    __rt_lib_init_lc_monetary_1              0x08000203   Thumb Code     0  libinit2.o(.ARM.Collect$$libinit$$00000015)
    __rt_lib_init_lc_numeric_1               0x08000203   Thumb Code     0  libinit2.o(.ARM.Collect$$libinit$$00000017)
    __rt_lib_init_lc_time_1                  0x08000203   Thumb Code     0  libinit2.o(.ARM.Collect$$libinit$$00000019)
    __rt_lib_init_preinit_1                  0x08000203   Thumb Code     0  libinit2.o(.ARM.Collect$$libinit$$00000004)
    __rt_lib_init_rand_1                     0x08000203   Thumb Code     0  libinit2.o(.ARM.Collect$$libinit$$0000000E)
    __rt_lib_init_return                     0x08000203   Thumb Code     0  libinit2.o(.ARM.Collect$$libinit$$00000033)
    __rt_lib_init_signal_1                   0x08000203   Thumb Code     0  libinit2.o(.ARM.Collect$$libinit$$0000001D)
    __rt_lib_init_stdio_1                    0x08000203   Thumb Code     0  libinit2.o(.ARM.Collect$$libinit$$00000025)
    __rt_lib_init_user_alloc_1               0x08000203   Thumb Code     0  libinit2.o(.ARM.Collect$$libinit$$0000000C)
    __rt_lib_shutdown                        0x08000205   Thumb Code     0  libshutdown.o(.ARM.Collect$$libshutdown$$00000000)
    __rt_lib_shutdown_fp_trap_1              0x08000207   Thumb Code     0  libshutdown2.o(.ARM.Collect$$libshutdown$$00000006)
    __rt_lib_shutdown_heap_1                 0x08000207   Thumb Code     0  libshutdown2.o(.ARM.Collect$$libshutdown$$0000000E)
    __rt_lib_shutdown_return                 0x08000207   Thumb Code     0  libshutdown2.o(.ARM.Collect$$libshutdown$$0000000F)
    __rt_lib_shutdown_signal_1               0x08000207   Thumb Code     0  libshutdown2.o(.ARM.Collect$$libshutdown$$00000009)
    __rt_lib_shutdown_stdio_1                0x08000207   Thumb Code     0  libshutdown2.o(.ARM.Collect$$libshutdown$$00000003)
    __rt_lib_shutdown_user_alloc_1           0x08000207   Thumb Code     0  libshutdown2.o(.ARM.Collect$$libshutdown$$0000000B)
    __rt_entry                               0x08000209   Thumb Code     0  __rtentry.o(.ARM.Collect$$rtentry$$00000000)
    __rt_entry_presh_1                       0x08000209   Thumb Code     0  __rtentry2.o(.ARM.Collect$$rtentry$$00000002)
    __rt_entry_sh                            0x08000209   Thumb Code     0  __rtentry4.o(.ARM.Collect$$rtentry$$00000004)
    __rt_entry_li                            0x0800020f   Thumb Code     0  __rtentry2.o(.ARM.Collect$$rtentry$$0000000A)
    __rt_entry_postsh_1                      0x0800020f   Thumb Code     0  __rtentry2.o(.ARM.Collect$$rtentry$$00000009)
    __rt_entry_main                          0x08000213   Thumb Code     0  __rtentry2.o(.ARM.Collect$$rtentry$$0000000D)
    __rt_entry_postli_1                      0x08000213   Thumb Code     0  __rtentry2.o(.ARM.Collect$$rtentry$$0000000C)
    __rt_exit                                0x0800021b   Thumb Code     0  rtexit.o(.ARM.Collect$$rtexit$$00000000)
    __rt_exit_ls                             0x0800021d   Thumb Code     0  rtexit2.o(.ARM.Collect$$rtexit$$00000003)
    __rt_exit_prels_1                        0x0800021d   Thumb Code     0  rtexit2.o(.ARM.Collect$$rtexit$$00000002)
    __rt_exit_exit                           0x08000221   Thumb Code     0  rtexit2.o(.ARM.Collect$$rtexit$$00000004)
    Reset_Handler                            0x08000229   Thumb Code    40  startup_stm32f40xx.o(.text)
    ADC_IRQHandler                           0x08000263   Thumb Code     0  startup_stm32f40xx.o(.text)
    CAN1_RX0_IRQHandler                      0x08000263   Thumb Code     0  startup_stm32f40xx.o(.text)
    CAN1_RX1_IRQHandler                      0x08000263   Thumb Code     0  startup_stm32f40xx.o(.text)
    CAN1_SCE_IRQHandler                      0x08000263   Thumb Code     0  startup_stm32f40xx.o(.text)
    CAN1_TX_IRQHandler                       0x08000263   Thumb Code     0  startup_stm32f40xx.o(.text)
    CAN2_RX0_IRQHandler                      0x08000263   Thumb Code     0  startup_stm32f40xx.o(.text)
    CAN2_RX1_IRQHandler                      0x08000263   Thumb Code     0  startup_stm32f40xx.o(.text)
    CAN2_SCE_IRQHandler                      0x08000263   Thumb Code     0  startup_stm32f40xx.o(.text)
    CAN2_TX_IRQHandler                       0x08000263   Thumb Code     0  startup_stm32f40xx.o(.text)
    CRYP_IRQHandler                          0x08000263   Thumb Code     0  startup_stm32f40xx.o(.text)
    DCMI_IRQHandler                          0x08000263   Thumb Code     0  startup_stm32f40xx.o(.text)
    DMA1_Stream0_IRQHandler                  0x08000263   Thumb Code     0  startup_stm32f40xx.o(.text)
    DMA1_Stream1_IRQHandler                  0x08000263   Thumb Code     0  startup_stm32f40xx.o(.text)
    DMA1_Stream2_IRQHandler                  0x08000263   Thumb Code     0  startup_stm32f40xx.o(.text)
    DMA1_Stream3_IRQHandler                  0x08000263   Thumb Code     0  startup_stm32f40xx.o(.text)
    DMA1_Stream4_IRQHandler                  0x08000263   Thumb Code     0  startup_stm32f40xx.o(.text)
    DMA1_Stream5_IRQHandler                  0x08000263   Thumb Code     0  startup_stm32f40xx.o(.text)
    DMA1_Stream6_IRQHandler                  0x08000263   Thumb Code     0  startup_stm32f40xx.o(.text)
    DMA1_Stream7_IRQHandler                  0x08000263   Thumb Code     0  startup_stm32f40xx.o(.text)
    DMA2_Stream1_IRQHandler                  0x08000263   Thumb Code     0  startup_stm32f40xx.o(.text)
    DMA2_Stream2_IRQHandler                  0x08000263   Thumb Code     0  startup_stm32f40xx.o(.text)
    DMA2_Stream3_IRQHandler                  0x08000263   Thumb Code     0  startup_stm32f40xx.o(.text)
    DMA2_Stream4_IRQHandler                  0x08000263   Thumb Code     0  startup_stm32f40xx.o(.text)
    DMA2_Stream5_IRQHandler                  0x08000263   Thumb Code     0  startup_stm32f40xx.o(.text)
    DMA2_Stream6_IRQHandler                  0x08000263   Thumb Code     0  startup_stm32f40xx.o(.text)
    DMA2_Stream7_IRQHandler                  0x08000263   Thumb Code     0  startup_stm32f40xx.o(.text)
    ETH_IRQHandler                           0x08000263   Thumb Code     0  startup_stm32f40xx.o(.text)
    ETH_WKUP_IRQHandler                      0x08000263   Thumb Code     0  startup_stm32f40xx.o(.text)
    EXTI0_IRQHandler                         0x08000263   Thumb Code     0  startup_stm32f40xx.o(.text)
    EXTI15_10_IRQHandler                     0x08000263   Thumb Code     0  startup_stm32f40xx.o(.text)
    EXTI1_IRQHandler                         0x08000263   Thumb Code     0  startup_stm32f40xx.o(.text)
    EXTI2_IRQHandler                         0x08000263   Thumb Code     0  startup_stm32f40xx.o(.text)
    EXTI3_IRQHandler                         0x08000263   Thumb Code     0  startup_stm32f40xx.o(.text)
    EXTI4_IRQHandler                         0x08000263   Thumb Code     0  startup_stm32f40xx.o(.text)
    EXTI9_5_IRQHandler                       0x08000263   Thumb Code     0  startup_stm32f40xx.o(.text)
    FLASH_IRQHandler                         0x08000263   Thumb Code     0  startup_stm32f40xx.o(.text)
    FPU_IRQHandler                           0x08000263   Thumb Code     0  startup_stm32f40xx.o(.text)
    FSMC_IRQHandler                          0x08000263   Thumb Code     0  startup_stm32f40xx.o(.text)
    HASH_RNG_IRQHandler                      0x08000263   Thumb Code     0  startup_stm32f40xx.o(.text)
    I2C1_ER_IRQHandler                       0x08000263   Thumb Code     0  startup_stm32f40xx.o(.text)
    I2C1_EV_IRQHandler                       0x08000263   Thumb Code     0  startup_stm32f40xx.o(.text)
    I2C2_ER_IRQHandler                       0x08000263   Thumb Code     0  startup_stm32f40xx.o(.text)
    I2C2_EV_IRQHandler                       0x08000263   Thumb Code     0  startup_stm32f40xx.o(.text)
    I2C3_ER_IRQHandler                       0x08000263   Thumb Code     0  startup_stm32f40xx.o(.text)
    I2C3_EV_IRQHandler                       0x08000263   Thumb Code     0  startup_stm32f40xx.o(.text)
    OTG_FS_IRQHandler                        0x08000263   Thumb Code     0  startup_stm32f40xx.o(.text)
    OTG_FS_WKUP_IRQHandler                   0x08000263   Thumb Code     0  startup_stm32f40xx.o(.text)
    OTG_HS_EP1_IN_IRQHandler                 0x08000263   Thumb Code     0  startup_stm32f40xx.o(.text)
    OTG_HS_EP1_OUT_IRQHandler                0x08000263   Thumb Code     0  startup_stm32f40xx.o(.text)
    OTG_HS_IRQHandler                        0x08000263   Thumb Code     0  startup_stm32f40xx.o(.text)
    OTG_HS_WKUP_IRQHandler                   0x08000263   Thumb Code     0  startup_stm32f40xx.o(.text)
    PVD_IRQHandler                           0x08000263   Thumb Code     0  startup_stm32f40xx.o(.text)
    RCC_IRQHandler                           0x08000263   Thumb Code     0  startup_stm32f40xx.o(.text)
    RTC_Alarm_IRQHandler                     0x08000263   Thumb Code     0  startup_stm32f40xx.o(.text)
    RTC_WKUP_IRQHandler                      0x08000263   Thumb Code     0  startup_stm32f40xx.o(.text)
    SDIO_IRQHandler                          0x08000263   Thumb Code     0  startup_stm32f40xx.o(.text)
    SPI1_IRQHandler                          0x08000263   Thumb Code     0  startup_stm32f40xx.o(.text)
    SPI2_IRQHandler                          0x08000263   Thumb Code     0  startup_stm32f40xx.o(.text)
    SPI3_IRQHandler                          0x08000263   Thumb Code     0  startup_stm32f40xx.o(.text)
    TAMP_STAMP_IRQHandler                    0x08000263   Thumb Code     0  startup_stm32f40xx.o(.text)
    TIM1_BRK_TIM9_IRQHandler                 0x08000263   Thumb Code     0  startup_stm32f40xx.o(.text)
    TIM1_CC_IRQHandler                       0x08000263   Thumb Code     0  startup_stm32f40xx.o(.text)
    TIM1_TRG_COM_TIM11_IRQHandler            0x08000263   Thumb Code     0  startup_stm32f40xx.o(.text)
    TIM5_IRQHandler                          0x08000263   Thumb Code     0  startup_stm32f40xx.o(.text)
    TIM6_DAC_IRQHandler                      0x08000263   Thumb Code     0  startup_stm32f40xx.o(.text)
    TIM7_IRQHandler                          0x08000263   Thumb Code     0  startup_stm32f40xx.o(.text)
    TIM8_BRK_TIM12_IRQHandler                0x08000263   Thumb Code     0  startup_stm32f40xx.o(.text)
    TIM8_CC_IRQHandler                       0x08000263   Thumb Code     0  startup_stm32f40xx.o(.text)
    TIM8_TRG_COM_TIM14_IRQHandler            0x08000263   Thumb Code     0  startup_stm32f40xx.o(.text)
    TIM8_UP_TIM13_IRQHandler                 0x08000263   Thumb Code     0  startup_stm32f40xx.o(.text)
    UART4_IRQHandler                         0x08000263   Thumb Code     0  startup_stm32f40xx.o(.text)
    UART5_IRQHandler                         0x08000263   Thumb Code     0  startup_stm32f40xx.o(.text)
    USART1_IRQHandler                        0x08000263   Thumb Code     0  startup_stm32f40xx.o(.text)
    USART2_IRQHandler                        0x08000263   Thumb Code     0  startup_stm32f40xx.o(.text)
    USART3_IRQHandler                        0x08000263   Thumb Code     0  startup_stm32f40xx.o(.text)
    USART6_IRQHandler                        0x08000263   Thumb Code     0  startup_stm32f40xx.o(.text)
    WWDG_IRQHandler                          0x08000263   Thumb Code     0  startup_stm32f40xx.o(.text)
    __user_initial_stackheap                 0x08000265   Thumb Code     0  startup_stm32f40xx.o(.text)
    OS_CPU_FP_Reg_Push                       0x08000291   Thumb Code     0  os_cpu_a.o(.text)
    OS_CPU_FP_Reg_Pop                        0x080002ab   Thumb Code     0  os_cpu_a.o(.text)
    OS_CPU_SR_Save                           0x080002bd   Thumb Code     0  os_cpu_a.o(.text)
    OS_CPU_SR_Restore                        0x080002c5   Thumb Code     0  os_cpu_a.o(.text)
    OSStartHighRdy                           0x080002cb   Thumb Code     0  os_cpu_a.o(.text)
    OSCtxSw                                  0x080002f3   Thumb Code     0  os_cpu_a.o(.text)
    OSIntCtxSw                               0x080002fd   Thumb Code     0  os_cpu_a.o(.text)
    OS_CPU_PendSVHandler                     0x08000307   Thumb Code     0  os_cpu_a.o(.text)
    arm_sin_f32                              0x08000379   Thumb Code   104  arm_sin_f32.o(.text)
    __use_two_region_memory                  0x080003ed   Thumb Code     2  heapauxi.o(.text)
    __rt_heap_escrow$2region                 0x080003ef   Thumb Code     2  heapauxi.o(.text)
    __rt_heap_expand$2region                 0x080003f1   Thumb Code     2  heapauxi.o(.text)
    _fp_trap                                 0x080003f5   Thumb Code    44  _fptrap.o(.text)
    __user_setup_stackheap                   0x08000425   Thumb Code    74  sys_stackheap_outer.o(.text)
    exit                                     0x0800046f   Thumb Code    12  exit.o(.text)
    __rt_SIGFPE                              0x0800047b   Thumb Code    14  defsig_fpe_outer.o(.text)
    __user_libspace                          0x08000489   Thumb Code     8  libspace.o(.text)
    __user_perproc_libspace                  0x08000489   Thumb Code     0  libspace.o(.text)
    __user_perthread_libspace                0x08000489   Thumb Code     0  libspace.o(.text)
    __sig_exit                               0x08000491   Thumb Code    10  defsig_exit.o(.text)
    __rt_SIGFPE_inner                        0x0800049d   Thumb Code    62  defsig_fpe_inner.o(.text)
    _sys_exit                                0x08000549   Thumb Code     8  sys_exit.o(.text)
    __default_signal_display                 0x08000555   Thumb Code    50  defsig_general.o(.text)
    _ttywrch                                 0x08000587   Thumb Code    14  sys_wrch.o(.text)
    __I$use$semihosting                      0x08000595   Thumb Code     0  use_no_semi.o(.text)
    __use_no_semihosting_swi                 0x08000595   Thumb Code     2  use_no_semi.o(.text)
    ADC_Cmd                                  0x08000597   Thumb Code    22  stm32f4xx_adc.o(i.ADC_Cmd)
    __semihosting_library_function           0x08000597   Thumb Code     0  indicate_semi.o(.text)
    ADC_CommonInit                           0x080005ad   Thumb Code    34  stm32f4xx_adc.o(i.ADC_CommonInit)
    ADC_DMACmd                               0x080005dd   Thumb Code    22  stm32f4xx_adc.o(i.ADC_DMACmd)
    ADC_DMARequestAfterLastTransferCmd       0x080005f3   Thumb Code    22  stm32f4xx_adc.o(i.ADC_DMARequestAfterLastTransferCmd)
    ADC_DMA_Config                           0x08000609   Thumb Code   254  peripherial_init.o(i.ADC_DMA_Config)
    ADC_DeInit                               0x08000715   Thumb Code    22  stm32f4xx_adc.o(i.ADC_DeInit)
    ADC_Init                                 0x0800072d   Thumb Code    74  stm32f4xx_adc.o(i.ADC_Init)
    ADC_RegularChannelConfig                 0x08000781   Thumb Code   184  stm32f4xx_adc.o(i.ADC_RegularChannelConfig)
    ADC_SoftwareStartConv                    0x08000839   Thumb Code    10  stm32f4xx_adc.o(i.ADC_SoftwareStartConv)
    BrakeControl                             0x08000921   Thumb Code    42  peripherial_init.o(i.BrakeControl)
    BusFault_Handler                         0x08000951   Thumb Code     4  stm32f4xx_it.o(i.BusFault_Handler)
    CurrentFilterDataInit                    0x08000955   Thumb Code    66  global_parameters.o(i.CurrentFilterDataInit)
    CurrentLoopRefresh_TIM_Halt              0x080009a1   Thumb Code    18  motor_control.o(i.CurrentLoopRefresh_TIM_Halt)
    CurrentLoopRefresh_TIM_Start             0x080009bd   Thumb Code    18  motor_control.o(i.CurrentLoopRefresh_TIM_Start)
    Current_Average_X8_Filter                0x080009d9   Thumb Code   112  current_filter.o(i.Current_Average_X8_Filter)
    Current_Filter_Init                      0x08000a51   Thumb Code    18  current_filter.o(i.Current_Filter_Init)
    Current_PID_Cal                          0x08000a69   Thumb Code   164  motor_control.o(i.Current_PID_Cal)
    DAC_Cmd                                  0x08000b29   Thumb Code    34  stm32f4xx_dac.o(i.DAC_Cmd)
    DAC_Config                               0x08000b51   Thumb Code    90  peripherial_init.o(i.DAC_Config)
    DAC_Init                                 0x08000bb1   Thumb Code    46  stm32f4xx_dac.o(i.DAC_Init)
    DAC_SetChannel1Data                      0x08000be5   Thumb Code    26  stm32f4xx_dac.o(i.DAC_SetChannel1Data)
    DMA2_Stream0_IRQHandler                  0x08000c05   Thumb Code    54  stm32f4xx_it.o(i.DMA2_Stream0_IRQHandler)
    DMA_ClearITPendingBit                    0x08000c4d   Thumb Code    38  stm32f4xx_dma.o(i.DMA_ClearITPendingBit)
    DMA_Cmd                                  0x08000c81   Thumb Code    22  stm32f4xx_dma.o(i.DMA_Cmd)
    DMA_DeInit                               0x08000c99   Thumb Code   324  stm32f4xx_dma.o(i.DMA_DeInit)
    DMA_GetITStatus                          0x08000df1   Thumb Code    82  stm32f4xx_dma.o(i.DMA_GetITStatus)
    DMA_ITConfig                             0x08000e55   Thumb Code    58  stm32f4xx_dma.o(i.DMA_ITConfig)
    DMA_Init                                 0x08000e91   Thumb Code    82  stm32f4xx_dma.o(i.DMA_Init)
    DebugMon_Handler                         0x08000ee9   Thumb Code     2  stm32f4xx_it.o(i.DebugMon_Handler)
    EncoderDataInit                          0x08000eed   Thumb Code    32  global_parameters.o(i.EncoderDataInit)
    GPIO_Config                              0x08000f15   Thumb Code   542  peripherial_init.o(i.GPIO_Config)
    GPIO_Init                                0x08001141   Thumb Code   144  stm32f4xx_gpio.o(i.GPIO_Init)
    GPIO_PinAFConfig                         0x080011d1   Thumb Code    70  stm32f4xx_gpio.o(i.GPIO_PinAFConfig)
    GPIO_ResetBits                           0x08001217   Thumb Code     4  stm32f4xx_gpio.o(i.GPIO_ResetBits)
    GPIO_StructInit                          0x0800121b   Thumb Code    18  stm32f4xx_gpio.o(i.GPIO_StructInit)
    H1_L2                                    0x0800122d   Thumb Code    16  motor_control.o(i.H1_L2)
    H1_L3                                    0x0800123d   Thumb Code    16  motor_control.o(i.H1_L3)
    H2_L1                                    0x0800124d   Thumb Code    16  motor_control.o(i.H2_L1)
    H2_L3                                    0x0800125d   Thumb Code    16  motor_control.o(i.H2_L3)
    H3_L1                                    0x0800126d   Thumb Code    16  motor_control.o(i.H3_L1)
    H3_L2                                    0x0800127d   Thumb Code    16  motor_control.o(i.H3_L2)
    Hall_Convert                             0x0800128d   Thumb Code    36  motor_control.o(i.Hall_Convert)
    Hall_State_Read                          0x080012bd   Thumb Code    10  motor_control.o(i.Hall_State_Read)
    HardFault_Handler                        0x080012cd   Thumb Code     4  stm32f4xx_it.o(i.HardFault_Handler)
    IR2130S_force_reset                      0x080012d1   Thumb Code    16  motor_control.o(i.IR2130S_force_reset)
    Increment_PID_Cal                        0x080012e1   Thumb Code   222  motor_control.o(i.Increment_PID_Cal)
    LED_OFF                                  0x080013c1   Thumb Code    16  peripherial_init.o(i.LED_OFF)
    LED_ON                                   0x080013d5   Thumb Code    14  peripherial_init.o(i.LED_ON)
    LED_Task                                 0x080013e9   Thumb Code    38  app.o(i.LED_Task)
    MemManage_Handler                        0x0800140f   Thumb Code     4  stm32f4xx_it.o(i.MemManage_Handler)
    MotorCtrlDataInit                        0x08001415   Thumb Code    62  global_parameters.o(i.MotorCtrlDataInit)
    NMI_Handler                              0x0800145d   Thumb Code     2  stm32f4xx_it.o(i.NMI_Handler)
    NULL_Switch                              0x0800145f   Thumb Code     2  motor_control.o(i.NULL_Switch)
    NVIC_Config                              0x08001461   Thumb Code   146  peripherial_init.o(i.NVIC_Config)
    NVIC_Init                                0x080014f5   Thumb Code   106  misc.o(i.NVIC_Init)
    NVIC_PriorityGroupConfig                 0x0800156d   Thumb Code    10  misc.o(i.NVIC_PriorityGroupConfig)
    OSDebugInit                              0x08001581   Thumb Code    96  os_dbg.o(i.OSDebugInit)
    OSInit                                   0x08001699   Thumb Code    52  os_core.o(i.OSInit)
    OSInitHookBegin                          0x080016cd   Thumb Code    34  os_cpu_c.o(i.OSInitHookBegin)
    OSInitHookEnd                            0x080016fd   Thumb Code     2  os_cpu_c.o(i.OSInitHookEnd)
    OSIntExit                                0x08001701   Thumb Code   112  os_core.o(i.OSIntExit)
    OSSemCreate                              0x08001791   Thumb Code    72  os_sem.o(i.OSSemCreate)
    OSStart                                  0x080017e5   Thumb Code    48  os_core.o(i.OSStart)
    OSStatInit                               0x0800182d   Thumb Code    62  os_core.o(i.OSStatInit)
    OSTCBInitHook                            0x08001879   Thumb Code     2  os_cpu_c.o(i.OSTCBInitHook)
    OSTaskCreateExt                          0x0800187d   Thumb Code   170  os_task.o(i.OSTaskCreateExt)
    OSTaskCreateHook                         0x08001935   Thumb Code     2  os_cpu_c.o(i.OSTaskCreateHook)
    OSTaskDel                                0x08001939   Thumb Code   310  os_task.o(i.OSTaskDel)
    OSTaskDelHook                            0x08001a9d   Thumb Code     2  os_cpu_c.o(i.OSTaskDelHook)
    OSTaskIdleHook                           0x08001a9f   Thumb Code     2  os_cpu_c.o(i.OSTaskIdleHook)
    OSTaskNameSet                            0x08001aa1   Thumb Code    98  os_task.o(i.OSTaskNameSet)
    OSTaskReturnHook                         0x08001b11   Thumb Code     2  os_cpu_c.o(i.OSTaskReturnHook)
    OSTaskStatHook                           0x08001b13   Thumb Code     2  os_cpu_c.o(i.OSTaskStatHook)
    OSTaskStkChk                             0x08001b15   Thumb Code   128  os_task.o(i.OSTaskStkChk)
    OSTaskStkInit                            0x08001b9d   Thumb Code   484  os_cpu_c.o(i.OSTaskStkInit)
    OSTaskSuspend                            0x08001d85   Thumb Code   154  os_task.o(i.OSTaskSuspend)
    OSTaskSwHook                             0x08001e31   Thumb Code     2  os_cpu_c.o(i.OSTaskSwHook)
    OSTimeDly                                0x08001e35   Thumb Code   102  os_time.o(i.OSTimeDly)
    OSTimeDlyHMSM                            0x08001eb1   Thumb Code    86  os_time.o(i.OSTimeDlyHMSM)
    OSTimeTick                               0x08001f11   Thumb Code   214  os_core.o(i.OSTimeTick)
    OSTimeTickHook                           0x08002001   Thumb Code     2  os_cpu_c.o(i.OSTimeTickHook)
    OS_CPU_SysTickHandler                    0x08002005   Thumb Code    34  os_cpu_c.o(i.OS_CPU_SysTickHandler)
    OS_CPU_SysTickInit                       0x0800202d   Thumb Code    44  os_cpu_c.o(i.OS_CPU_SysTickInit)
    OS_Dummy                                 0x0800205d   Thumb Code     2  os_core.o(i.OS_Dummy)
    OS_EventTaskRemove                       0x0800205f   Thumb Code    48  os_core.o(i.OS_EventTaskRemove)
    OS_EventTaskRemoveMulti                  0x0800208f   Thumb Code    60  os_core.o(i.OS_EventTaskRemoveMulti)
    OS_EventWaitListInit                     0x080020cb   Thumb Code    30  os_core.o(i.OS_EventWaitListInit)
    OS_FlagInit                              0x080020e9   Thumb Code    74  os_flag.o(i.OS_FlagInit)
    OS_FlagUnlink                            0x08002141   Thumb Code    36  os_flag.o(i.OS_FlagUnlink)
    OS_MemClr                                0x08002389   Thumb Code    18  os_core.o(i.OS_MemClr)
    OS_MemInit                               0x0800239d   Thumb Code    74  os_mem.o(i.OS_MemInit)
    OS_QInit                                 0x080023f5   Thumb Code    72  os_q.o(i.OS_QInit)
    OS_Sched                                 0x08002445   Thumb Code    88  os_core.o(i.OS_Sched)
    OS_TCBInit                               0x08002519   Thumb Code   298  os_core.o(i.OS_TCBInit)
    OS_TaskIdle                              0x08002661   Thumb Code    34  os_core.o(i.OS_TaskIdle)
    OS_TaskReturn                            0x08002689   Thumb Code    18  os_task.o(i.OS_TaskReturn)
    OS_TaskStat                              0x080026a1   Thumb Code   140  os_core.o(i.OS_TaskStat)
    OS_TaskStatStkChk                        0x08002741   Thumb Code    54  os_core.o(i.OS_TaskStatStkChk)
    OS_TaskStkClr                            0x0800277d   Thumb Code    26  os_task.o(i.OS_TaskStkClr)
    ParametersInit                           0x08002799   Thumb Code   478  global_parameters.o(i.ParametersInit)
    PositionLoopRefresh_TIM_Start            0x080029c1   Thumb Code    30  motor_control.o(i.PositionLoopRefresh_TIM_Start)
    Position_PID_Cal                         0x080029e5   Thumb Code   108  motor_control.o(i.Position_PID_Cal)
    RCC_AHB1PeriphClockCmd                   0x08002a61   Thumb Code    26  stm32f4xx_rcc.o(i.RCC_AHB1PeriphClockCmd)
    RCC_APB1PeriphClockCmd                   0x08002a81   Thumb Code    26  stm32f4xx_rcc.o(i.RCC_APB1PeriphClockCmd)
    RCC_APB1PeriphResetCmd                   0x08002aa1   Thumb Code    26  stm32f4xx_rcc.o(i.RCC_APB1PeriphResetCmd)
    RCC_APB2PeriphClockCmd                   0x08002ac1   Thumb Code    26  stm32f4xx_rcc.o(i.RCC_APB2PeriphClockCmd)
    RCC_APB2PeriphResetCmd                   0x08002ae1   Thumb Code    26  stm32f4xx_rcc.o(i.RCC_APB2PeriphResetCmd)
    RS485_Task                               0x08002b01   Thumb Code    22  app.o(i.RS485_Task)
    Read_Current_Bias                        0x08002b19   Thumb Code    58  motor_control.o(i.Read_Current_Bias)
    Read_IncEncoder                          0x08002b65   Thumb Code    64  spd_pos_filter.o(i.Read_IncEncoder)
    SVC_Handler                              0x08002bb5   Thumb Code     2  stm32f4xx_it.o(i.SVC_Handler)
    Single_Current_Average_X8_Filter         0x08002ca5   Thumb Code   198  current_filter.o(i.Single_Current_Average_X8_Filter)
    SpeedLoopRefresh_TIM_Start               0x08002d71   Thumb Code    28  motor_control.o(i.SpeedLoopRefresh_TIM_Start)
    Speed_PID_Cal                            0x08002d91   Thumb Code   170  motor_control.o(i.Speed_PID_Cal)
    StateMachine_Task                        0x08002e55   Thumb Code    90  app.o(i.StateMachine_Task)
    SystemInit                               0x08002eb5   Thumb Code    88  system_stm32f4xx.o(i.SystemInit)
    TIM1_CH1_OFF_CH1N_OFF                    0x08003041   Thumb Code    54  peripherial_init.o(i.TIM1_CH1_OFF_CH1N_OFF)
    TIM1_CH1_OFF_CH1N_PWM                    0x0800307d   Thumb Code    50  peripherial_init.o(i.TIM1_CH1_OFF_CH1N_PWM)
    TIM1_CH1_PWM_CH1N_OFF                    0x080030b5   Thumb Code    50  peripherial_init.o(i.TIM1_CH1_PWM_CH1N_OFF)
    TIM1_CH2_OFF_CH2N_OFF                    0x080030ed   Thumb Code    54  peripherial_init.o(i.TIM1_CH2_OFF_CH2N_OFF)
    TIM1_CH2_OFF_CH2N_PWM                    0x08003129   Thumb Code    50  peripherial_init.o(i.TIM1_CH2_OFF_CH2N_PWM)
    TIM1_CH2_PWM_CH2N_OFF                    0x08003161   Thumb Code    50  peripherial_init.o(i.TIM1_CH2_PWM_CH2N_OFF)
    TIM1_CH3_OFF_CH3N_OFF                    0x08003199   Thumb Code    54  peripherial_init.o(i.TIM1_CH3_OFF_CH3N_OFF)
    TIM1_CH3_OFF_CH3N_PWM                    0x080031d5   Thumb Code    50  peripherial_init.o(i.TIM1_CH3_OFF_CH3N_PWM)
    TIM1_CH3_PWM_CH3N_OFF                    0x0800320d   Thumb Code    50  peripherial_init.o(i.TIM1_CH3_PWM_CH3N_OFF)
    TIM1_UP_TIM10_IRQHandler                 0x08003245   Thumb Code   142  stm32f4xx_it.o(i.TIM1_UP_TIM10_IRQHandler)
    TIM2_IRQHandler                          0x080032e5   Thumb Code   266  stm32f4xx_it.o(i.TIM2_IRQHandler)
    TIM3_IRQHandler                          0x08003415   Thumb Code    28  stm32f4xx_it.o(i.TIM3_IRQHandler)
    TIM4_IRQHandler                          0x08003435   Thumb Code    26  stm32f4xx_it.o(i.TIM4_IRQHandler)
    TIM_ARRPreloadConfig                     0x08003455   Thumb Code    24  stm32f4xx_tim.o(i.TIM_ARRPreloadConfig)
    TIM_BDTRConfig                           0x0800346d   Thumb Code    32  stm32f4xx_tim.o(i.TIM_BDTRConfig)
    TIM_ClearFlag                            0x0800348d   Thumb Code     6  stm32f4xx_tim.o(i.TIM_ClearFlag)
    TIM_ClearITPendingBit                    0x08003493   Thumb Code     6  stm32f4xx_tim.o(i.TIM_ClearITPendingBit)
    TIM_Cmd                                  0x08003499   Thumb Code    24  stm32f4xx_tim.o(i.TIM_Cmd)
    TIM_CtrlPWMOutputs                       0x080034b1   Thumb Code    30  stm32f4xx_tim.o(i.TIM_CtrlPWMOutputs)
    TIM_DeInit                               0x080034d1   Thumb Code   346  stm32f4xx_tim.o(i.TIM_DeInit)
    TIM_EncoderInterfaceConfig               0x08003661   Thumb Code    66  stm32f4xx_tim.o(i.TIM_EncoderInterfaceConfig)
    TIM_GetITStatus                          0x080036a3   Thumb Code    34  stm32f4xx_tim.o(i.TIM_GetITStatus)
    TIM_ICInit                               0x080036c5   Thumb Code   110  stm32f4xx_tim.o(i.TIM_ICInit)
    TIM_ICStructInit                         0x08003733   Thumb Code    18  stm32f4xx_tim.o(i.TIM_ICStructInit)
    TIM_ITConfig                             0x08003745   Thumb Code    18  stm32f4xx_tim.o(i.TIM_ITConfig)
    TIM_OC1Init                              0x08003759   Thumb Code   114  stm32f4xx_tim.o(i.TIM_OC1Init)
    TIM_OC1PreloadConfig                     0x080037d5   Thumb Code    18  stm32f4xx_tim.o(i.TIM_OC1PreloadConfig)
    TIM_OC2Init                              0x080037e9   Thumb Code   154  stm32f4xx_tim.o(i.TIM_OC2Init)
    TIM_OC2PreloadConfig                     0x0800388d   Thumb Code    26  stm32f4xx_tim.o(i.TIM_OC2PreloadConfig)
    TIM_OC3Init                              0x080038a9   Thumb Code   150  stm32f4xx_tim.o(i.TIM_OC3Init)
    TIM_OC3PreloadConfig                     0x08003949   Thumb Code    18  stm32f4xx_tim.o(i.TIM_OC3PreloadConfig)
    TIM_OCStructInit                         0x0800395b   Thumb Code    20  stm32f4xx_tim.o(i.TIM_OCStructInit)
    TIM_SelectHallSensor                     0x0800396f   Thumb Code    24  stm32f4xx_tim.o(i.TIM_SelectHallSensor)
    TIM_SetIC1Prescaler                      0x08003987   Thumb Code    18  stm32f4xx_tim.o(i.TIM_SetIC1Prescaler)
    TIM_SetIC2Prescaler                      0x08003999   Thumb Code    26  stm32f4xx_tim.o(i.TIM_SetIC2Prescaler)
    TIM_SetIC3Prescaler                      0x080039b3   Thumb Code    18  stm32f4xx_tim.o(i.TIM_SetIC3Prescaler)
    TIM_SetIC4Prescaler                      0x080039c5   Thumb Code    26  stm32f4xx_tim.o(i.TIM_SetIC4Prescaler)
    TIM_TimeBaseInit                         0x080039e1   Thumb Code   104  stm32f4xx_tim.o(i.TIM_TimeBaseInit)
    TIM_TimeBaseStructInit                   0x08003a65   Thumb Code    18  stm32f4xx_tim.o(i.TIM_TimeBaseStructInit)
    Timer1_Config                            0x08003a79   Thumb Code   264  peripherial_init.o(i.Timer1_Config)
    Timer2_Config                            0x08003b85   Thumb Code    86  peripherial_init.o(i.Timer2_Config)
    Timer3_Config                            0x08003bdd   Thumb Code   186  peripherial_init.o(i.Timer3_Config)
    Timer4_Config                            0x08003c9d   Thumb Code   144  peripherial_init.o(i.Timer4_Config)
    Timer5_Config                            0x08003d31   Thumb Code     2  peripherial_init.o(i.Timer5_Config)
    UsageFault_Handler                       0x08003d33   Thumb Code     4  stm32f4xx_it.o(i.UsageFault_Handler)
    __hardfp_fabs                            0x08003d37   Thumb Code    20  fabs.o(i.__hardfp_fabs)
    delay_us                                 0x08003d4b   Thumb Code    56  delay.o(i.delay_us)
    main                                     0x08003d85   Thumb Code    86  main.o(i.main)
    __aeabi_d2f                              0x08003df1   Thumb Code     0  d2f_clz.o(x$fpl$d2f)
    _d2f                                     0x08003df1   Thumb Code   700  d2f_clz.o(x$fpl$d2f)
    __dflt_normalise                         0x080040b5   Thumb Code    26  dflt_clz.o(x$fpl$dfltn)
    __fpl_dnaninf                            0x080040cf   Thumb Code   258  dnaninf.o(x$fpl$dnaninf)
    __fpl_drenorm2                           0x080041d1   Thumb Code   106  drenorm_clz.o(x$fpl$drenorm)
    __fpl_drenorm1                           0x0800423b   Thumb Code     6  drenorm_clz.o(x$fpl$drenorm)
    __fpl_dretinf                            0x08004241   Thumb Code    12  dretinf.o(x$fpl$dretinf)
    __dunder                                 0x0800424d   Thumb Code   314  dunder_clz.o(x$fpl$dunder)
    __dunder_d                               0x08004387   Thumb Code    64  dunder_clz.o(x$fpl$dunder)
    __fpl_exception                          0x080043c9   Thumb Code   454  except.o(x$fpl$exception)
    __aeabi_f2d                              0x080045b5   Thumb Code     0  f2d.o(x$fpl$f2d)
    _f2d                                     0x080045b5   Thumb Code   122  f2d.o(x$fpl$f2d)
    __fpl_fnaninf                            0x0800462f   Thumb Code   242  fnaninf.o(x$fpl$fnaninf)
    _fp_init                                 0x08004721   Thumb Code    10  fpinit.o(x$fpl$fpinit)
    __fplib_config_fpu_vfp                   0x08004729   Thumb Code     0  fpinit.o(x$fpl$fpinit)
    __fplib_config_pureend_doubles           0x08004729   Thumb Code     0  fpinit.o(x$fpl$fpinit)
    __fpl_fretinf                            0x0800472b   Thumb Code    10  fretinf.o(x$fpl$fretinf)
    __funder                                 0x08004735   Thumb Code   254  funder_clz.o(x$fpl$funder)
    __funder_d                               0x08004833   Thumb Code    62  funder_clz.o(x$fpl$funder)
    __fpl_return_NaN                         0x08004871   Thumb Code   178  retnan.o(x$fpl$retnan)
    _fp_trapveneer                           0x08004923   Thumb Code    36  trapv.o(x$fpl$trapveneer)
    __fpl_cmpreturn                          0x08004947   Thumb Code    90  trapv.o(x$fpl$trapveneer)
    OSDebugEn                                0x080049a0   Data           2  os_dbg.o(.constdata)
    __I$use$fp                               0x080049a0   Number         0  usenofp.o(x$fpl$usenofp)
    OSEndiannessTest                         0x080049a4   Data           4  os_dbg.o(.constdata)
    OSEventEn                                0x080049a8   Data           2  os_dbg.o(.constdata)
    OSEventMax                               0x080049aa   Data           2  os_dbg.o(.constdata)
    OSEventNameEn                            0x080049ac   Data           2  os_dbg.o(.constdata)
    OSEventSize                              0x080049ae   Data           2  os_dbg.o(.constdata)
    OSEventTblSize                           0x080049b0   Data           2  os_dbg.o(.constdata)
    OSEventMultiEn                           0x080049b2   Data           2  os_dbg.o(.constdata)
    OSFlagEn                                 0x080049b4   Data           2  os_dbg.o(.constdata)
    OSFlagGrpSize                            0x080049b6   Data           2  os_dbg.o(.constdata)
    OSFlagNodeSize                           0x080049b8   Data           2  os_dbg.o(.constdata)
    OSFlagWidth                              0x080049ba   Data           2  os_dbg.o(.constdata)
    OSFlagMax                                0x080049bc   Data           2  os_dbg.o(.constdata)
    OSFlagNameEn                             0x080049be   Data           2  os_dbg.o(.constdata)
    OSLowestPrio                             0x080049c0   Data           2  os_dbg.o(.constdata)
    OSMboxEn                                 0x080049c2   Data           2  os_dbg.o(.constdata)
    OSMemEn                                  0x080049c4   Data           2  os_dbg.o(.constdata)
    OSMemMax                                 0x080049c6   Data           2  os_dbg.o(.constdata)
    OSMemNameEn                              0x080049c8   Data           2  os_dbg.o(.constdata)
    OSMemSize                                0x080049ca   Data           2  os_dbg.o(.constdata)
    OSMemTblSize                             0x080049cc   Data           2  os_dbg.o(.constdata)
    OSMutexEn                                0x080049ce   Data           2  os_dbg.o(.constdata)
    OSPtrSize                                0x080049d0   Data           2  os_dbg.o(.constdata)
    OSQEn                                    0x080049d2   Data           2  os_dbg.o(.constdata)
    OSQMax                                   0x080049d4   Data           2  os_dbg.o(.constdata)
    OSQSize                                  0x080049d6   Data           2  os_dbg.o(.constdata)
    OSRdyTblSize                             0x080049d8   Data           2  os_dbg.o(.constdata)
    OSSemEn                                  0x080049da   Data           2  os_dbg.o(.constdata)
    OSStkWidth                               0x080049dc   Data           2  os_dbg.o(.constdata)
    OSTaskCreateEn                           0x080049de   Data           2  os_dbg.o(.constdata)
    OSTaskCreateExtEn                        0x080049e0   Data           2  os_dbg.o(.constdata)
    OSTaskDelEn                              0x080049e2   Data           2  os_dbg.o(.constdata)
    OSTaskIdleStkSize                        0x080049e4   Data           2  os_dbg.o(.constdata)
    OSTaskProfileEn                          0x080049e6   Data           2  os_dbg.o(.constdata)
    OSTaskMax                                0x080049e8   Data           2  os_dbg.o(.constdata)
    OSTaskNameEn                             0x080049ea   Data           2  os_dbg.o(.constdata)
    OSTaskStatEn                             0x080049ec   Data           2  os_dbg.o(.constdata)
    OSTaskStatStkSize                        0x080049ee   Data           2  os_dbg.o(.constdata)
    OSTaskStatStkChkEn                       0x080049f0   Data           2  os_dbg.o(.constdata)
    OSTaskSwHookEn                           0x080049f2   Data           2  os_dbg.o(.constdata)
    OSTaskRegTblSize                         0x080049f4   Data           2  os_dbg.o(.constdata)
    OSTCBPrioTblMax                          0x080049f6   Data           2  os_dbg.o(.constdata)
    OSTCBSize                                0x080049f8   Data           2  os_dbg.o(.constdata)
    OSTicksPerSec                            0x080049fa   Data           2  os_dbg.o(.constdata)
    OSTimeTickHookEn                         0x080049fc   Data           2  os_dbg.o(.constdata)
    OSVersionNbr                             0x080049fe   Data           2  os_dbg.o(.constdata)
    OSTmrEn                                  0x08004a00   Data           2  os_dbg.o(.constdata)
    OSTmrCfgMax                              0x08004a02   Data           2  os_dbg.o(.constdata)
    OSTmrCfgNameEn                           0x08004a04   Data           2  os_dbg.o(.constdata)
    OSTmrCfgWheelSize                        0x08004a06   Data           2  os_dbg.o(.constdata)
    OSTmrCfgTicksPerSec                      0x08004a08   Data           2  os_dbg.o(.constdata)
    OSTmrSize                                0x08004a0a   Data           2  os_dbg.o(.constdata)
    OSTmrTblSize                             0x08004a0c   Data           2  os_dbg.o(.constdata)
    OSTmrWheelSize                           0x08004a0e   Data           2  os_dbg.o(.constdata)
    OSTmrWheelTblSize                        0x08004a10   Data           2  os_dbg.o(.constdata)
    OSDataSize                               0x08004a12   Data           2  os_dbg.o(.constdata)
    OSUnMapTbl                               0x08004a14   Data         256  os_core.o(.constdata)
    sinTable_f32                             0x08004b14   Data        2052  arm_common_tables.o(.constdata)
    Region$$Table$$Base                      0x08005318   Number         0  anon$$obj.o(Region$$Table)
    Region$$Table$$Limit                     0x08005338   Number         0  anon$$obj.o(Region$$Table)
    sem_USART2Rev                            0x20000000   Data           4  main.o(.data)
    sem_USART3Rev                            0x20000004   Data           4  main.o(.data)
    switch_table                             0x20000008   Data          64  motor_control.o(.data)
    step_cnt                                 0x20000048   Data           4  stm32f4xx_it.o(.data)
    sim_trace_current                        0x2000004c   Data           4  stm32f4xx_it.o(.data)
    f_sin                                    0x20000050   Data           4  stm32f4xx_it.o(.data)
    m_sys_state                              0x20000054   Data           2  global_parameters.o(.data)
    m_error                                  0x20000056   Data           2  global_parameters.o(.data)
    OS_CPU_ExceptStkBase                     0x20000058   Data           4  os_cpu_c.o(.data)
    OSCtxSwCtr                               0x2000005c   Data           4  os_core.o(.data)
    OSEventFreeList                          0x20000060   Data           4  os_core.o(.data)
    OSFlagFreeList                           0x20000064   Data           4  os_core.o(.data)
    OSCPUUsage                               0x20000068   Data           1  os_core.o(.data)
    OSIdleCtrMax                             0x2000006c   Data           4  os_core.o(.data)
    OSIdleCtrRun                             0x20000070   Data           4  os_core.o(.data)
    OSStatRdy                                0x20000074   Data           1  os_core.o(.data)
    OSIntNesting                             0x20000075   Data           1  os_core.o(.data)
    OSLockNesting                            0x20000076   Data           1  os_core.o(.data)
    OSPrioCur                                0x20000077   Data           1  os_core.o(.data)
    OSPrioHighRdy                            0x20000078   Data           1  os_core.o(.data)
    OSRdyGrp                                 0x2000007a   Data           2  os_core.o(.data)
    OSRunning                                0x2000007c   Data           1  os_core.o(.data)
    OSTaskCtr                                0x2000007d   Data           1  os_core.o(.data)
    OSIdleCtr                                0x20000080   Data           4  os_core.o(.data)
    OSTCBCur                                 0x20000084   Data           4  os_core.o(.data)
    OSTCBFreeList                            0x20000088   Data           4  os_core.o(.data)
    OSTCBHighRdy                             0x2000008c   Data           4  os_core.o(.data)
    OSTCBList                                0x20000090   Data           4  os_core.o(.data)
    OSTickStepState                          0x20000094   Data           1  os_core.o(.data)
    OSMemFreeList                            0x20000098   Data           4  os_core.o(.data)
    OSQFreeList                              0x2000009c   Data           4  os_core.o(.data)
    OSTaskRegNextAvailID                     0x200000a0   Data           1  os_core.o(.data)
    OSTime                                   0x200000a4   Data           4  os_core.o(.data)
    StateMachine_TASK_STK                    0x200000a8   Data        1024  main.o(.bss)
    RS485_TASK_STK                           0x200004a8   Data         512  main.o(.bss)
    LED_TASK_STK                             0x200006a8   Data         256  main.o(.bss)
    APP_TASK_START_STK                       0x200007a8   Data        1024  main.o(.bss)
    m_motor                                  0x20000ba8   Data          56  global_parameters.o(.bss)
    m_motor_rt_para                          0x20000be0   Data          80  global_parameters.o(.bss)
    m_motor_ctrl                             0x20000c30   Data          40  global_parameters.o(.bss)
    m_current_pid                            0x20000c58   Data          64  global_parameters.o(.bss)
    m_speed_pid                              0x20000c98   Data          60  global_parameters.o(.bss)
    m_position_pid                           0x20000cd4   Data          60  global_parameters.o(.bss)
    OS_CPU_ExceptStk                         0x20000d10   Data         512  os_cpu_c.o(.bss)
    OSEventTbl                               0x20000f10   Data         960  os_core.o(.bss)
    OSFlagTbl                                0x200012d0   Data          80  os_core.o(.bss)
    OSTaskStatStk                            0x20001320   Data         512  os_core.o(.bss)
    OSRdyTbl                                 0x20001520   Data          32  os_core.o(.bss)
    OSTaskIdleStk                            0x20001540   Data         512  os_core.o(.bss)
    OSTCBPrioTbl                             0x20001740   Data        1016  os_core.o(.bss)
    OSTCBTbl                                 0x20001b38   Data        2024  os_core.o(.bss)
    OSMemTbl                                 0x20002320   Data         120  os_core.o(.bss)
    OSQTbl                                   0x20002398   Data          96  os_core.o(.bss)
    __libspace_start                         0x200023f8   Data          96  libspace.o(.bss)
    __temporary_stack_top$libspace           0x20002458   Data           0  libspace.o(.bss)



==============================================================================

Memory Map of the image

  Image Entry point : 0x08000189

  Load Region LR_IROM1 (Base: 0x08000000, Size: 0x000053e0, Max: 0x00100000, ABSOLUTE)

    Execution Region ER_IROM1 (Base: 0x08000000, Size: 0x00005338, Max: 0x00100000, ABSOLUTE)

    Base Addr    Size         Type   Attr      Idx    E Section Name        Object

    0x08000000   0x00000188   Data   RO          947    RESET               startup_stm32f40xx.o
    0x08000188   0x00000008   Code   RO         7553  * !!!main             c_w.l(__main.o)
    0x08000190   0x00000034   Code   RO         7752    !!!scatter          c_w.l(__scatter.o)
    0x080001c4   0x0000001a   Code   RO         7754    !!handler_copy      c_w.l(__scatter_copy.o)
    0x080001de   0x00000002   PAD
    0x080001e0   0x0000001c   Code   RO         7756    !!handler_zi        c_w.l(__scatter_zi.o)
    0x080001fc   0x00000002   Code   RO         7621    .ARM.Collect$$libinit$$00000000  c_w.l(libinit.o)
    0x080001fe   0x00000004   Code   RO         7635    .ARM.Collect$$libinit$$00000001  c_w.l(libinit2.o)
    0x08000202   0x00000000   Code   RO         7638    .ARM.Collect$$libinit$$00000004  c_w.l(libinit2.o)
    0x08000202   0x00000000   Code   RO         7641    .ARM.Collect$$libinit$$0000000A  c_w.l(libinit2.o)
    0x08000202   0x00000000   Code   RO         7643    .ARM.Collect$$libinit$$0000000C  c_w.l(libinit2.o)
    0x08000202   0x00000000   Code   RO         7645    .ARM.Collect$$libinit$$0000000E  c_w.l(libinit2.o)
    0x08000202   0x00000000   Code   RO         7648    .ARM.Collect$$libinit$$00000011  c_w.l(libinit2.o)
    0x08000202   0x00000000   Code   RO         7650    .ARM.Collect$$libinit$$00000013  c_w.l(libinit2.o)
    0x08000202   0x00000000   Code   RO         7652    .ARM.Collect$$libinit$$00000015  c_w.l(libinit2.o)
    0x08000202   0x00000000   Code   RO         7654    .ARM.Collect$$libinit$$00000017  c_w.l(libinit2.o)
    0x08000202   0x00000000   Code   RO         7656    .ARM.Collect$$libinit$$00000019  c_w.l(libinit2.o)
    0x08000202   0x00000000   Code   RO         7658    .ARM.Collect$$libinit$$0000001B  c_w.l(libinit2.o)
    0x08000202   0x00000000   Code   RO         7660    .ARM.Collect$$libinit$$0000001D  c_w.l(libinit2.o)
    0x08000202   0x00000000   Code   RO         7662    .ARM.Collect$$libinit$$0000001F  c_w.l(libinit2.o)
    0x08000202   0x00000000   Code   RO         7664    .ARM.Collect$$libinit$$00000021  c_w.l(libinit2.o)
    0x08000202   0x00000000   Code   RO         7666    .ARM.Collect$$libinit$$00000023  c_w.l(libinit2.o)
    0x08000202   0x00000000   Code   RO         7668    .ARM.Collect$$libinit$$00000025  c_w.l(libinit2.o)
    0x08000202   0x00000000   Code   RO         7672    .ARM.Collect$$libinit$$0000002C  c_w.l(libinit2.o)
    0x08000202   0x00000000   Code   RO         7674    .ARM.Collect$$libinit$$0000002E  c_w.l(libinit2.o)
    0x08000202   0x00000000   Code   RO         7676    .ARM.Collect$$libinit$$00000030  c_w.l(libinit2.o)
    0x08000202   0x00000000   Code   RO         7678    .ARM.Collect$$libinit$$00000032  c_w.l(libinit2.o)
    0x08000202   0x00000002   Code   RO         7679    .ARM.Collect$$libinit$$00000033  c_w.l(libinit2.o)
    0x08000204   0x00000002   Code   RO         7710    .ARM.Collect$$libshutdown$$00000000  c_w.l(libshutdown.o)
    0x08000206   0x00000000   Code   RO         7737    .ARM.Collect$$libshutdown$$00000003  c_w.l(libshutdown2.o)
    0x08000206   0x00000000   Code   RO         7740    .ARM.Collect$$libshutdown$$00000006  c_w.l(libshutdown2.o)
    0x08000206   0x00000000   Code   RO         7743    .ARM.Collect$$libshutdown$$00000009  c_w.l(libshutdown2.o)
    0x08000206   0x00000000   Code   RO         7745    .ARM.Collect$$libshutdown$$0000000B  c_w.l(libshutdown2.o)
    0x08000206   0x00000000   Code   RO         7748    .ARM.Collect$$libshutdown$$0000000E  c_w.l(libshutdown2.o)
    0x08000206   0x00000002   Code   RO         7749    .ARM.Collect$$libshutdown$$0000000F  c_w.l(libshutdown2.o)
    0x08000208   0x00000000   Code   RO         7565    .ARM.Collect$$rtentry$$00000000  c_w.l(__rtentry.o)
    0x08000208   0x00000000   Code   RO         7588    .ARM.Collect$$rtentry$$00000002  c_w.l(__rtentry2.o)
    0x08000208   0x00000006   Code   RO         7600    .ARM.Collect$$rtentry$$00000004  c_w.l(__rtentry4.o)
    0x0800020e   0x00000000   Code   RO         7590    .ARM.Collect$$rtentry$$00000009  c_w.l(__rtentry2.o)
    0x0800020e   0x00000004   Code   RO         7591    .ARM.Collect$$rtentry$$0000000A  c_w.l(__rtentry2.o)
    0x08000212   0x00000000   Code   RO         7593    .ARM.Collect$$rtentry$$0000000C  c_w.l(__rtentry2.o)
    0x08000212   0x00000008   Code   RO         7594    .ARM.Collect$$rtentry$$0000000D  c_w.l(__rtentry2.o)
    0x0800021a   0x00000002   Code   RO         7627    .ARM.Collect$$rtexit$$00000000  c_w.l(rtexit.o)
    0x0800021c   0x00000000   Code   RO         7683    .ARM.Collect$$rtexit$$00000002  c_w.l(rtexit2.o)
    0x0800021c   0x00000004   Code   RO         7684    .ARM.Collect$$rtexit$$00000003  c_w.l(rtexit2.o)
    0x08000220   0x00000006   Code   RO         7685    .ARM.Collect$$rtexit$$00000004  c_w.l(rtexit2.o)
    0x08000226   0x00000002   PAD
    0x08000228   0x00000068   Code   RO          948    .text               startup_stm32f40xx.o
    0x08000290   0x000000e8   Code   RO         5957    .text               os_cpu_a.o
    0x08000378   0x00000074   Code   RO         7417    .text               arm_cortexM4lf_math.lib(arm_sin_f32.o)
    0x080003ec   0x00000006   Code   RO         7551    .text               c_w.l(heapauxi.o)
    0x080003f2   0x00000002   PAD
    0x080003f4   0x00000030   Code   RO         7602    .text               c_w.l(_fptrap.o)
    0x08000424   0x0000004a   Code   RO         7608    .text               c_w.l(sys_stackheap_outer.o)
    0x0800046e   0x0000000c   Code   RO         7610    .text               c_w.l(exit.o)
    0x0800047a   0x0000000e   Code   RO         7612    .text               c_w.l(defsig_fpe_outer.o)
    0x08000488   0x00000008   Code   RO         7624    .text               c_w.l(libspace.o)
    0x08000490   0x0000000a   Code   RO         7631    .text               c_w.l(defsig_exit.o)
    0x0800049a   0x00000002   PAD
    0x0800049c   0x000000ac   Code   RO         7633    .text               c_w.l(defsig_fpe_inner.o)
    0x08000548   0x0000000c   Code   RO         7680    .text               c_w.l(sys_exit.o)
    0x08000554   0x00000032   Code   RO         7691    .text               c_w.l(defsig_general.o)
    0x08000586   0x0000000e   Code   RO         7697    .text               c_w.l(sys_wrch.o)
    0x08000594   0x00000002   Code   RO         7699    .text               c_w.l(use_no_semi.o)
    0x08000596   0x00000000   Code   RO         7701    .text               c_w.l(indicate_semi.o)
    0x08000596   0x00000016   Code   RO         1009    i.ADC_Cmd           stm32f4xx_adc.o
    0x080005ac   0x00000030   Code   RO         1010    i.ADC_CommonInit    stm32f4xx_adc.o
    0x080005dc   0x00000016   Code   RO         1013    i.ADC_DMACmd        stm32f4xx_adc.o
    0x080005f2   0x00000016   Code   RO         1014    i.ADC_DMARequestAfterLastTransferCmd  stm32f4xx_adc.o
    0x08000608   0x0000010c   Code   RO          448    i.ADC_DMA_Config    peripherial_init.o
    0x08000714   0x00000016   Code   RO         1015    i.ADC_DeInit        stm32f4xx_adc.o
    0x0800072a   0x00000002   PAD
    0x0800072c   0x00000054   Code   RO         1029    i.ADC_Init          stm32f4xx_adc.o
    0x08000780   0x000000b8   Code   RO         1034    i.ADC_RegularChannelConfig  stm32f4xx_adc.o
    0x08000838   0x0000000a   Code   RO         1036    i.ADC_SoftwareStartConv  stm32f4xx_adc.o
    0x08000842   0x00000002   PAD
    0x08000844   0x000000a4   Code   RO            4    i.APP_TaskStart     main.o
    0x080008e8   0x00000038   Code   RO            5    i.Board_Init        main.o
    0x08000920   0x00000030   Code   RO          449    i.BrakeControl      peripherial_init.o
    0x08000950   0x00000004   Code   RO          652    i.BusFault_Handler  stm32f4xx_it.o
    0x08000954   0x0000004c   Code   RO          846    i.CurrentFilterDataInit  global_parameters.o
    0x080009a0   0x0000001c   Code   RO          279    i.CurrentLoopRefresh_TIM_Halt  motor_control.o
    0x080009bc   0x0000001c   Code   RO          280    i.CurrentLoopRefresh_TIM_Start  motor_control.o
    0x080009d8   0x00000078   Code   RO          774    i.Current_Average_X8_Filter  current_filter.o
    0x08000a50   0x00000018   Code   RO          775    i.Current_Filter_Init  current_filter.o
    0x08000a68   0x000000c0   Code   RO          281    i.Current_PID_Cal   motor_control.o
    0x08000b28   0x00000028   Code   RO         1733    i.DAC_Cmd           stm32f4xx_dac.o
    0x08000b50   0x00000060   Code   RO          451    i.DAC_Config        peripherial_init.o
    0x08000bb0   0x00000034   Code   RO         1741    i.DAC_Init          stm32f4xx_dac.o
    0x08000be4   0x00000020   Code   RO         1742    i.DAC_SetChannel1Data  stm32f4xx_dac.o
    0x08000c04   0x00000048   Code   RO          653    i.DMA2_Stream0_IRQHandler  stm32f4xx_it.o
    0x08000c4c   0x00000034   Code   RO         2029    i.DMA_ClearITPendingBit  stm32f4xx_dma.o
    0x08000c80   0x00000016   Code   RO         2030    i.DMA_Cmd           stm32f4xx_dma.o
    0x08000c96   0x00000002   PAD
    0x08000c98   0x00000158   Code   RO         2031    i.DMA_DeInit        stm32f4xx_dma.o
    0x08000df0   0x00000064   Code   RO         2040    i.DMA_GetITStatus   stm32f4xx_dma.o
    0x08000e54   0x0000003a   Code   RO         2041    i.DMA_ITConfig      stm32f4xx_dma.o
    0x08000e8e   0x00000002   PAD
    0x08000e90   0x00000058   Code   RO         2042    i.DMA_Init          stm32f4xx_dma.o
    0x08000ee8   0x00000002   Code   RO          654    i.DebugMon_Handler  stm32f4xx_it.o
    0x08000eea   0x00000002   PAD
    0x08000eec   0x00000028   Code   RO          847    i.EncoderDataInit   global_parameters.o
    0x08000f14   0x0000022c   Code   RO          452    i.GPIO_Config       peripherial_init.o
    0x08001140   0x00000090   Code   RO         2830    i.GPIO_Init         stm32f4xx_gpio.o
    0x080011d0   0x00000046   Code   RO         2831    i.GPIO_PinAFConfig  stm32f4xx_gpio.o
    0x08001216   0x00000004   Code   RO         2837    i.GPIO_ResetBits    stm32f4xx_gpio.o
    0x0800121a   0x00000012   Code   RO         2839    i.GPIO_StructInit   stm32f4xx_gpio.o
    0x0800122c   0x00000010   Code   RO          282    i.H1_L2             motor_control.o
    0x0800123c   0x00000010   Code   RO          283    i.H1_L3             motor_control.o
    0x0800124c   0x00000010   Code   RO          284    i.H2_L1             motor_control.o
    0x0800125c   0x00000010   Code   RO          285    i.H2_L3             motor_control.o
    0x0800126c   0x00000010   Code   RO          286    i.H3_L1             motor_control.o
    0x0800127c   0x00000010   Code   RO          287    i.H3_L2             motor_control.o
    0x0800128c   0x00000030   Code   RO          288    i.Hall_Convert      motor_control.o
    0x080012bc   0x00000010   Code   RO          289    i.Hall_State_Read   motor_control.o
    0x080012cc   0x00000004   Code   RO          655    i.HardFault_Handler  stm32f4xx_it.o
    0x080012d0   0x00000010   Code   RO          290    i.IR2130S_force_reset  motor_control.o
    0x080012e0   0x000000de   Code   RO          291    i.Increment_PID_Cal  motor_control.o
    0x080013be   0x00000002   PAD
    0x080013c0   0x00000014   Code   RO          453    i.LED_OFF           peripherial_init.o
    0x080013d4   0x00000014   Code   RO          454    i.LED_ON            peripherial_init.o
    0x080013e8   0x00000026   Code   RO          233    i.LED_Task          app.o
    0x0800140e   0x00000004   Code   RO          656    i.MemManage_Handler  stm32f4xx_it.o
    0x08001412   0x00000002   PAD
    0x08001414   0x00000048   Code   RO          848    i.MotorCtrlDataInit  global_parameters.o
    0x0800145c   0x00000002   Code   RO          657    i.NMI_Handler       stm32f4xx_it.o
    0x0800145e   0x00000002   Code   RO          293    i.NULL_Switch       motor_control.o
    0x08001460   0x00000092   Code   RO          455    i.NVIC_Config       peripherial_init.o
    0x080014f2   0x00000002   PAD
    0x080014f4   0x00000078   Code   RO          955    i.NVIC_Init         misc.o
    0x0800156c   0x00000014   Code   RO          956    i.NVIC_PriorityGroupConfig  misc.o
    0x08001580   0x00000118   Code   RO         6055    i.OSDebugInit       os_dbg.o
    0x08001698   0x00000034   Code   RO         6705    i.OSInit            os_core.o
    0x080016cc   0x00000030   Code   RO         5960    i.OSInitHookBegin   os_cpu_c.o
    0x080016fc   0x00000002   Code   RO         5961    i.OSInitHookEnd     os_cpu_c.o
    0x080016fe   0x00000002   PAD
    0x08001700   0x00000090   Code   RO         6707    i.OSIntExit         os_core.o
    0x08001790   0x00000054   Code   RO         7217    i.OSSemCreate       os_sem.o
    0x080017e4   0x00000048   Code   RO         6710    i.OSStart           os_core.o
    0x0800182c   0x0000004c   Code   RO         6711    i.OSStatInit        os_core.o
    0x08001878   0x00000002   Code   RO         5962    i.OSTCBInitHook     os_cpu_c.o
    0x0800187a   0x00000002   PAD
    0x0800187c   0x000000b8   Code   RO         7272    i.OSTaskCreateExt   os_task.o
    0x08001934   0x00000002   Code   RO         5963    i.OSTaskCreateHook  os_cpu_c.o
    0x08001936   0x00000002   PAD
    0x08001938   0x00000164   Code   RO         7273    i.OSTaskDel         os_task.o
    0x08001a9c   0x00000002   Code   RO         5964    i.OSTaskDelHook     os_cpu_c.o
    0x08001a9e   0x00000002   Code   RO         5965    i.OSTaskIdleHook    os_cpu_c.o
    0x08001aa0   0x00000070   Code   RO         7276    i.OSTaskNameSet     os_task.o
    0x08001b10   0x00000002   Code   RO         5966    i.OSTaskReturnHook  os_cpu_c.o
    0x08001b12   0x00000002   Code   RO         5967    i.OSTaskStatHook    os_cpu_c.o
    0x08001b14   0x00000088   Code   RO         7282    i.OSTaskStkChk      os_task.o
    0x08001b9c   0x000001e8   Code   RO         5968    i.OSTaskStkInit     os_cpu_c.o
    0x08001d84   0x000000ac   Code   RO         7283    i.OSTaskSuspend     os_task.o
    0x08001e30   0x00000002   Code   RO         5969    i.OSTaskSwHook      os_cpu_c.o
    0x08001e32   0x00000002   PAD
    0x08001e34   0x0000007c   Code   RO         7372    i.OSTimeDly         os_time.o
    0x08001eb0   0x00000060   Code   RO         7373    i.OSTimeDlyHMSM     os_time.o
    0x08001f10   0x000000f0   Code   RO         6712    i.OSTimeTick        os_core.o
    0x08002000   0x00000002   Code   RO         5970    i.OSTimeTickHook    os_cpu_c.o
    0x08002002   0x00000002   PAD
    0x08002004   0x00000028   Code   RO         5971    i.OS_CPU_SysTickHandler  os_cpu_c.o
    0x0800202c   0x00000030   Code   RO         5972    i.OS_CPU_SysTickInit  os_cpu_c.o
    0x0800205c   0x00000002   Code   RO         6714    i.OS_Dummy          os_core.o
    0x0800205e   0x00000030   Code   RO         6716    i.OS_EventTaskRemove  os_core.o
    0x0800208e   0x0000003c   Code   RO         6717    i.OS_EventTaskRemoveMulti  os_core.o
    0x080020ca   0x0000001e   Code   RO         6720    i.OS_EventWaitListInit  os_core.o
    0x080020e8   0x00000058   Code   RO         6923    i.OS_FlagInit       os_flag.o
    0x08002140   0x00000024   Code   RO         6925    i.OS_FlagUnlink     os_flag.o
    0x08002164   0x00000060   Code   RO         6721    i.OS_InitEventList  os_core.o
    0x080021c4   0x0000005c   Code   RO         6722    i.OS_InitMisc       os_core.o
    0x08002220   0x00000048   Code   RO         6723    i.OS_InitRdyList    os_core.o
    0x08002268   0x00000080   Code   RO         6724    i.OS_InitTCBList    os_core.o
    0x080022e8   0x00000050   Code   RO         6725    i.OS_InitTaskIdle   os_core.o
    0x08002338   0x00000050   Code   RO         6726    i.OS_InitTaskStat   os_core.o
    0x08002388   0x00000012   Code   RO         6727    i.OS_MemClr         os_core.o
    0x0800239a   0x00000002   PAD
    0x0800239c   0x00000058   Code   RO         7055    i.OS_MemInit        os_mem.o
    0x080023f4   0x00000050   Code   RO         7154    i.OS_QInit          os_q.o
    0x08002444   0x00000074   Code   RO         6729    i.OS_Sched          os_core.o
    0x080024b8   0x00000060   Code   RO         6730    i.OS_SchedNew       os_core.o
    0x08002518   0x00000148   Code   RO         6732    i.OS_TCBInit        os_core.o
    0x08002660   0x00000028   Code   RO         6733    i.OS_TaskIdle       os_core.o
    0x08002688   0x00000018   Code   RO         7284    i.OS_TaskReturn     os_task.o
    0x080026a0   0x000000a0   Code   RO         6734    i.OS_TaskStat       os_core.o
    0x08002740   0x0000003c   Code   RO         6735    i.OS_TaskStatStkChk  os_core.o
    0x0800277c   0x0000001a   Code   RO         7285    i.OS_TaskStkClr     os_task.o
    0x08002796   0x00000002   PAD
    0x08002798   0x00000228   Code   RO          850    i.ParametersInit    global_parameters.o
    0x080029c0   0x00000024   Code   RO          297    i.PositionLoopRefresh_TIM_Start  motor_control.o
    0x080029e4   0x0000007c   Code   RO          298    i.Position_PID_Cal  motor_control.o
    0x08002a60   0x00000020   Code   RO         3756    i.RCC_AHB1PeriphClockCmd  stm32f4xx_rcc.o
    0x08002a80   0x00000020   Code   RO         3765    i.RCC_APB1PeriphClockCmd  stm32f4xx_rcc.o
    0x08002aa0   0x00000020   Code   RO         3767    i.RCC_APB1PeriphResetCmd  stm32f4xx_rcc.o
    0x08002ac0   0x00000020   Code   RO         3768    i.RCC_APB2PeriphClockCmd  stm32f4xx_rcc.o
    0x08002ae0   0x00000020   Code   RO         3770    i.RCC_APB2PeriphResetCmd  stm32f4xx_rcc.o
    0x08002b00   0x00000016   Code   RO          234    i.RS485_Task        app.o
    0x08002b16   0x00000002   PAD
    0x08002b18   0x0000004c   Code   RO          299    i.Read_Current_Bias  motor_control.o
    0x08002b64   0x00000050   Code   RO          749    i.Read_IncEncoder   spd_pos_filter.o
    0x08002bb4   0x00000002   Code   RO          658    i.SVC_Handler       stm32f4xx_it.o
    0x08002bb6   0x00000002   PAD
    0x08002bb8   0x000000ec   Code   RO          907    i.SetSysClock       system_stm32f4xx.o
    0x08002ca4   0x000000cc   Code   RO          777    i.Single_Current_Average_X8_Filter  current_filter.o
    0x08002d70   0x00000020   Code   RO          301    i.SpeedLoopRefresh_TIM_Start  motor_control.o
    0x08002d90   0x000000c4   Code   RO          302    i.Speed_PID_Cal     motor_control.o
    0x08002e54   0x00000060   Code   RO          235    i.StateMachine_Task  app.o
    0x08002eb4   0x00000068   Code   RO          909    i.SystemInit        system_stm32f4xx.o
    0x08002f1c   0x0000003a   Code   RO         5136    i.TI1_Config        stm32f4xx_tim.o
    0x08002f56   0x00000050   Code   RO         5137    i.TI2_Config        stm32f4xx_tim.o
    0x08002fa6   0x00000048   Code   RO         5138    i.TI3_Config        stm32f4xx_tim.o
    0x08002fee   0x00000050   Code   RO         5139    i.TI4_Config        stm32f4xx_tim.o
    0x0800303e   0x00000002   PAD
    0x08003040   0x0000003c   Code   RO          457    i.TIM1_CH1_OFF_CH1N_OFF  peripherial_init.o
    0x0800307c   0x00000038   Code   RO          459    i.TIM1_CH1_OFF_CH1N_PWM  peripherial_init.o
    0x080030b4   0x00000038   Code   RO          461    i.TIM1_CH1_PWM_CH1N_OFF  peripherial_init.o
    0x080030ec   0x0000003c   Code   RO          462    i.TIM1_CH2_OFF_CH2N_OFF  peripherial_init.o
    0x08003128   0x00000038   Code   RO          464    i.TIM1_CH2_OFF_CH2N_PWM  peripherial_init.o
    0x08003160   0x00000038   Code   RO          466    i.TIM1_CH2_PWM_CH2N_OFF  peripherial_init.o
    0x08003198   0x0000003c   Code   RO          467    i.TIM1_CH3_OFF_CH3N_OFF  peripherial_init.o
    0x080031d4   0x00000038   Code   RO          469    i.TIM1_CH3_OFF_CH3N_PWM  peripherial_init.o
    0x0800320c   0x00000038   Code   RO          471    i.TIM1_CH3_PWM_CH3N_OFF  peripherial_init.o
    0x08003244   0x000000a0   Code   RO          659    i.TIM1_UP_TIM10_IRQHandler  stm32f4xx_it.o
    0x080032e4   0x00000130   Code   RO          660    i.TIM2_IRQHandler   stm32f4xx_it.o
    0x08003414   0x00000020   Code   RO          661    i.TIM3_IRQHandler   stm32f4xx_it.o
    0x08003434   0x00000020   Code   RO          662    i.TIM4_IRQHandler   stm32f4xx_it.o
    0x08003454   0x00000018   Code   RO         5140    i.TIM_ARRPreloadConfig  stm32f4xx_tim.o
    0x0800346c   0x00000020   Code   RO         5141    i.TIM_BDTRConfig    stm32f4xx_tim.o
    0x0800348c   0x00000006   Code   RO         5146    i.TIM_ClearFlag     stm32f4xx_tim.o
    0x08003492   0x00000006   Code   RO         5147    i.TIM_ClearITPendingBit  stm32f4xx_tim.o
    0x08003498   0x00000018   Code   RO         5152    i.TIM_Cmd           stm32f4xx_tim.o
    0x080034b0   0x0000001e   Code   RO         5154    i.TIM_CtrlPWMOutputs  stm32f4xx_tim.o
    0x080034ce   0x00000002   PAD
    0x080034d0   0x00000190   Code   RO         5157    i.TIM_DeInit        stm32f4xx_tim.o
    0x08003660   0x00000042   Code   RO         5161    i.TIM_EncoderInterfaceConfig  stm32f4xx_tim.o
    0x080036a2   0x00000022   Code   RO         5173    i.TIM_GetITStatus   stm32f4xx_tim.o
    0x080036c4   0x0000006e   Code   RO         5175    i.TIM_ICInit        stm32f4xx_tim.o
    0x08003732   0x00000012   Code   RO         5176    i.TIM_ICStructInit  stm32f4xx_tim.o
    0x08003744   0x00000012   Code   RO         5177    i.TIM_ITConfig      stm32f4xx_tim.o
    0x08003756   0x00000002   PAD
    0x08003758   0x0000007c   Code   RO         5181    i.TIM_OC1Init       stm32f4xx_tim.o
    0x080037d4   0x00000012   Code   RO         5184    i.TIM_OC1PreloadConfig  stm32f4xx_tim.o
    0x080037e6   0x00000002   PAD
    0x080037e8   0x000000a4   Code   RO         5186    i.TIM_OC2Init       stm32f4xx_tim.o
    0x0800388c   0x0000001a   Code   RO         5189    i.TIM_OC2PreloadConfig  stm32f4xx_tim.o
    0x080038a6   0x00000002   PAD
    0x080038a8   0x000000a0   Code   RO         5191    i.TIM_OC3Init       stm32f4xx_tim.o
    0x08003948   0x00000012   Code   RO         5194    i.TIM_OC3PreloadConfig  stm32f4xx_tim.o
    0x0800395a   0x00000014   Code   RO         5199    i.TIM_OCStructInit  stm32f4xx_tim.o
    0x0800396e   0x00000018   Code   RO         5205    i.TIM_SelectHallSensor  stm32f4xx_tim.o
    0x08003986   0x00000012   Code   RO         5219    i.TIM_SetIC1Prescaler  stm32f4xx_tim.o
    0x08003998   0x0000001a   Code   RO         5220    i.TIM_SetIC2Prescaler  stm32f4xx_tim.o
    0x080039b2   0x00000012   Code   RO         5221    i.TIM_SetIC3Prescaler  stm32f4xx_tim.o
    0x080039c4   0x0000001a   Code   RO         5222    i.TIM_SetIC4Prescaler  stm32f4xx_tim.o
    0x080039de   0x00000002   PAD
    0x080039e0   0x00000084   Code   RO         5224    i.TIM_TimeBaseInit  stm32f4xx_tim.o
    0x08003a64   0x00000012   Code   RO         5225    i.TIM_TimeBaseStructInit  stm32f4xx_tim.o
    0x08003a76   0x00000002   PAD
    0x08003a78   0x0000010c   Code   RO          472    i.Timer1_Config     peripherial_init.o
    0x08003b84   0x00000056   Code   RO          473    i.Timer2_Config     peripherial_init.o
    0x08003bda   0x00000002   PAD
    0x08003bdc   0x000000c0   Code   RO          474    i.Timer3_Config     peripherial_init.o
    0x08003c9c   0x00000094   Code   RO          475    i.Timer4_Config     peripherial_init.o
    0x08003d30   0x00000002   Code   RO          476    i.Timer5_Config     peripherial_init.o
    0x08003d32   0x00000004   Code   RO          663    i.UsageFault_Handler  stm32f4xx_it.o
    0x08003d36   0x00000014   Code   RO         7559    i.__hardfp_fabs     m_wm.l(fabs.o)
    0x08003d4a   0x00000038   Code   RO          822    i.delay_us          delay.o
    0x08003d82   0x00000002   PAD
    0x08003d84   0x0000006c   Code   RO            6    i.main              main.o
    0x08003df0   0x000002c4   Code   RO         7555    x$fpl$d2f           g_wm.l(d2f_clz.o)
    0x080040b4   0x0000001a   Code   RO         7568    x$fpl$dfltn         g_wm.l(dflt_clz.o)
    0x080040ce   0x00000102   Code   RO         7572    x$fpl$dnaninf       g_wm.l(dnaninf.o)
    0x080041d0   0x00000070   Code   RO         7622    x$fpl$drenorm       g_wm.l(drenorm_clz.o)
    0x08004240   0x0000000c   Code   RO         7574    x$fpl$dretinf       g_wm.l(dretinf.o)
    0x0800424c   0x0000017a   Code   RO         7604    x$fpl$dunder        g_wm.l(dunder_clz.o)
    0x080043c6   0x00000002   PAD
    0x080043c8   0x000001ec   Code   RO         7576    x$fpl$exception     g_wm.l(except.o)
    0x080045b4   0x0000007a   Code   RO         7557    x$fpl$f2d           g_wm.l(f2d.o)
    0x0800462e   0x000000f2   Code   RO         7578    x$fpl$fnaninf       g_wm.l(fnaninf.o)
    0x08004720   0x0000000a   Code   RO         7695    x$fpl$fpinit        g_wm.l(fpinit.o)
    0x0800472a   0x0000000a   Code   RO         7580    x$fpl$fretinf       g_wm.l(fretinf.o)
    0x08004734   0x0000013c   Code   RO         7582    x$fpl$funder        g_wm.l(funder_clz.o)
    0x08004870   0x000000b2   Code   RO         7606    x$fpl$retnan        g_wm.l(retnan.o)
    0x08004922   0x0000007e   Code   RO         7584    x$fpl$trapveneer    g_wm.l(trapv.o)
    0x080049a0   0x00000000   Code   RO         7586    x$fpl$usenofp       g_wm.l(usenofp.o)
    0x080049a0   0x00000074   Data   RO         6056    .constdata          os_dbg.o
    0x08004a14   0x00000100   Data   RO         6737    .constdata          os_core.o
    0x08004b14   0x00000804   Data   RO         7526    .constdata          arm_cortexM4lf_math.lib(arm_common_tables.o)
    0x08005318   0x00000020   Data   RO         7750    Region$$Table       anon$$obj.o


    Execution Region RW_IRAM1 (Base: 0x20000000, Size: 0x00002a58, Max: 0x00020000, ABSOLUTE)

    Base Addr    Size         Type   Attr      Idx    E Section Name        Object

    0x20000000   0x00000008   Data   RW            8    .data               main.o
    0x20000008   0x00000040   Data   RW          304    .data               motor_control.o
    0x20000048   0x0000000c   Data   RW          664    .data               stm32f4xx_it.o
    0x20000054   0x00000004   Data   RW          853    .data               global_parameters.o
    0x20000058   0x00000004   Data   RW         5974    .data               os_cpu_c.o
    0x2000005c   0x0000004c   Data   RW         6738    .data               os_core.o
    0x200000a8   0x00000b00   Zero   RW            7    .bss                main.o
    0x20000ba8   0x00000168   Zero   RW          852    .bss                global_parameters.o
    0x20000d10   0x00000200   Zero   RW         5973    .bss                os_cpu_c.o
    0x20000f10   0x000014e8   Zero   RW         6736    .bss                os_core.o
    0x200023f8   0x00000060   Zero   RW         7625    .bss                c_w.l(libspace.o)
    0x20002458   0x00000200   Zero   RW          946    HEAP                startup_stm32f40xx.o
    0x20002658   0x00000400   Zero   RW          945    STACK               startup_stm32f40xx.o


==============================================================================

Image component sizes


      Code (inc. data)   RO Data    RW Data    ZI Data      Debug   Object Name

       156          6          0          0          0       1560   app.o
       348         20          0          0          0       2516   current_filter.o
        56          0          0          0          0        615   delay.o
       740        102          0          4        360       5659   global_parameters.o
       328         64          0          8       2816     328838   main.o
       140         24          0          0          0       1595   misc.o
      1112        136          0         64          0      11352   motor_control.o
      2090        366        256         76       5352      22402   os_core.o
       232         36          0          0          0        368   os_cpu_a.o
       642         28          0          4        512      16559   os_cpu_c.o
       280        184        116          0          0       3494   os_dbg.o
       124         14          0          0          0       1302   os_flag.o
        88         14          0          0          0        593   os_mem.o
        80          8          0          0          0        619   os_q.o
        84         12          0          0          0        730   os_sem.o
      1010        106          0          0          0       6161   os_task.o
       220         32          0          0          0       1460   os_time.o
      2366        118          0          0          0      12192   peripherial_init.o
        80         16          0          0          0        522   spd_pos_filter.o
       104         34        392          0       1536        868   startup_stm32f40xx.o
       414         24          0          0          0       6120   stm32f4xx_adc.o
       124         18          0          0          0       2511   stm32f4xx_dac.o
       664         58          0          0          0       5259   stm32f4xx_dma.o
       236          0          0          0          0       2934   stm32f4xx_gpio.o
       622         84          0         12          0       6517   stm32f4xx_it.o
       160         30          0          0          0       3025   stm32f4xx_rcc.o
      1850        112          0          0          0      20015   stm32f4xx_tim.o
       340         32          0          0          0       1557   system_stm32f4xx.o

    ----------------------------------------------------------------------
     14742       1678        796        168      10576     467343   Object Totals
         0          0         32          0          0          0   (incl. Generated)
        52          0          0          0          0          0   (incl. Padding)

    ----------------------------------------------------------------------

      Code (inc. data)   RO Data    RW Data    ZI Data      Debug   Library Member Name

         0          0       2052          0          0       4636   arm_common_tables.o
       116         12          0          0          0      16974   arm_sin_f32.o
         8          0          0          0          0         68   __main.o
         0          0          0          0          0          0   __rtentry.o
        12          0          0          0          0          0   __rtentry2.o
         6          0          0          0          0          0   __rtentry4.o
        52          8          0          0          0          0   __scatter.o
        26          0          0          0          0          0   __scatter_copy.o
        28          0          0          0          0          0   __scatter_zi.o
        48          4          0          0          0         84   _fptrap.o
        10          0          0          0          0         68   defsig_exit.o
       172        110          0          0          0         76   defsig_fpe_inner.o
        14          0          0          0          0         80   defsig_fpe_outer.o
        50          0          0          0          0         88   defsig_general.o
        12          0          0          0          0         72   exit.o
         6          0          0          0          0        152   heapauxi.o
         0          0          0          0          0          0   indicate_semi.o
         2          0          0          0          0          0   libinit.o
         6          0          0          0          0          0   libinit2.o
         2          0          0          0          0          0   libshutdown.o
         2          0          0          0          0          0   libshutdown2.o
         8          4          0          0         96         68   libspace.o
         2          0          0          0          0          0   rtexit.o
        10          0          0          0          0          0   rtexit2.o
        12          4          0          0          0         68   sys_exit.o
        74          0          0          0          0         80   sys_stackheap_outer.o
        14          0          0          0          0         76   sys_wrch.o
         2          0          0          0          0         68   use_no_semi.o
       708         16          0          0          0        140   d2f_clz.o
        26          0          0          0          0        116   dflt_clz.o
       258          4          0          0          0        156   dnaninf.o
       112          0          0          0          0        160   drenorm_clz.o
        12          0          0          0          0        116   dretinf.o
       378          0          0          0          0        168   dunder_clz.o
       492         36          0          0          0        148   except.o
       122          8          0          0          0        132   f2d.o
       242          4          0          0          0        144   fnaninf.o
        10          0          0          0          0        116   fpinit.o
        10          0          0          0          0        116   fretinf.o
       316          0          0          0          0        132   funder_clz.o
       178          0          0          0          0        116   retnan.o
       126          0          0          0          0        148   trapv.o
         0          0          0          0          0          0   usenofp.o
        20          0          0          0          0        124   fabs.o

    ----------------------------------------------------------------------
      3714        210       2052          0         96      24690   Library Totals
        10          0          0          0          0          0   (incl. Padding)

    ----------------------------------------------------------------------

      Code (inc. data)   RO Data    RW Data    ZI Data      Debug   Library Name

       116         12       2052          0          0      21610   arm_cortexM4lf_math.lib
       578        130          0          0         96       1048   c_w.l
      2990         68          0          0          0       1908   g_wm.l
        20          0          0          0          0        124   m_wm.l

    ----------------------------------------------------------------------
      3714        210       2052          0         96      24690   Library Totals

    ----------------------------------------------------------------------

==============================================================================


      Code (inc. data)   RO Data    RW Data    ZI Data      Debug   

     18456       1888       2848        168      10672     473465   Grand Totals
     18456       1888       2848        168      10672     473465   ELF Image Totals
     18456       1888       2848        168          0          0   ROM Totals

==============================================================================

    Total RO  Size (Code + RO Data)                21304 (  20.80kB)
    Total RW  Size (RW Data + ZI Data)             10840 (  10.59kB)
    Total ROM Size (Code + RO Data + RW Data)      21472 (  20.97kB)

==============================================================================

