Component: ARM Compiler 5.05 update 1 (build 106) Tool: armlink [4d0efa]

==============================================================================

Section Cross References

    main.o(i.APP_TaskStart) refers to os_cpu_c.o(i.OS_CPU_SysTickInit) for OS_CPU_SysTickInit
    main.o(i.APP_TaskStart) refers to delay.o(i.delay_us) for delay_us
    main.o(i.APP_TaskStart) refers to os_core.o(i.OSStatInit) for OSStatInit
    main.o(i.APP_TaskStart) refers to os_task.o(i.OSTaskCreateExt) for OSTaskCreateExt
    main.o(i.APP_TaskStart) refers to os_task.o(i.OSTaskDel) for OSTaskDel
    main.o(i.APP_TaskStart) refers to main.o(.bss) for StateMachine_TASK_STK
    main.o(i.APP_TaskStart) refers to app.o(i.StateMachine_Task) for StateMachine_Task
    main.o(i.APP_TaskStart) refers to app.o(i.LED_Task) for LED_Task
    main.o(i.APP_TaskStart) refers to app.o(i.RS485_Task) for RS485_Task
    main.o(i.Board_Init) refers to peripherial_init.o(i.NVIC_Config) for NVIC_Config
    main.o(i.Board_Init) refers to peripherial_init.o(i.GPIO_Config) for GPIO_Config
    main.o(i.Board_Init) refers to peripherial_init.o(i.Timer1_Config) for Timer1_Config
    main.o(i.Board_Init) refers to peripherial_init.o(i.Timer2_Config) for Timer2_Config
    main.o(i.Board_Init) refers to peripherial_init.o(i.Timer3_Config) for Timer3_Config
    main.o(i.Board_Init) refers to peripherial_init.o(i.Timer4_Config) for Timer4_Config
    main.o(i.Board_Init) refers to peripherial_init.o(i.Timer5_Config) for Timer5_Config
    main.o(i.Board_Init) refers to peripherial_init.o(i.ADC_DMA_Config) for ADC_DMA_Config
    main.o(i.Board_Init) refers to peripherial_init.o(i.DAC_Config) for DAC_Config
    main.o(i.Board_Init) refers to global_parameters.o(.data) for m_sys_state
    main.o(i.main) refers to misc.o(i.NVIC_PriorityGroupConfig) for NVIC_PriorityGroupConfig
    main.o(i.main) refers to global_parameters.o(i.ParametersInit) for ParametersInit
    main.o(i.main) refers to main.o(i.Board_Init) for Board_Init
    main.o(i.main) refers to os_core.o(i.OSInit) for OSInit
    main.o(i.main) refers to os_sem.o(i.OSSemCreate) for OSSemCreate
    main.o(i.main) refers to os_task.o(i.OSTaskCreateExt) for OSTaskCreateExt
    main.o(i.main) refers to os_core.o(i.OSStart) for OSStart
    main.o(i.main) refers to main.o(.data) for sem_USART2Rev
    main.o(i.main) refers to main.o(.bss) for APP_TASK_START_STK
    main.o(i.main) refers to main.o(i.APP_TaskStart) for APP_TaskStart
    app.o(i.LED_Task) refers to peripherial_init.o(i.LED_OFF) for LED_OFF
    app.o(i.LED_Task) refers to os_time.o(i.OSTimeDlyHMSM) for OSTimeDlyHMSM
    app.o(i.LED_Task) refers to peripherial_init.o(i.LED_ON) for LED_ON
    app.o(i.RS485_Task) refers to os_time.o(i.OSTimeDlyHMSM) for OSTimeDlyHMSM
    app.o(i.StateMachine_Task) refers to motor_control.o(i.Read_Current_Bias) for Read_Current_Bias
    app.o(i.StateMachine_Task) refers to os_time.o(i.OSTimeDlyHMSM) for OSTimeDlyHMSM
    app.o(i.StateMachine_Task) refers to peripherial_init.o(i.BrakeControl) for BrakeControl
    app.o(i.StateMachine_Task) refers to motor_control.o(i.Hall_Convert) for Hall_Convert
    app.o(i.StateMachine_Task) refers to motor_control.o(i.SpeedLoopRefresh_TIM_Start) for SpeedLoopRefresh_TIM_Start
    app.o(i.StateMachine_Task) refers to motor_control.o(i.CurrentLoopRefresh_TIM_Start) for CurrentLoopRefresh_TIM_Start
    app.o(i.StateMachine_Task) refers to global_parameters.o(.data) for m_sys_state
    motor_control.o(i.Curr_PID_Cal) refers to motor_control.o(i.Increment_PID_Cal) for Increment_PID_Cal
    motor_control.o(i.Curr_PID_Cal) refers to global_parameters.o(.bss) for m_motor_rt_para
    motor_control.o(i.CurrentLoopRefresh_TIM_Halt) refers to global_parameters.o(.bss) for m_motor_ctrl
    motor_control.o(i.CurrentLoopRefresh_TIM_Start) refers to stm32f4xx_tim.o(i.TIM_Cmd) for TIM_Cmd
    motor_control.o(i.CurrentLoopRefresh_TIM_Start) refers to global_parameters.o(.bss) for m_motor_ctrl
    motor_control.o(i.H1_L2) refers to peripherial_init.o(i.TIM1_CH1_PWM_CH1N_OFF) for TIM1_CH1_PWM_CH1N_OFF
    motor_control.o(i.H1_L2) refers to peripherial_init.o(i.TIM1_CH2_OFF_CH2N_PWM) for TIM1_CH2_OFF_CH2N_PWM
    motor_control.o(i.H1_L2) refers to peripherial_init.o(i.TIM1_CH3_OFF_CH3N_OFF) for TIM1_CH3_OFF_CH3N_OFF
    motor_control.o(i.H1_L3) refers to peripherial_init.o(i.TIM1_CH1_PWM_CH1N_OFF) for TIM1_CH1_PWM_CH1N_OFF
    motor_control.o(i.H1_L3) refers to peripherial_init.o(i.TIM1_CH2_OFF_CH2N_OFF) for TIM1_CH2_OFF_CH2N_OFF
    motor_control.o(i.H1_L3) refers to peripherial_init.o(i.TIM1_CH3_OFF_CH3N_PWM) for TIM1_CH3_OFF_CH3N_PWM
    motor_control.o(i.H2_L1) refers to peripherial_init.o(i.TIM1_CH1_OFF_CH1N_PWM) for TIM1_CH1_OFF_CH1N_PWM
    motor_control.o(i.H2_L1) refers to peripherial_init.o(i.TIM1_CH2_PWM_CH2N_OFF) for TIM1_CH2_PWM_CH2N_OFF
    motor_control.o(i.H2_L1) refers to peripherial_init.o(i.TIM1_CH3_OFF_CH3N_OFF) for TIM1_CH3_OFF_CH3N_OFF
[...]
    i.OS_CPU_SysTickInit                     0x08001e88   Section        0  os_cpu_c.o(i.OS_CPU_SysTickInit)
    i.OS_Dummy                               0x08001eb8   Section        0  os_core.o(i.OS_Dummy)
    i.OS_EventTaskRemove                     0x08001eba   Section        0  os_core.o(i.OS_EventTaskRemove)
    i.OS_EventTaskRemoveMulti                0x08001eea   Section        0  os_core.o(i.OS_EventTaskRemoveMulti)
    i.OS_EventWaitListInit                   0x08001f26   Section        0  os_core.o(i.OS_EventWaitListInit)
    i.OS_FlagInit                            0x08001f44   Section        0  os_flag.o(i.OS_FlagInit)
    i.OS_FlagUnlink                          0x08001f9c   Section        0  os_flag.o(i.OS_FlagUnlink)
    i.OS_InitEventList                       0x08001fc0   Section        0  os_core.o(i.OS_InitEventList)
    OS_InitEventList                         0x08001fc1   Thumb Code    84  os_core.o(i.OS_InitEventList)
    i.OS_InitMisc                            0x08002020   Section        0  os_core.o(i.OS_InitMisc)
    OS_InitMisc                              0x08002021   Thumb Code    48  os_core.o(i.OS_InitMisc)
    i.OS_InitRdyList                         0x0800207c   Section        0  os_core.o(i.OS_InitRdyList)
    OS_InitRdyList                           0x0800207d   Thumb Code    46  os_core.o(i.OS_InitRdyList)
    i.OS_InitTCBList                         0x080020c4   Section        0  os_core.o(i.OS_InitTCBList)
    OS_InitTCBList                           0x080020c5   Thumb Code   106  os_core.o(i.OS_InitTCBList)
    i.OS_InitTaskIdle                        0x08002144   Section        0  os_core.o(i.OS_InitTaskIdle)
    OS_InitTaskIdle                          0x08002145   Thumb Code    50  os_core.o(i.OS_InitTaskIdle)
    i.OS_InitTaskStat                        0x08002194   Section        0  os_core.o(i.OS_InitTaskStat)
    OS_InitTaskStat                          0x08002195   Thumb Code    50  os_core.o(i.OS_InitTaskStat)
    i.OS_MemClr                              0x080021e4   Section        0  os_core.o(i.OS_MemClr)
    i.OS_MemInit                             0x080021f8   Section        0  os_mem.o(i.OS_MemInit)
    i.OS_QInit                               0x08002250   Section        0  os_q.o(i.OS_QInit)
    i.OS_Sched                               0x080022a0   Section        0  os_core.o(i.OS_Sched)
    i.OS_SchedNew                            0x08002314   Section        0  os_core.o(i.OS_SchedNew)
    OS_SchedNew                              0x08002315   Thumb Code    80  os_core.o(i.OS_SchedNew)
    i.OS_TCBInit                             0x08002374   Section        0  os_core.o(i.OS_TCBInit)
    i.OS_TaskIdle                            0x080024bc   Section        0  os_core.o(i.OS_TaskIdle)
    i.OS_TaskReturn                          0x080024e4   Section        0  os_task.o(i.OS_TaskReturn)
    i.OS_TaskStat                            0x080024fc   Section        0  os_core.o(i.OS_TaskStat)
    i.OS_TaskStatStkChk                      0x0800259c   Section        0  os_core.o(i.OS_TaskStatStkChk)
    i.OS_TaskStkClr                          0x080025d8   Section        0  os_task.o(i.OS_TaskStkClr)
    i.ParametersInit                         0x080025f4   Section        0  global_parameters.o(i.ParametersInit)
    i.RCC_AHB1PeriphClockCmd                 0x08002798   Section        0  stm32f4xx_rcc.o(i.RCC_AHB1PeriphClockCmd)
    i.RCC_APB1PeriphClockCmd                 0x080027b8   Section        0  stm32f4xx_rcc.o(i.RCC_APB1PeriphClockCmd)
    i.RCC_APB1PeriphResetCmd                 0x080027d8   Section        0  stm32f4xx_rcc.o(i.RCC_APB1PeriphResetCmd)
    i.RCC_APB2PeriphClockCmd                 0x080027f8   Section        0  stm32f4xx_rcc.o(i.RCC_APB2PeriphClockCmd)
    i.RCC_APB2PeriphResetCmd                 0x08002818   Section        0  stm32f4xx_rcc.o(i.RCC_APB2PeriphResetCmd)
    i.RS485_Task                             0x08002838   Section        0  app.o(i.RS485_Task)
    i.Read_Current_Bias                      0x08002850   Section        0  motor_control.o(i.Read_Current_Bias)
    i.Read_IncEncoder                        0x0800289c   Section        0  spd_pos_filter.o(i.Read_IncEncoder)
    i.SVC_Handler                            0x080028e4   Section        0  stm32f4xx_it.o(i.SVC_Handler)
    i.SetSysClock                            0x080028e8   Section        0  system_stm32f4xx.o(i.SetSysClock)
    SetSysClock                              0x080028e9   Thumb Code   220  system_stm32f4xx.o(i.SetSysClock)
    i.Single_Current_Average_X8_Filter       0x080029d4   Section        0  current_filter.o(i.Single_Current_Average_X8_Filter)
    i.SpeedLoopRefresh_TIM_Start             0x08002aa0   Section        0  motor_control.o(i.SpeedLoopRefresh_TIM_Start)
    i.Speed_PID_Cal                          0x08002ac0   Section        0  motor_control.o(i.Speed_PID_Cal)
    i.StateMachine_Task                      0x08002bac   Section        0  app.o(i.StateMachine_Task)
    i.SystemInit                             0x08002c08   Section        0  system_stm32f4xx.o(i.SystemInit)
    i.TI1_Config                             0x08002c70   Section        0  stm32f4xx_tim.o(i.TI1_Config)
    TI1_Config                               0x08002c71   Thumb Code    58  stm32f4xx_tim.o(i.TI1_Config)
    i.TI2_Config                             0x08002caa   Section        0  stm32f4xx_tim.o(i.TI2_Config)
    TI2_Config                               0x08002cab   Thumb Code    80  stm32f4xx_tim.o(i.TI2_Config)
    i.TI3_Config                             0x08002cfa   Section        0  stm32f4xx_tim.o(i.TI3_Config)
    TI3_Config                               0x08002cfb   Thumb Code    72  stm32f4xx_tim.o(i.TI3_Config)
    i.TI4_Config                             0x08002d42   Section        0  stm32f4xx_tim.o(i.TI4_Config)
    TI4_Config                               0x08002d43   Thumb Code    80  stm32f4xx_tim.o(i.TI4_Config)
    i.TIM1_CH1_OFF_CH1N_OFF                  0x08002d94   Section        0  peripherial_init.o(i.TIM1_CH1_OFF_CH1N_OFF)
    i.TIM1_CH1_OFF_CH1N_PWM                  0x08002dd0   Section        0  peripherial_init.o(i.TIM1_CH1_OFF_CH1N_PWM)
    i.TIM1_CH1_PWM_CH1N_OFF                  0x08002e08   Section        0  peripherial_init.o(i.TIM1_CH1_PWM_CH1N_OFF)
    i.TIM1_CH2_OFF_CH2N_OFF                  0x08002e40   Section        0  peripherial_init.o(i.TIM1_CH2_OFF_CH2N_OFF)
    i.TIM1_CH2_OFF_CH2N_PWM                  0x08002e7c   Section        0  peripherial_init.o(i.TIM1_CH2_OFF_CH2N_PWM)
    i.TIM1_CH2_PWM_CH2N_OFF                  0x08002eb4   Section        0  peripherial_init.o(i.TIM1_CH2_PWM_CH2N_OFF)
    i.TIM1_CH3_OFF_CH3N_OFF                  0x08002eec   Section        0  peripherial_init.o(i.TIM1_CH3_OFF_CH3N_OFF)
    i.TIM1_CH3_OFF_CH3N_PWM                  0x08002f28   Section        0  peripherial_init.o(i.TIM1_CH3_OFF_CH3N_PWM)
    i.TIM1_CH3_PWM_CH3N_OFF                  0x08002f60   Section        0  peripherial_init.o(i.TIM1_CH3_PWM_CH3N_OFF)
    i.TIM1_UP_TIM10_IRQHandler               0x08002f98   Section        0  stm32f4xx_it.o(i.TIM1_UP_TIM10_IRQHandler)
    i.TIM2_IRQHandler                        0x08003058   Section        0  stm32f4xx_it.o(i.TIM2_IRQHandler)
    i.TIM3_IRQHandler                        0x080030b0   Section        0  stm32f4xx_it.o(i.TIM3_IRQHandler)
    i.TIM4_IRQHandler                        0x08003110   Section        0  stm32f4xx_it.o(i.TIM4_IRQHandler)
    i.TIM_ARRPreloadConfig                   0x08003130   Section        0  stm32f4xx_tim.o(i.TIM_ARRPreloadConfig)
    i.TIM_BDTRConfig                         0x08003148   Section        0  stm32f4xx_tim.o(i.TIM_BDTRConfig)
    i.TIM_ClearFlag                          0x08003168   Section        0  stm32f4xx_tim.o(i.TIM_ClearFlag)
    i.TIM_ClearITPendingBit                  0x0800316e   Section        0  stm32f4xx_tim.o(i.TIM_ClearITPendingBit)
    i.TIM_Cmd                                0x08003174   Section        0  stm32f4xx_tim.o(i.TIM_Cmd)
    i.TIM_CtrlPWMOutputs                     0x0800318c   Section        0  stm32f4xx_tim.o(i.TIM_CtrlPWMOutputs)
    i.TIM_DeInit                             0x080031ac   Section        0  stm32f4xx_tim.o(i.TIM_DeInit)
    i.TIM_EncoderInterfaceConfig             0x0800333c   Section        0  stm32f4xx_tim.o(i.TIM_EncoderInterfaceConfig)
    i.TIM_GetITStatus                        0x0800337e   Section        0  stm32f4xx_tim.o(i.TIM_GetITStatus)
    i.TIM_ICInit                             0x080033a0   Section        0  stm32f4xx_tim.o(i.TIM_ICInit)
    i.TIM_ICStructInit                       0x0800340e   Section        0  stm32f4xx_tim.o(i.TIM_ICStructInit)
    i.TIM_ITConfig                           0x08003420   Section        0  stm32f4xx_tim.o(i.TIM_ITConfig)
    i.TIM_OC1Init                            0x08003434   Section        0  stm32f4xx_tim.o(i.TIM_OC1Init)
    i.TIM_OC1PreloadConfig                   0x080034b0   Section        0  stm32f4xx_tim.o(i.TIM_OC1PreloadConfig)
    i.TIM_OC2Init                            0x080034c4   Section        0  stm32f4xx_tim.o(i.TIM_OC2Init)
    i.TIM_OC2PreloadConfig                   0x08003568   Section        0  stm32f4xx_tim.o(i.TIM_OC2PreloadConfig)
    i.TIM_OC3Init                            0x08003584   Section        0  stm32f4xx_tim.o(i.TIM_OC3Init)
    i.TIM_OC3PreloadConfig                   0x08003624   Section        0  stm32f4xx_tim.o(i.TIM_OC3PreloadConfig)
    i.TIM_OCStructInit                       0x08003636   Section        0  stm32f4xx_tim.o(i.TIM_OCStructInit)
    i.TIM_SelectHallSensor                   0x0800364a   Section        0  stm32f4xx_tim.o(i.TIM_SelectHallSensor)
    i.TIM_SetIC1Prescaler                    0x08003662   Section        0  stm32f4xx_tim.o(i.TIM_SetIC1Prescaler)
    i.TIM_SetIC2Prescaler                    0x08003674   Section        0  stm32f4xx_tim.o(i.TIM_SetIC2Prescaler)
    i.TIM_SetIC3Prescaler                    0x0800368e   Section        0  stm32f4xx_tim.o(i.TIM_SetIC3Prescaler)
    i.TIM_SetIC4Prescaler                    0x080036a0   Section        0  stm32f4xx_tim.o(i.TIM_SetIC4Prescaler)
    i.TIM_TimeBaseInit                       0x080036bc   Section        0  stm32f4xx_tim.o(i.TIM_TimeBaseInit)
    i.TIM_TimeBaseStructInit                 0x08003740   Section        0  stm32f4xx_tim.o(i.TIM_TimeBaseStructInit)
    i.Timer1_Config                          0x08003754   Section        0  peripherial_init.o(i.Timer1_Config)
    i.Timer2_Config                          0x08003860   Section        0  peripherial_init.o(i.Timer2_Config)
    i.Timer3_Config                          0x080038b8   Section        0  peripherial_init.o(i.Timer3_Config)
    i.Timer4_Config                          0x08003978   Section        0  peripherial_init.o(i.Timer4_Config)
    i.Timer5_Config                          0x08003a0c   Section        0  peripherial_init.o(i.Timer5_Config)
    i.UsageFault_Handler                     0x08003a0e   Section        0  stm32f4xx_it.o(i.UsageFault_Handler)
    i.__hardfp_fabs                          0x08003a12   Section        0  fabs.o(i.__hardfp_fabs)
    i.delay_us                               0x08003a26   Section        0  delay.o(i.delay_us)
    i.main                                   0x08003a60   Section        0  main.o(i.main)
    x$fpl$d2f                                0x08003acc   Section       98  d2f.o(x$fpl$d2f)
    $v0                                      0x08003acc   Number         0  d2f.o(x$fpl$d2f)
    x$fpl$dnaninf                            0x08003b2e   Section      156  dnaninf.o(x$fpl$dnaninf)
    $v0                                      0x08003b2e   Number         0  dnaninf.o(x$fpl$dnaninf)
    x$fpl$dretinf                            0x08003bca   Section       12  dretinf.o(x$fpl$dretinf)
    $v0                                      0x08003bca   Number         0  dretinf.o(x$fpl$dretinf)
    x$fpl$f2d                                0x08003bd8   Section       86  f2d.o(x$fpl$f2d)
    $v0                                      0x08003bd8   Number         0  f2d.o(x$fpl$f2d)
    x$fpl$fnaninf                            0x08003c2e   Section      140  fnaninf.o(x$fpl$fnaninf)
    $v0                                      0x08003c2e   Number         0  fnaninf.o(x$fpl$fnaninf)
    x$fpl$fpinit                             0x08003cba   Section       10  fpinit.o(x$fpl$fpinit)
    $v0                                      0x08003cba   Number         0  fpinit.o(x$fpl$fpinit)
    x$fpl$fretinf                            0x08003cc4   Section       10  fretinf.o(x$fpl$fretinf)
    $v0                                      0x08003cc4   Number         0  fretinf.o(x$fpl$fretinf)
    x$fpl$usenofp                            0x08003cce   Section        0  usenofp.o(x$fpl$usenofp)
    .constdata                               0x08003cd0   Section      116  os_dbg.o(.constdata)
    .constdata                               0x08003d44   Section      256  os_core.o(.constdata)
    .data                                    0x20000000   Section        8  main.o(.data)
    .data                                    0x20000008   Section       64  motor_control.o(.data)
    .data                                    0x20000048   Section        4  global_parameters.o(.data)
    .data                                    0x2000004c   Section        4  os_cpu_c.o(.data)
    .data                                    0x20000050   Section       76  os_core.o(.data)
    .bss                                     0x2000009c   Section     2816  main.o(.bss)
    .bss                                     0x20000ba0   Section      368  global_parameters.o(.bss)
    .bss                                     0x20000d10   Section      512  os_cpu_c.o(.bss)
    .bss                                     0x20000f10   Section     5352  os_core.o(.bss)
    .bss                                     0x200023f8   Section       96  libspace.o(.bss)
    HEAP                                     0x20002458   Section      512  startup_stm32f40xx.o(HEAP)
    Heap_Mem                                 0x20002458   Data         512  startup_stm32f40xx.o(HEAP)
    STACK                                    0x20002658   Section     1024  startup_stm32f40xx.o(STACK)
    Stack_Mem                                0x20002658   Data        1024  startup_stm32f40xx.o(STACK)
    __initial_sp                             0x20002a58   Data           0  startup_stm32f40xx.o(STACK)

    Global Symbols

    Symbol Name                              Value     Ov Type        Size  Object(Section)

    BuildAttributes$$THM_ISAv4$E$P$D$K$B$S$7EM$VFPi3$EXTD16$VFPS$VFMA$PE$A:L22UL41UL21$X:L11$S22US41US21$IEEE1$IW$USESV6$~STKCKD$USESV7$~SHL$OTIME$ROPI$IEEEJ$EBA8$UX$STANDARDLIB$REQ8$PRES8$EABIv2 0x00000000   Number         0  anon$$obj.o ABSOLUTE
    __ARM_use_no_argv                        0x00000000   Number         0  main.o ABSOLUTE
    __ARM_exceptions_init                     - Undefined Weak Reference
    __alloca_initialize                       - Undefined Weak Reference
    __arm_preinit_                            - Undefined Weak Reference
    __cpp_initialize__aeabi_                  - Undefined Weak Reference
    __cxa_finalize                            - Undefined Weak Reference
    __rt_locale                               - Undefined Weak Reference
    __sigvec_lookup                           - Undefined Weak Reference
    _atexit_init                              - Undefined Weak Reference
    _call_atexit_fns                          - Undefined Weak Reference
    _clock_init                               - Undefined Weak Reference
    _fp_trap_init                             - Undefined Weak Reference
    _fp_trap_shutdown                         - Undefined Weak Reference
    _get_lc_collate                           - Undefined Weak Reference
    _get_lc_ctype                             - Undefined Weak Reference
    _get_lc_monetary                          - Undefined Weak Reference
    _get_lc_numeric                           - Undefined Weak Reference
    _get_lc_time                              - Undefined Weak Reference
    _getenv_init                              - Undefined Weak Reference
    _handle_redirection                       - Undefined Weak Reference
    _init_alloc                               - Undefined Weak Reference
    _init_user_alloc                          - Undefined Weak Reference
    _initio                                   - Undefined Weak Reference
    _rand_init                                - Undefined Weak Reference
    _signal_finish                            - Undefined Weak Reference
    _signal_init                              - Undefined Weak Reference
    _terminate_alloc                          - Undefined Weak Reference
    _terminate_user_alloc                     - Undefined Weak Reference
    _terminateio                              - Undefined Weak Reference
    __Vectors_Size                           0x00000188   Number         0  startup_stm32f40xx.o ABSOLUTE
    __Vectors                                0x08000000   Data           4  startup_stm32f40xx.o(RESET)
    __Vectors_End                            0x08000188   Data           0  startup_stm32f40xx.o(RESET)
    __main                                   0x08000189   Thumb Code     8  __main.o(!!!main)
    __scatterload                            0x08000191   Thumb Code     0  __scatter.o(!!!scatter)
    __scatterload_rt2                        0x08000191   Thumb Code    44  __scatter.o(!!!scatter)
    __scatterload_rt2_thumb_only             0x08000191   Thumb Code     0  __scatter.o(!!!scatter)
    __scatterload_null                       0x0800019f   Thumb Code     0  __scatter.o(!!!scatter)
    __scatterload_copy                       0x080001c5   Thumb Code    26  __scatter_copy.o(!!handler_copy)
    __scatterload_zeroinit                   0x080001e1   Thumb Code    28  __scatter_zi.o(!!handler_zi)
    __rt_lib_init                            0x080001fd   Thumb Code     0  libinit.o(.ARM.Collect$$libinit$$00000000)
    __rt_lib_init_fp_1                       0x080001ff   Thumb Code     0  libinit2.o(.ARM.Collect$$libinit$$00000001)
    __rt_lib_init_alloca_1                   0x08000203   Thumb Code     0  libinit2.o(.ARM.Collect$$libinit$$0000002E)
    __rt_lib_init_argv_1                     0x08000203   Thumb Code     0  libinit2.o(.ARM.Collect$$libinit$$0000002C)
    __rt_lib_init_atexit_1                   0x08000203   Thumb Code     0  libinit2.o(.ARM.Collect$$libinit$$0000001B)
    __rt_lib_init_clock_1                    0x08000203   Thumb Code     0  libinit2.o(.ARM.Collect$$libinit$$00000021)
    __rt_lib_init_cpp_1                      0x08000203   Thumb Code     0  libinit2.o(.ARM.Collect$$libinit$$00000032)
    __rt_lib_init_exceptions_1               0x08000203   Thumb Code     0  libinit2.o(.ARM.Collect$$libinit$$00000030)
    __rt_lib_init_fp_trap_1                  0x08000203   Thumb Code     0  libinit2.o(.ARM.Collect$$libinit$$0000001F)
    __rt_lib_init_getenv_1                   0x08000203   Thumb Code     0  libinit2.o(.ARM.Collect$$libinit$$00000023)
    __rt_lib_init_heap_1                     0x08000203   Thumb Code     0  libinit2.o(.ARM.Collect$$libinit$$0000000A)
    __rt_lib_init_lc_collate_1               0x08000203   Thumb Code     0  libinit2.o(.ARM.Collect$$libinit$$00000011)
    __rt_lib_init_lc_ctype_1                 0x08000203   Thumb Code     0  libinit2.o(.ARM.Collect$$libinit$$00000013)
    __rt_lib_init_lc_monetary_1              0x08000203   Thumb Code     0  libinit2.o(.ARM.Collect$$libinit$$00000015)
    __rt_lib_init_lc_numeric_1               0x08000203   Thumb Code     0  libinit2.o(.ARM.Collect$$libinit$$00000017)
    __rt_lib_init_lc_time_1                  0x08000203   Thumb Code     0  libinit2.o(.ARM.Collect$$libinit$$00000019)
    __rt_lib_init_preinit_1                  0x08000203   Thumb Code     0  libinit2.o(.ARM.Collect$$libinit$$00000004)
    __rt_lib_init_rand_1                     0x08000203   Thumb Code     0  libinit2.o(.ARM.Collect$$libinit$$0000000E)
    __rt_lib_init_return                     0x08000203   Thumb Code     0  libinit2.o(.ARM.Collect$$libinit$$00000033)
    __rt_lib_init_signal_1                   0x08000203   Thumb Code     0  libinit2.o(.ARM.Collect$$libinit$$0000001D)
    __rt_lib_init_stdio_1                    0x08000203   Thumb Code     0  libinit2.o(.ARM.Collect$$libinit$$00000025)
    __rt_lib_init_user_alloc_1               0x08000203   Thumb Code     0  libinit2.o(.ARM.Collect$$libinit$$0000000C)
    __rt_lib_shutdown                        0x08000205   Thumb Code     0  libshutdown.o(.ARM.Collect$$libshutdown$$00000000)
    __rt_lib_shutdown_fp_trap_1              0x08000207   Thumb Code     0  libshutdown2.o(.ARM.Collect$$libshutdown$$00000006)
    __rt_lib_shutdown_heap_1                 0x08000207   Thumb Code     0  libshutdown2.o(.ARM.Collect$$libshutdown$$0000000E)
    __rt_lib_shutdown_return                 0x08000207   Thumb Code     0  libshutdown2.o(.ARM.Collect$$libshutdown$$0000000F)
    __rt_lib_shutdown_signal_1               0x08000207   Thumb Code     0  libshutdown2.o(.ARM.Collect$$libshutdown$$00000009)
    __rt_lib_shutdown_stdio_1                0x08000207   Thumb Code     0  libshutdown2.o(.ARM.Collect$$libshutdown$$00000003)
    __rt_lib_shutdown_user_alloc_1           0x08000207   Thumb Code     0  libshutdown2.o(.ARM.Collect$$libshutdown$$0000000B)
    __rt_entry                               0x08000209   Thumb Code     0  __rtentry.o(.ARM.Collect$$rtentry$$00000000)
    __rt_entry_presh_1                       0x08000209   Thumb Code     0  __rtentry2.o(.ARM.Collect$$rtentry$$00000002)
    __rt_entry_sh                            0x08000209   Thumb Code     0  __rtentry4.o(.ARM.Collect$$rtentry$$00000004)
    __rt_entry_li                            0x0800020f   Thumb Code     0  __rtentry2.o(.ARM.Collect$$rtentry$$0000000A)
    __rt_entry_postsh_1                      0x0800020f   Thumb Code     0  __rtentry2.o(.ARM.Collect$$rtentry$$00000009)
    __rt_entry_main                          0x08000213   Thumb Code     0  __rtentry2.o(.ARM.Collect$$rtentry$$0000000D)
    __rt_entry_postli_1                      0x08000213   Thumb Code     0  __rtentry2.o(.ARM.Collect$$rtentry$$0000000C)
    __rt_exit                                0x0800021b   Thumb Code     0  rtexit.o(.ARM.Collect$$rtexit$$00000000)
    __rt_exit_ls                             0x0800021d   Thumb Code     0  rtexit2.o(.ARM.Collect$$rtexit$$00000003)
    __rt_exit_prels_1                        0x0800021d   Thumb Code     0  rtexit2.o(.ARM.Collect$$rtexit$$00000002)
    __rt_exit_exit                           0x08000221   Thumb Code     0  rtexit2.o(.ARM.Collect$$rtexit$$00000004)
    Reset_Handler                            0x08000229   Thumb Code    40  startup_stm32f40xx.o(.text)
    ADC_IRQHandler                           0x08000263   Thumb Code     0  startup_stm32f40xx.o(.text)
    CAN1_RX0_IRQHandler                      0x08000263   Thumb Code     0  startup_stm32f40xx.o(.text)
    CAN1_RX1_IRQHandler                      0x08000263   Thumb Code     0  startup_stm32f40xx.o(.text)
    CAN1_SCE_IRQHandler                      0x08000263   Thumb Code     0  startup_stm32f40xx.o(.text)
    CAN1_TX_IRQHandler                       0x08000263   Thumb Code     0  startup_stm32f40xx.o(.text)
    CAN2_RX0_IRQHandler                      0x08000263   Thumb Code     0  startup_stm32f40xx.o(.text)
    CAN2_RX1_IRQHandler                      0x08000263   Thumb Code     0  startup_stm32f40xx.o(.text)
    CAN2_SCE_IRQHandler                      0x08000263   Thumb Code     0  startup_stm32f40xx.o(.text)
    CAN2_TX_IRQHandler                       0x08000263   Thumb Code     0  startup_stm32f40xx.o(.text)
    CRYP_IRQHandler                          0x08000263   Thumb Code     0  startup_stm32f40xx.o(.text)
    DCMI_IRQHandler                          0x08000263   Thumb Code     0  startup_stm32f40xx.o(.text)
    DMA1_Stream0_IRQHandler                  0x08000263   Thumb Code     0  startup_stm32f40xx.o(.text)
    DMA1_Stream1_IRQHandler                  0x08000263   Thumb Code     0  startup_stm32f40xx.o(.text)
    DMA1_Stream2_IRQHandler                  0x08000263   Thumb Code     0  startup_stm32f40xx.o(.text)
    DMA1_Stream3_IRQHandler                  0x08000263   Thumb Code     0  startup_stm32f40xx.o(.text)
    DMA1_Stream4_IRQHandler                  0x08000263   Thumb Code     0  startup_stm32f40xx.o(.text)
    DMA1_Stream5_IRQHandler                  0x08000263   Thumb Code     0  startup_stm32f40xx.o(.text)
    DMA1_Stream6_IRQHandler                  0x08000263   Thumb Code     0  startup_stm32f40xx.o(.text)
    DMA1_Stream7_IRQHandler                  0x08000263   Thumb Code     0  startup_stm32f40xx.o(.text)
    DMA2_Stream1_IRQHandler                  0x08000263   Thumb Code     0  startup_stm32f40xx.o(.text)
    DMA2_Stream2_IRQHandler                  0x08000263   Thumb Code     0  startup_stm32f40xx.o(.text)
    DMA2_Stream3_IRQHandler                  0x08000263   Thumb Code     0  startup_stm32f40xx.o(.text)
    DMA2_Stream4_IRQHandler                  0x08000263   Thumb Code     0  startup_stm32f40xx.o(.text)
    DMA2_Stream5_IRQHandler                  0x08000263   Thumb Code     0  startup_stm32f40xx.o(.text)
    DMA2_Stream6_IRQHandler                  0x08000263   Thumb Code     0  startup_stm32f40xx.o(.text)
    DMA2_Stream7_IRQHandler                  0x08000263   Thumb Code     0  startup_stm32f40xx.o(.text)
    ETH_IRQHandler                           0x08000263   Thumb Code     0  startup_stm32f40xx.o(.text)
    ETH_WKUP_IRQHandler                      0x08000263   Thumb Code     0  startup_stm32f40xx.o(.text)
    EXTI0_IRQHandler                         0x08000263   Thumb Code     0  startup_stm32f40xx.o(.text)
    EXTI15_10_IRQHandler                     0x08000263   Thumb Code     0  startup_stm32f40xx.o(.text)
    EXTI1_IRQHandler                         0x08000263   Thumb Code     0  startup_stm32f40xx.o(.text)
    EXTI2_IRQHandler                         0x08000263   Thumb Code     0  startup_stm32f40xx.o(.text)
    EXTI3_IRQHandler                         0x08000263   Thumb Code     0  startup_stm32f40xx.o(.text)
    EXTI4_IRQHandler                         0x08000263   Thumb Code     0  startup_stm32f40xx.o(.text)
    EXTI9_5_IRQHandler                       0x08000263   Thumb Code     0  startup_stm32f40xx.o(.text)
    FLASH_IRQHandler                         0x08000263   Thumb Code     0  startup_stm32f40xx.o(.text)
    FPU_IRQHandler                           0x08000263   Thumb Code     0  startup_stm32f40xx.o(.text)
    FSMC_IRQHandler                          0x08000263   Thumb Code     0  startup_stm32f40xx.o(.text)
    HASH_RNG_IRQHandler                      0x08000263   Thumb Code     0  startup_stm32f40xx.o(.text)
    I2C1_ER_IRQHandler                       0x08000263   Thumb Code     0  startup_stm32f40xx.o(.text)
    I2C1_EV_IRQHandler                       0x08000263   Thumb Code     0  startup_stm32f40xx.o(.text)
    I2C2_ER_IRQHandler                       0x08000263   Thumb Code     0  startup_stm32f40xx.o(.text)
    I2C2_EV_IRQHandler                       0x08000263   Thumb Code     0  startup_stm32f40xx.o(.text)
    I2C3_ER_IRQHandler                       0x08000263   Thumb Code     0  startup_stm32f40xx.o(.text)
    I2C3_EV_IRQHandler                       0x08000263   Thumb Code     0  startup_stm32f40xx.o(.text)
    OTG_FS_IRQHandler                        0x08000263   Thumb Code     0  startup_stm32f40xx.o(.text)
    OTG_FS_WKUP_IRQHandler                   0x08000263   Thumb Code     0  startup_stm32f40xx.o(.text)
    OTG_HS_EP1_IN_IRQHandler                 0x08000263   Thumb Code     0  startup_stm32f40xx.o(.text)
    OTG_HS_EP1_OUT_IRQHandler                0x08000263   Thumb Code     0  startup_stm32f40xx.o(.text)
    OTG_HS_IRQHandler                        0x08000263   Thumb Code     0  startup_stm32f40xx.o(.text)
    OTG_HS_WKUP_IRQHandler                   0x08000263   Thumb Code     0  startup_stm32f40xx.o(.text)
    PVD_IRQHandler                           0x08000263   Thumb Code     0  startup_stm32f40xx.o(.text)
    RCC_IRQHandler                           0x08000263   Thumb Code     0  startup_stm32f40xx.o(.text)
    RTC_Alarm_IRQHandler                     0x08000263   Thumb Code     0  startup_stm32f40xx.o(.text)
    RTC_WKUP_IRQHandler                      0x08000263   Thumb Code     0  startup_stm32f40xx.o(.text)
    SDIO_IRQHandler                          0x08000263   Thumb Code     0  startup_stm32f40xx.o(.text)
    SPI1_IRQHandler                          0x08000263   Thumb Code     0  startup_stm32f40xx.o(.text)
    SPI2_IRQHandler                          0x08000263   Thumb Code     0  startup_stm32f40xx.o(.text)
    SPI3_IRQHandler                          0x08000263   Thumb Code     0  startup_stm32f40xx.o(.text)
    TAMP_STAMP_IRQHandler                    0x08000263   Thumb Code     0  startup_stm32f40xx.o(.text)
    TIM1_BRK_TIM9_IRQHandler                 0x08000263   Thumb Code     0  startup_stm32f40xx.o(.text)
    TIM1_CC_IRQHandler                       0x08000263   Thumb Code     0  startup_stm32f40xx.o(.text)
    TIM1_TRG_COM_TIM11_IRQHandler            0x08000263   Thumb Code     0  startup_stm32f40xx.o(.text)
    TIM5_IRQHandler                          0x08000263   Thumb Code     0  startup_stm32f40xx.o(.text)
    TIM6_DAC_IRQHandler                      0x08000263   Thumb Code     0  startup_stm32f40xx.o(.text)
    TIM7_IRQHandler                          0x08000263   Thumb Code     0  startup_stm32f40xx.o(.text)
    TIM8_BRK_TIM12_IRQHandler                0x08000263   Thumb Code     0  startup_stm32f40xx.o(.text)
    TIM8_CC_IRQHandler                       0x08000263   Thumb Code     0  startup_stm32f40xx.o(.text)
    TIM8_TRG_COM_TIM14_IRQHandler            0x08000263   Thumb Code     0  startup_stm32f40xx.o(.text)
    TIM8_UP_TIM13_IRQHandler                 0x08000263   Thumb Code     0  startup_stm32f40xx.o(.text)
    UART4_IRQHandler                         0x08000263   Thumb Code     0  startup_stm32f40xx.o(.text)
    UART5_IRQHandler                         0x08000263   Thumb Code     0  startup_stm32f40xx.o(.text)
    USART1_IRQHandler                        0x08000263   Thumb Code     0  startup_stm32f40xx.o(.text)
    USART2_IRQHandler                        0x08000263   Thumb Code     0  startup_stm32f40xx.o(.text)
    USART3_IRQHandler                        0x08000263   Thumb Code     0  startup_stm32f40xx.o(.text)
    USART6_IRQHandler                        0x08000263   Thumb Code     0  startup_stm32f40xx.o(.text)
    WWDG_IRQHandler                          0x08000263   Thumb Code     0  startup_stm32f40xx.o(.text)
    __user_initial_stackheap                 0x08000265   Thumb Code     0  startup_stm32f40xx.o(.text)
    OS_CPU_FP_Reg_Push                       0x08000291   Thumb Code     0  os_cpu_a.o(.text)
    OS_CPU_FP_Reg_Pop                        0x080002ab   Thumb Code     0  os_cpu_a.o(.text)
    OS_CPU_SR_Save                           0x080002bd   Thumb Code     0  os_cpu_a.o(.text)
    OS_CPU_SR_Restore                        0x080002c5   Thumb Code     0  os_cpu_a.o(.text)
    OSStartHighRdy                           0x080002cb   Thumb Code     0  os_cpu_a.o(.text)
    OSCtxSw                                  0x080002f3   Thumb Code     0  os_cpu_a.o(.text)
    OSIntCtxSw                               0x080002fd   Thumb Code     0  os_cpu_a.o(.text)
    OS_CPU_PendSVHandler                     0x08000307   Thumb Code     0  os_cpu_a.o(.text)
    __use_two_region_memory                  0x08000379   Thumb Code     2  heapauxi.o(.text)
    __rt_heap_escrow$2region                 0x0800037b   Thumb Code     2  heapauxi.o(.text)
    __rt_heap_expand$2region                 0x0800037d   Thumb Code     2  heapauxi.o(.text)
    __user_setup_stackheap                   0x0800037f   Thumb Code    74  sys_stackheap_outer.o(.text)
    exit                                     0x080003c9   Thumb Code    12  exit.o(.text)
    __user_libspace                          0x080003d5   Thumb Code     8  libspace.o(.text)
    __user_perproc_libspace                  0x080003d5   Thumb Code     0  libspace.o(.text)
    __user_perthread_libspace                0x080003d5   Thumb Code     0  libspace.o(.text)
    _sys_exit                                0x080003dd   Thumb Code     8  sys_exit.o(.text)
    __I$use$semihosting                      0x080003e9   Thumb Code     0  use_no_semi.o(.text)
    __use_no_semihosting_swi                 0x080003e9   Thumb Code     2  use_no_semi.o(.text)
    ADC_Cmd                                  0x080003eb   Thumb Code    22  stm32f4xx_adc.o(i.ADC_Cmd)
    __semihosting_library_function           0x080003eb   Thumb Code     0  indicate_semi.o(.text)
    ADC_CommonInit                           0x08000401   Thumb Code    34  stm32f4xx_adc.o(i.ADC_CommonInit)
    ADC_DMACmd                               0x08000431   Thumb Code    22  stm32f4xx_adc.o(i.ADC_DMACmd)
    ADC_DMARequestAfterLastTransferCmd       0x08000447   Thumb Code    22  stm32f4xx_adc.o(i.ADC_DMARequestAfterLastTransferCmd)
    ADC_DMA_Config                           0x0800045d   Thumb Code   254  peripherial_init.o(i.ADC_DMA_Config)
    ADC_DeInit                               0x08000569   Thumb Code    22  stm32f4xx_adc.o(i.ADC_DeInit)
    ADC_Init                                 0x08000581   Thumb Code    74  stm32f4xx_adc.o(i.ADC_Init)
    ADC_RegularChannelConfig                 0x080005d5   Thumb Code   184  stm32f4xx_adc.o(i.ADC_RegularChannelConfig)
    ADC_SoftwareStartConv                    0x0800068d   Thumb Code    10  stm32f4xx_adc.o(i.ADC_SoftwareStartConv)
    BrakeControl                             0x08000775   Thumb Code    42  peripherial_init.o(i.BrakeControl)
    BusFault_Handler                         0x080007a5   Thumb Code     4  stm32f4xx_it.o(i.BusFault_Handler)
    Curr_PID_Cal                             0x080007a9   Thumb Code   164  motor_control.o(i.Curr_PID_Cal)
    CurrentFilterDataInit                    0x08000865   Thumb Code    66  global_parameters.o(i.CurrentFilterDataInit)
    CurrentLoopRefresh_TIM_Halt              0x080008b1   Thumb Code    18  motor_control.o(i.CurrentLoopRefresh_TIM_Halt)
    CurrentLoopRefresh_TIM_Start             0x080008cd   Thumb Code    18  motor_control.o(i.CurrentLoopRefresh_TIM_Start)
    Current_Average_X8_Filter                0x080008e9   Thumb Code   112  current_filter.o(i.Current_Average_X8_Filter)
    Current_Filter_Init                      0x08000961   Thumb Code    18  current_filter.o(i.Current_Filter_Init)
    DAC_Cmd                                  0x08000979   Thumb Code    34  stm32f4xx_dac.o(i.DAC_Cmd)
    DAC_Config                               0x080009a1   Thumb Code    90  peripherial_init.o(i.DAC_Config)
    DAC_Init                                 0x08000a01   Thumb Code    46  stm32f4xx_dac.o(i.DAC_Init)
    DAC_SetChannel1Data                      0x08000a35   Thumb Code    26  stm32f4xx_dac.o(i.DAC_SetChannel1Data)
    DMA2_Stream0_IRQHandler                  0x08000a55   Thumb Code    54  stm32f4xx_it.o(i.DMA2_Stream0_IRQHandler)
    DMA_ClearITPendingBit                    0x08000a9d   Thumb Code    38  stm32f4xx_dma.o(i.DMA_ClearITPendingBit)
    DMA_Cmd                                  0x08000ad1   Thumb Code    22  stm32f4xx_dma.o(i.DMA_Cmd)
    DMA_DeInit                               0x08000ae9   Thumb Code   324  stm32f4xx_dma.o(i.DMA_DeInit)
    DMA_GetITStatus                          0x08000c41   Thumb Code    82  stm32f4xx_dma.o(i.DMA_GetITStatus)
    DMA_ITConfig                             0x08000ca5   Thumb Code    58  stm32f4xx_dma.o(i.DMA_ITConfig)
    DMA_Init                                 0x08000ce1   Thumb Code    82  stm32f4xx_dma.o(i.DMA_Init)
    DebugMon_Handler                         0x08000d39   Thumb Code     2  stm32f4xx_it.o(i.DebugMon_Handler)
    EncoderDataInit                          0x08000d3d   Thumb Code    40  global_parameters.o(i.EncoderDataInit)
    GPIO_Config                              0x08000d6d   Thumb Code   542  peripherial_init.o(i.GPIO_Config)
    GPIO_Init                                0x08000f99   Thumb Code   144  stm32f4xx_gpio.o(i.GPIO_Init)
    GPIO_PinAFConfig                         0x08001029   Thumb Code    70  stm32f4xx_gpio.o(i.GPIO_PinAFConfig)
    GPIO_ResetBits                           0x0800106f   Thumb Code     4  stm32f4xx_gpio.o(i.GPIO_ResetBits)
    GPIO_StructInit                          0x08001073   Thumb Code    18  stm32f4xx_gpio.o(i.GPIO_StructInit)
    H1_L2                                    0x08001085   Thumb Code    16  motor_control.o(i.H1_L2)
    H1_L3                                    0x08001095   Thumb Code    16  motor_control.o(i.H1_L3)
    H2_L1                                    0x080010a5   Thumb Code    16  motor_control.o(i.H2_L1)
    H2_L3                                    0x080010b5   Thumb Code    16  motor_control.o(i.H2_L3)
    H3_L1                                    0x080010c5   Thumb Code    16  motor_control.o(i.H3_L1)
    H3_L2                                    0x080010d5   Thumb Code    16  motor_control.o(i.H3_L2)
    Hall_Convert                             0x080010e5   Thumb Code    36  motor_control.o(i.Hall_Convert)
    Hall_State_Read                          0x08001115   Thumb Code    10  motor_control.o(i.Hall_State_Read)
    HardFault_Handler                        0x08001125   Thumb Code     4  stm32f4xx_it.o(i.HardFault_Handler)
    IR2130S_force_reset                      0x08001129   Thumb Code    16  motor_control.o(i.IR2130S_force_reset)
    Increment_PID_Cal                        0x08001139   Thumb Code   222  motor_control.o(i.Increment_PID_Cal)
    LED_OFF                                  0x08001219   Thumb Code    16  peripherial_init.o(i.LED_OFF)
    LED_ON                                   0x0800122d   Thumb Code    14  peripherial_init.o(i.LED_ON)
    LED_Task                                 0x08001241   Thumb Code    38  app.o(i.LED_Task)
    MemManage_Handler                        0x08001267   Thumb Code     4  stm32f4xx_it.o(i.MemManage_Handler)
    MotorCtrlDataInit                        0x0800126d   Thumb Code    64  global_parameters.o(i.MotorCtrlDataInit)
    NMI_Handler                              0x080012b5   Thumb Code     2  stm32f4xx_it.o(i.NMI_Handler)
    NULL_Switch                              0x080012b7   Thumb Code     2  motor_control.o(i.NULL_Switch)
    NVIC_Config                              0x080012b9   Thumb Code   150  peripherial_init.o(i.NVIC_Config)
    NVIC_Init                                0x08001351   Thumb Code   106  misc.o(i.NVIC_Init)
    NVIC_PriorityGroupConfig                 0x080013c9   Thumb Code    10  misc.o(i.NVIC_PriorityGroupConfig)
    OSDebugInit                              0x080013dd   Thumb Code    96  os_dbg.o(i.OSDebugInit)
    OSInit                                   0x080014f5   Thumb Code    52  os_core.o(i.OSInit)
    OSInitHookBegin                          0x08001529   Thumb Code    34  os_cpu_c.o(i.OSInitHookBegin)
    OSInitHookEnd                            0x08001559   Thumb Code     2  os_cpu_c.o(i.OSInitHookEnd)
    OSIntExit                                0x0800155d   Thumb Code   112  os_core.o(i.OSIntExit)
    OSSemCreate                              0x080015ed   Thumb Code    72  os_sem.o(i.OSSemCreate)
    OSStart                                  0x08001641   Thumb Code    48  os_core.o(i.OSStart)
    OSStatInit                               0x08001689   Thumb Code    62  os_core.o(i.OSStatInit)
    OSTCBInitHook                            0x080016d5   Thumb Code     2  os_cpu_c.o(i.OSTCBInitHook)
    OSTaskCreateExt                          0x080016d9   Thumb Code   170  os_task.o(i.OSTaskCreateExt)
    OSTaskCreateHook                         0x08001791   Thumb Code     2  os_cpu_c.o(i.OSTaskCreateHook)
    OSTaskDel                                0x08001795   Thumb Code   310  os_task.o(i.OSTaskDel)
    OSTaskDelHook                            0x080018f9   Thumb Code     2  os_cpu_c.o(i.OSTaskDelHook)
    OSTaskIdleHook                           0x080018fb   Thumb Code     2  os_cpu_c.o(i.OSTaskIdleHook)
    OSTaskNameSet                            0x080018fd   Thumb Code    98  os_task.o(i.OSTaskNameSet)
    OSTaskReturnHook                         0x0800196d   Thumb Code     2  os_cpu_c.o(i.OSTaskReturnHook)
    OSTaskStatHook                           0x0800196f   Thumb Code     2  os_cpu_c.o(i.OSTaskStatHook)
    OSTaskStkChk                             0x08001971   Thumb Code   128  os_task.o(i.OSTaskStkChk)
    OSTaskStkInit                            0x080019f9   Thumb Code   484  os_cpu_c.o(i.OSTaskStkInit)
    OSTaskSuspend                            0x08001be1   Thumb Code   154  os_task.o(i.OSTaskSuspend)
    OSTaskSwHook                             0x08001c8d   Thumb Code     2  os_cpu_c.o(i.OSTaskSwHook)
    OSTimeDly                                0x08001c91   Thumb Code   102  os_time.o(i.OSTimeDly)
    OSTimeDlyHMSM                            0x08001d0d   Thumb Code    86  os_time.o(i.OSTimeDlyHMSM)
    OSTimeTick                               0x08001d6d   Thumb Code   214  os_core.o(i.OSTimeTick)
    OSTimeTickHook                           0x08001e5d   Thumb Code     2  os_cpu_c.o(i.OSTimeTickHook)
    OS_CPU_SysTickHandler                    0x08001e61   Thumb Code    34  os_cpu_c.o(i.OS_CPU_SysTickHandler)
    OS_CPU_SysTickInit                       0x08001e89   Thumb Code    44  os_cpu_c.o(i.OS_CPU_SysTickInit)
    OS_Dummy                                 0x08001eb9   Thumb Code     2  os_core.o(i.OS_Dummy)
    OS_EventTaskRemove                       0x08001ebb   Thumb Code    48  os_core.o(i.OS_EventTaskRemove)
    OS_EventTaskRemoveMulti                  0x08001eeb   Thumb Code    60  os_core.o(i.OS_EventTaskRemoveMulti)
    OS_EventWaitListInit                     0x08001f27   Thumb Code    30  os_core.o(i.OS_EventWaitListInit)
    OS_FlagInit                              0x08001f45   Thumb Code    74  os_flag.o(i.OS_FlagInit)
    OS_FlagUnlink                            0x08001f9d   Thumb Code    36  os_flag.o(i.OS_FlagUnlink)
    OS_MemClr                                0x080021e5   Thumb Code    18  os_core.o(i.OS_MemClr)
    OS_MemInit                               0x080021f9   Thumb Code    74  os_mem.o(i.OS_MemInit)
    OS_QInit                                 0x08002251   Thumb Code    72  os_q.o(i.OS_QInit)
    OS_Sched                                 0x080022a1   Thumb Code    88  os_core.o(i.OS_Sched)
    OS_TCBInit                               0x08002375   Thumb Code   298  os_core.o(i.OS_TCBInit)
    OS_TaskIdle                              0x080024bd   Thumb Code    34  os_core.o(i.OS_TaskIdle)
    OS_TaskReturn                            0x080024e5   Thumb Code    18  os_task.o(i.OS_TaskReturn)
    OS_TaskStat                              0x080024fd   Thumb Code   140  os_core.o(i.OS_TaskStat)
    OS_TaskStatStkChk                        0x0800259d   Thumb Code    54  os_core.o(i.OS_TaskStatStkChk)
    OS_TaskStkClr                            0x080025d9   Thumb Code    26  os_task.o(i.OS_TaskStkClr)
    ParametersInit                           0x080025f5   Thumb Code   364  global_parameters.o(i.ParametersInit)
    RCC_AHB1PeriphClockCmd                   0x08002799   Thumb Code    26  stm32f4xx_rcc.o(i.RCC_AHB1PeriphClockCmd)
    RCC_APB1PeriphClockCmd                   0x080027b9   Thumb Code    26  stm32f4xx_rcc.o(i.RCC_APB1PeriphClockCmd)
    RCC_APB1PeriphResetCmd                   0x080027d9   Thumb Code    26  stm32f4xx_rcc.o(i.RCC_APB1PeriphResetCmd)
    RCC_APB2PeriphClockCmd                   0x080027f9   Thumb Code    26  stm32f4xx_rcc.o(i.RCC_APB2PeriphClockCmd)
    RCC_APB2PeriphResetCmd                   0x08002819   Thumb Code    26  stm32f4xx_rcc.o(i.RCC_APB2PeriphResetCmd)
    RS485_Task                               0x08002839   Thumb Code    22  app.o(i.RS485_Task)
    Read_Current_Bias                        0x08002851   Thumb Code    58  motor_control.o(i.Read_Current_Bias)
    Read_IncEncoder                          0x0800289d   Thumb Code    54  spd_pos_filter.o(i.Read_IncEncoder)
    SVC_Handler                              0x080028e5   Thumb Code     2  stm32f4xx_it.o(i.SVC_Handler)
    Single_Current_Average_X8_Filter         0x080029d5   Thumb Code   198  current_filter.o(i.Single_Current_Average_X8_Filter)
    SpeedLoopRefresh_TIM_Start               0x08002aa1   Thumb Code    28  motor_control.o(i.SpeedLoopRefresh_TIM_Start)
    Speed_PID_Cal                            0x08002ac1   Thumb Code   208  motor_control.o(i.Speed_PID_Cal)
    StateMachine_Task                        0x08002bad   Thumb Code    86  app.o(i.StateMachine_Task)
    SystemInit                               0x08002c09   Thumb Code    88  system_stm32f4xx.o(i.SystemInit)
    TIM1_CH1_OFF_CH1N_OFF                    0x08002d95   Thumb Code    54  peripherial_init.o(i.TIM1_CH1_OFF_CH1N_OFF)
    TIM1_CH1_OFF_CH1N_PWM                    0x08002dd1   Thumb Code    50  peripherial_init.o(i.TIM1_CH1_OFF_CH1N_PWM)
    TIM1_CH1_PWM_CH1N_OFF                    0x08002e09   Thumb Code    50  peripherial_init.o(i.TIM1_CH1_PWM_CH1N_OFF)
    TIM1_CH2_OFF_CH2N_OFF                    0x08002e41   Thumb Code    54  peripherial_init.o(i.TIM1_CH2_OFF_CH2N_OFF)
    TIM1_CH2_OFF_CH2N_PWM                    0x08002e7d   Thumb Code    50  peripherial_init.o(i.TIM1_CH2_OFF_CH2N_PWM)
    TIM1_CH2_PWM_CH2N_OFF                    0x08002eb5   Thumb Code    50  peripherial_init.o(i.TIM1_CH2_PWM_CH2N_OFF)
    TIM1_CH3_OFF_CH3N_OFF                    0x08002eed   Thumb Code    54  peripherial_init.o(i.TIM1_CH3_OFF_CH3N_OFF)
    TIM1_CH3_OFF_CH3N_PWM                    0x08002f29   Thumb Code    50  peripherial_init.o(i.TIM1_CH3_OFF_CH3N_PWM)
    TIM1_CH3_PWM_CH3N_OFF                    0x08002f61   Thumb Code    50  peripherial_init.o(i.TIM1_CH3_PWM_CH3N_OFF)
    TIM1_UP_TIM10_IRQHandler                 0x08002f99   Thumb Code   170  stm32f4xx_it.o(i.TIM1_UP_TIM10_IRQHandler)
    TIM2_IRQHandler                          0x08003059   Thumb Code    80  stm32f4xx_it.o(i.TIM2_IRQHandler)
    TIM3_IRQHandler                          0x080030b1   Thumb Code    86  stm32f4xx_it.o(i.TIM3_IRQHandler)
    TIM4_IRQHandler                          0x08003111   Thumb Code    26  stm32f4xx_it.o(i.TIM4_IRQHandler)
    TIM_ARRPreloadConfig                     0x08003131   Thumb Code    24  stm32f4xx_tim.o(i.TIM_ARRPreloadConfig)
    TIM_BDTRConfig                           0x08003149   Thumb Code    32  stm32f4xx_tim.o(i.TIM_BDTRConfig)
    TIM_ClearFlag                            0x08003169   Thumb Code     6  stm32f4xx_tim.o(i.TIM_ClearFlag)
    TIM_ClearITPendingBit                    0x0800316f   Thumb Code     6  stm32f4xx_tim.o(i.TIM_ClearITPendingBit)
    TIM_Cmd                                  0x08003175   Thumb Code    24  stm32f4xx_tim.o(i.TIM_Cmd)
    TIM_CtrlPWMOutputs                       0x0800318d   Thumb Code    30  stm32f4xx_tim.o(i.TIM_CtrlPWMOutputs)
    TIM_DeInit                               0x080031ad   Thumb Code   346  stm32f4xx_tim.o(i.TIM_DeInit)
    TIM_EncoderInterfaceConfig               0x0800333d   Thumb Code    66  stm32f4xx_tim.o(i.TIM_EncoderInterfaceConfig)
    TIM_GetITStatus                          0x0800337f   Thumb Code    34  stm32f4xx_tim.o(i.TIM_GetITStatus)
    TIM_ICInit                               0x080033a1   Thumb Code   110  stm32f4xx_tim.o(i.TIM_ICInit)
    TIM_ICStructInit                         0x0800340f   Thumb Code    18  stm32f4xx_tim.o(i.TIM_ICStructInit)
    TIM_ITConfig                             0x08003421   Thumb Code    18  stm32f4xx_tim.o(i.TIM_ITConfig)
    TIM_OC1Init                              0x08003435   Thumb Code   114  stm32f4xx_tim.o(i.TIM_OC1Init)
    TIM_OC1PreloadConfig                     0x080034b1   Thumb Code    18  stm32f4xx_tim.o(i.TIM_OC1PreloadConfig)
    TIM_OC2Init                              0x080034c5   Thumb Code   154  stm32f4xx_tim.o(i.TIM_OC2Init)
    TIM_OC2PreloadConfig                     0x08003569   Thumb Code    26  stm32f4xx_tim.o(i.TIM_OC2PreloadConfig)
    TIM_OC3Init                              0x08003585   Thumb Code   150  stm32f4xx_tim.o(i.TIM_OC3Init)
    TIM_OC3PreloadConfig                     0x08003625   Thumb Code    18  stm32f4xx_tim.o(i.TIM_OC3PreloadConfig)
    TIM_OCStructInit                         0x08003637   Thumb Code    20  stm32f4xx_tim.o(i.TIM_OCStructInit)
    TIM_SelectHallSensor                     0x0800364b   Thumb Code    24  stm32f4xx_tim.o(i.TIM_SelectHallSensor)
    TIM_SetIC1Prescaler                      0x08003663   Thumb Code    18  stm32f4xx_tim.o(i.TIM_SetIC1Prescaler)
    TIM_SetIC2Prescaler                      0x08003675   Thumb Code    26  stm32f4xx_tim.o(i.TIM_SetIC2Prescaler)
    TIM_SetIC3Prescaler                      0x0800368f   Thumb Code    18  stm32f4xx_tim.o(i.TIM_SetIC3Prescaler)
    TIM_SetIC4Prescaler                      0x080036a1   Thumb Code    26  stm32f4xx_tim.o(i.TIM_SetIC4Prescaler)
    TIM_TimeBaseInit                         0x080036bd   Thumb Code   104  stm32f4xx_tim.o(i.TIM_TimeBaseInit)
    TIM_TimeBaseStructInit                   0x08003741   Thumb Code    18  stm32f4xx_tim.o(i.TIM_TimeBaseStructInit)
    Timer1_Config                            0x08003755   Thumb Code   264  peripherial_init.o(i.Timer1_Config)
    Timer2_Config                            0x08003861   Thumb Code    86  peripherial_init.o(i.Timer2_Config)
    Timer3_Config                            0x080038b9   Thumb Code   186  peripherial_init.o(i.Timer3_Config)
    Timer4_Config                            0x08003979   Thumb Code   144  peripherial_init.o(i.Timer4_Config)
    Timer5_Config                            0x08003a0d   Thumb Code     2  peripherial_init.o(i.Timer5_Config)
    UsageFault_Handler                       0x08003a0f   Thumb Code     4  stm32f4xx_it.o(i.UsageFault_Handler)
    __hardfp_fabs                            0x08003a13   Thumb Code    20  fabs.o(i.__hardfp_fabs)
    delay_us                                 0x08003a27   Thumb Code    56  delay.o(i.delay_us)
    main                                     0x08003a61   Thumb Code    86  main.o(i.main)
    __aeabi_d2f                              0x08003acd   Thumb Code     0  d2f.o(x$fpl$d2f)
    _d2f                                     0x08003acd   Thumb Code    98  d2f.o(x$fpl$d2f)
    __fpl_dnaninf                            0x08003b2f   Thumb Code   156  dnaninf.o(x$fpl$dnaninf)
    __fpl_dretinf                            0x08003bcb   Thumb Code    12  dretinf.o(x$fpl$dretinf)
    __aeabi_f2d                              0x08003bd9   Thumb Code     0  f2d.o(x$fpl$f2d)
    _f2d                                     0x08003bd9   Thumb Code    86  f2d.o(x$fpl$f2d)
    __fpl_fnaninf                            0x08003c2f   Thumb Code   140  fnaninf.o(x$fpl$fnaninf)
    _fp_init                                 0x08003cbb   Thumb Code    10  fpinit.o(x$fpl$fpinit)
    __fplib_config_fpu_vfp                   0x08003cc3   Thumb Code     0  fpinit.o(x$fpl$fpinit)
    __fplib_config_pureend_doubles           0x08003cc3   Thumb Code     0  fpinit.o(x$fpl$fpinit)
    __fpl_fretinf                            0x08003cc5   Thumb Code    10  fretinf.o(x$fpl$fretinf)
    __I$use$fp                               0x08003cce   Number         0  usenofp.o(x$fpl$usenofp)
    OSDebugEn                                0x08003cd0   Data           2  os_dbg.o(.constdata)
    OSEndiannessTest                         0x08003cd4   Data           4  os_dbg.o(.constdata)
    OSEventEn                                0x08003cd8   Data           2  os_dbg.o(.constdata)
    OSEventMax                               0x08003cda   Data           2  os_dbg.o(.constdata)
    OSEventNameEn                            0x08003cdc   Data           2  os_dbg.o(.constdata)
    OSEventSize                              0x08003cde   Data           2  os_dbg.o(.constdata)
    OSEventTblSize                           0x08003ce0   Data           2  os_dbg.o(.constdata)
    OSEventMultiEn                           0x08003ce2   Data           2  os_dbg.o(.constdata)
    OSFlagEn                                 0x08003ce4   Data           2  os_dbg.o(.constdata)
    OSFlagGrpSize                            0x08003ce6   Data           2  os_dbg.o(.constdata)
    OSFlagNodeSize                           0x08003ce8   Data           2  os_dbg.o(.constdata)
    OSFlagWidth                              0x08003cea   Data           2  os_dbg.o(.constdata)
    OSFlagMax                                0x08003cec   Data           2  os_dbg.o(.constdata)
    OSFlagNameEn                             0x08003cee   Data           2  os_dbg.o(.constdata)
    OSLowestPrio                             0x08003cf0   Data           2  os_dbg.o(.constdata)
    OSMboxEn                                 0x08003cf2   Data           2  os_dbg.o(.constdata)
    OSMemEn                                  0x08003cf4   Data           2  os_dbg.o(.constdata)
    OSMemMax                                 0x08003cf6   Data           2  os_dbg.o(.constdata)
    OSMemNameEn                              0x08003cf8   Data           2  os_dbg.o(.constdata)
    OSMemSize                                0x08003cfa   Data           2  os_dbg.o(.constdata)
    OSMemTblSize                             0x08003cfc   Data           2  os_dbg.o(.constdata)
    OSMutexEn                                0x08003cfe   Data           2  os_dbg.o(.constdata)
    OSPtrSize                                0x08003d00   Data           2  os_dbg.o(.constdata)
    OSQEn                                    0x08003d02   Data           2  os_dbg.o(.constdata)
    OSQMax                                   0x08003d04   Data           2  os_dbg.o(.constdata)
    OSQSize                                  0x08003d06   Data           2  os_dbg.o(.constdata)
    OSRdyTblSize                             0x08003d08   Data           2  os_dbg.o(.constdata)
    OSSemEn                                  0x08003d0a   Data           2  os_dbg.o(.constdata)
    OSStkWidth                               0x08003d0c   Data           2  os_dbg.o(.constdata)
    OSTaskCreateEn                           0x08003d0e   Data           2  os_dbg.o(.constdata)
    OSTaskCreateExtEn                        0x08003d10   Data           2  os_dbg.o(.constdata)
    OSTaskDelEn                              0x08003d12   Data           2  os_dbg.o(.constdata)
    OSTaskIdleStkSize                        0x08003d14   Data           2  os_dbg.o(.constdata)
    OSTaskProfileEn                          0x08003d16   Data           2  os_dbg.o(.constdata)
    OSTaskMax                                0x08003d18   Data           2  os_dbg.o(.constdata)
    OSTaskNameEn                             0x08003d1a   Data           2  os_dbg.o(.constdata)
    OSTaskStatEn                             0x08003d1c   Data           2  os_dbg.o(.constdata)
    OSTaskStatStkSize                        0x08003d1e   Data           2  os_dbg.o(.constdata)
    OSTaskStatStkChkEn                       0x08003d20   Data           2  os_dbg.o(.constdata)
    OSTaskSwHookEn                           0x08003d22   Data           2  os_dbg.o(.constdata)
    OSTaskRegTblSize                         0x08003d24   Data           2  os_dbg.o(.constdata)
    OSTCBPrioTblMax                          0x08003d26   Data           2  os_dbg.o(.constdata)
    OSTCBSize                                0x08003d28   Data           2  os_dbg.o(.constdata)
    OSTicksPerSec                            0x08003d2a   Data           2  os_dbg.o(.constdata)
    OSTimeTickHookEn                         0x08003d2c   Data           2  os_dbg.o(.constdata)
    OSVersionNbr                             0x08003d2e   Data           2  os_dbg.o(.constdata)
    OSTmrEn                                  0x08003d30   Data           2  os_dbg.o(.constdata)
    OSTmrCfgMax                              0x08003d32   Data           2  os_dbg.o(.constdata)
    OSTmrCfgNameEn                           0x08003d34   Data           2  os_dbg.o(.constdata)
    OSTmrCfgWheelSize                        0x08003d36   Data           2  os_dbg.o(.constdata)
    OSTmrCfgTicksPerSec                      0x08003d38   Data           2  os_dbg.o(.constdata)
    OSTmrSize                                0x08003d3a   Data           2  os_dbg.o(.constdata)
    OSTmrTblSize                             0x08003d3c   Data           2  os_dbg.o(.constdata)
    OSTmrWheelSize                           0x08003d3e   Data           2  os_dbg.o(.constdata)
    OSTmrWheelTblSize                        0x08003d40   Data           2  os_dbg.o(.constdata)
    OSDataSize                               0x08003d42   Data           2  os_dbg.o(.constdata)
    OSUnMapTbl                               0x08003d44   Data         256  os_core.o(.constdata)
    Region$$Table$$Base                      0x08003e44   Number         0  anon$$obj.o(Region$$Table)
    Region$$Table$$Limit                     0x08003e64   Number         0  anon$$obj.o(Region$$Table)
    sem_USART2Rev                            0x20000000   Data           4  main.o(.data)
    sem_USART3Rev                            0x20000004   Data           4  main.o(.data)
    switch_table                             0x20000008   Data          64  motor_control.o(.data)
    m_sys_state                              0x20000048   Data           2  global_parameters.o(.data)
    m_error                                  0x2000004a   Data           2  global_parameters.o(.data)
    OS_CPU_ExceptStkBase                     0x2000004c   Data           4  os_cpu_c.o(.data)
    OSCtxSwCtr                               0x20000050   Data           4  os_core.o(.data)
    OSEventFreeList                          0x20000054   Data           4  os_core.o(.data)
    OSFlagFreeList                           0x20000058   Data           4  os_core.o(.data)
    OSCPUUsage                               0x2000005c   Data           1  os_core.o(.data)
    OSIdleCtrMax                             0x20000060   Data           4  os_core.o(.data)
    OSIdleCtrRun                             0x20000064   Data           4  os_core.o(.data)
    OSStatRdy                                0x20000068   Data           1  os_core.o(.data)
    OSIntNesting                             0x20000069   Data           1  os_core.o(.data)
    OSLockNesting                            0x2000006a   Data           1  os_core.o(.data)
    OSPrioCur                                0x2000006b   Data           1  os_core.o(.data)
    OSPrioHighRdy                            0x2000006c   Data           1  os_core.o(.data)
    OSRdyGrp                                 0x2000006e   Data           2  os_core.o(.data)
    OSRunning                                0x20000070   Data           1  os_core.o(.data)
    OSTaskCtr                                0x20000071   Data           1  os_core.o(.data)
    OSIdleCtr                                0x20000074   Data           4  os_core.o(.data)
    OSTCBCur                                 0x20000078   Data           4  os_core.o(.data)
    OSTCBFreeList                            0x2000007c   Data           4  os_core.o(.data)
    OSTCBHighRdy                             0x20000080   Data           4  os_core.o(.data)
    OSTCBList                                0x20000084   Data           4  os_core.o(.data)
    OSTickStepState                          0x20000088   Data           1  os_core.o(.data)
    OSMemFreeList                            0x2000008c   Data           4  os_core.o(.data)
    OSQFreeList                              0x20000090   Data           4  os_core.o(.data)
    OSTaskRegNextAvailID                     0x20000094   Data           1  os_core.o(.data)
    OSTime                                   0x20000098   Data           4  os_core.o(.data)
    StateMachine_TASK_STK                    0x2000009c   Data        1024  main.o(.bss)
    RS485_TASK_STK                           0x2000049c   Data         512  main.o(.bss)
    LED_TASK_STK                             0x2000069c   Data         256  main.o(.bss)
    APP_TASK_START_STK                       0x2000079c   Data        1024  main.o(.bss)
    m_motor                                  0x20000ba0   Data          56  global_parameters.o(.bss)
    m_motor_rt_para                          0x20000bd8   Data          88  global_parameters.o(.bss)
    m_motor_ctrl                             0x20000c30   Data          40  global_parameters.o(.bss)
    m_current_pid                            0x20000c58   Data          64  global_parameters.o(.bss)
    m_speed_pid                              0x20000c98   Data          60  global_parameters.o(.bss)
    m_position_pid                           0x20000cd4   Data          60  global_parameters.o(.bss)
    OS_CPU_ExceptStk                         0x20000d10   Data         512  os_cpu_c.o(.bss)
    OSEventTbl                               0x20000f10   Data         960  os_core.o(.bss)
    OSFlagTbl                                0x200012d0   Data          80  os_core.o(.bss)
    OSTaskStatStk                            0x20001320   Data         512  os_core.o(.bss)
    OSRdyTbl                                 0x20001520   Data          32  os_core.o(.bss)
    OSTaskIdleStk                            0x20001540   Data         512  os_core.o(.bss)
    OSTCBPrioTbl                             0x20001740   Data        1016  os_core.o(.bss)
    OSTCBTbl                                 0x20001b38   Data        2024  os_core.o(.bss)
    OSMemTbl                                 0x20002320   Data         120  os_core.o(.bss)
    OSQTbl                                   0x20002398   Data          96  os_core.o(.bss)
    __libspace_start                         0x200023f8   Data          96  libspace.o(.bss)
    __temporary_stack_top$libspace           0x20002458   Data           0  libspace.o(.bss)



==============================================================================

Memory Map of the image

  Image Entry point : 0x08000189

  Load Region LR_IROM1 (Base: 0x08000000, Size: 0x00003f00, Max: 0x00100000, ABSOLUTE)

    Execution Region ER_IROM1 (Base: 0x08000000, Size: 0x00003e64, Max: 0x00100000, ABSOLUTE)

    Base Addr    Size         Type   Attr      Idx    E Section Name        Object

    0x08000000   0x00000188   Data   RO          941    RESET               startup_stm32f40xx.o
    0x08000188   0x00000008   Code   RO         7412  * !!!main             c_w.l(__main.o)
    0x08000190   0x00000034   Code   RO         7587    !!!scatter          c_w.l(__scatter.o)
    0x080001c4   0x0000001a   Code   RO         7589    !!handler_copy      c_w.l(__scatter_copy.o)
    0x080001de   0x00000002   PAD
    0x080001e0   0x0000001c   Code   RO         7591    !!handler_zi        c_w.l(__scatter_zi.o)
    0x080001fc   0x00000002   Code   RO         7458    .ARM.Collect$$libinit$$00000000  c_w.l(libinit.o)
    0x080001fe   0x00000004   Code   RO         7464    .ARM.Collect$$libinit$$00000001  c_w.l(libinit2.o)
    0x08000202   0x00000000   Code   RO         7467    .ARM.Collect$$libinit$$00000004  c_w.l(libinit2.o)
    0x08000202   0x00000000   Code   RO         7470    .ARM.Collect$$libinit$$0000000A  c_w.l(libinit2.o)
    0x08000202   0x00000000   Code   RO         7472    .ARM.Collect$$libinit$$0000000C  c_w.l(libinit2.o)
    0x08000202   0x00000000   Code   RO         7474    .ARM.Collect$$libinit$$0000000E  c_w.l(libinit2.o)
    0x08000202   0x00000000   Code   RO         7477    .ARM.Collect$$libinit$$00000011  c_w.l(libinit2.o)
    0x08000202   0x00000000   Code   RO         7479    .ARM.Collect$$libinit$$00000013  c_w.l(libinit2.o)
    0x08000202   0x00000000   Code   RO         7481    .ARM.Collect$$libinit$$00000015  c_w.l(libinit2.o)
    0x08000202   0x00000000   Code   RO         7483    .ARM.Collect$$libinit$$00000017  c_w.l(libinit2.o)
    0x08000202   0x00000000   Code   RO         7485    .ARM.Collect$$libinit$$00000019  c_w.l(libinit2.o)
    0x08000202   0x00000000   Code   RO         7487    .ARM.Collect$$libinit$$0000001B  c_w.l(libinit2.o)
    0x08000202   0x00000000   Code   RO         7489    .ARM.Collect$$libinit$$0000001D  c_w.l(libinit2.o)
    0x08000202   0x00000000   Code   RO         7491    .ARM.Collect$$libinit$$0000001F  c_w.l(libinit2.o)
    0x08000202   0x00000000   Code   RO         7493    .ARM.Collect$$libinit$$00000021  c_w.l(libinit2.o)
    0x08000202   0x00000000   Code   RO         7495    .ARM.Collect$$libinit$$00000023  c_w.l(libinit2.o)
    0x08000202   0x00000000   Code   RO         7497    .ARM.Collect$$libinit$$00000025  c_w.l(libinit2.o)
    0x08000202   0x00000000   Code   RO         7501    .ARM.Collect$$libinit$$0000002C  c_w.l(libinit2.o)
    0x08000202   0x00000000   Code   RO         7503    .ARM.Collect$$libinit$$0000002E  c_w.l(libinit2.o)
    0x08000202   0x00000000   Code   RO         7505    .ARM.Collect$$libinit$$00000030  c_w.l(libinit2.o)
    0x08000202   0x00000000   Code   RO         7507    .ARM.Collect$$libinit$$00000032  c_w.l(libinit2.o)
    0x08000202   0x00000002   Code   RO         7508    .ARM.Collect$$libinit$$00000033  c_w.l(libinit2.o)
    0x08000204   0x00000002   Code   RO         7528    .ARM.Collect$$libshutdown$$00000000  c_w.l(libshutdown.o)
    0x08000206   0x00000000   Code   RO         7542    .ARM.Collect$$libshutdown$$00000003  c_w.l(libshutdown2.o)
    0x08000206   0x00000000   Code   RO         7545    .ARM.Collect$$libshutdown$$00000006  c_w.l(libshutdown2.o)
    0x08000206   0x00000000   Code   RO         7548    .ARM.Collect$$libshutdown$$00000009  c_w.l(libshutdown2.o)
    0x08000206   0x00000000   Code   RO         7550    .ARM.Collect$$libshutdown$$0000000B  c_w.l(libshutdown2.o)
    0x08000206   0x00000000   Code   RO         7553    .ARM.Collect$$libshutdown$$0000000E  c_w.l(libshutdown2.o)
    0x08000206   0x00000002   Code   RO         7554    .ARM.Collect$$libshutdown$$0000000F  c_w.l(libshutdown2.o)
    0x08000208   0x00000000   Code   RO         7424    .ARM.Collect$$rtentry$$00000000  c_w.l(__rtentry.o)
    0x08000208   0x00000000   Code   RO         7435    .ARM.Collect$$rtentry$$00000002  c_w.l(__rtentry2.o)
    0x08000208   0x00000006   Code   RO         7447    .ARM.Collect$$rtentry$$00000004  c_w.l(__rtentry4.o)
    0x0800020e   0x00000000   Code   RO         7437    .ARM.Collect$$rtentry$$00000009  c_w.l(__rtentry2.o)
    0x0800020e   0x00000004   Code   RO         7438    .ARM.Collect$$rtentry$$0000000A  c_w.l(__rtentry2.o)
    0x08000212   0x00000000   Code   RO         7440    .ARM.Collect$$rtentry$$0000000C  c_w.l(__rtentry2.o)
    0x08000212   0x00000008   Code   RO         7441    .ARM.Collect$$rtentry$$0000000D  c_w.l(__rtentry2.o)
    0x0800021a   0x00000002   Code   RO         7462    .ARM.Collect$$rtexit$$00000000  c_w.l(rtexit.o)
    0x0800021c   0x00000000   Code   RO         7510    .ARM.Collect$$rtexit$$00000002  c_w.l(rtexit2.o)
    0x0800021c   0x00000004   Code   RO         7511    .ARM.Collect$$rtexit$$00000003  c_w.l(rtexit2.o)
    0x08000220   0x00000006   Code   RO         7512    .ARM.Collect$$rtexit$$00000004  c_w.l(rtexit2.o)
    0x08000226   0x00000002   PAD
    0x08000228   0x00000068   Code   RO          942    .text               startup_stm32f40xx.o
    0x08000290   0x000000e8   Code   RO         5951    .text               os_cpu_a.o
    0x08000378   0x00000006   Code   RO         7410    .text               c_w.l(heapauxi.o)
    0x0800037e   0x0000004a   Code   RO         7449    .text               c_w.l(sys_stackheap_outer.o)
    0x080003c8   0x0000000c   Code   RO         7451    .text               c_w.l(exit.o)
    0x080003d4   0x00000008   Code   RO         7459    .text               c_w.l(libspace.o)
    0x080003dc   0x0000000c   Code   RO         7520    .text               c_w.l(sys_exit.o)
    0x080003e8   0x00000002   Code   RO         7531    .text               c_w.l(use_no_semi.o)
    0x080003ea   0x00000000   Code   RO         7533    .text               c_w.l(indicate_semi.o)
    0x080003ea   0x00000016   Code   RO         1003    i.ADC_Cmd           stm32f4xx_adc.o
    0x08000400   0x00000030   Code   RO         1004    i.ADC_CommonInit    stm32f4xx_adc.o
    0x08000430   0x00000016   Code   RO         1007    i.ADC_DMACmd        stm32f4xx_adc.o
    0x08000446   0x00000016   Code   RO         1008    i.ADC_DMARequestAfterLastTransferCmd  stm32f4xx_adc.o
    0x0800045c   0x0000010c   Code   RO          442    i.ADC_DMA_Config    peripherial_init.o
    0x08000568   0x00000016   Code   RO         1009    i.ADC_DeInit        stm32f4xx_adc.o
    0x0800057e   0x00000002   PAD
    0x08000580   0x00000054   Code   RO         1023    i.ADC_Init          stm32f4xx_adc.o
    0x080005d4   0x000000b8   Code   RO         1028    i.ADC_RegularChannelConfig  stm32f4xx_adc.o
    0x0800068c   0x0000000a   Code   RO         1030    i.ADC_SoftwareStartConv  stm32f4xx_adc.o
    0x08000696   0x00000002   PAD
    0x08000698   0x000000a4   Code   RO            4    i.APP_TaskStart     main.o
    0x0800073c   0x00000038   Code   RO            5    i.Board_Init        main.o
    0x08000774   0x00000030   Code   RO          443    i.BrakeControl      peripherial_init.o
    0x080007a4   0x00000004   Code   RO          646    i.BusFault_Handler  stm32f4xx_it.o
    0x080007a8   0x000000bc   Code   RO          279    i.Curr_PID_Cal      motor_control.o
    0x08000864   0x0000004c   Code   RO          840    i.CurrentFilterDataInit  global_parameters.o
    0x080008b0   0x0000001c   Code   RO          280    i.CurrentLoopRefresh_TIM_Halt  motor_control.o
    0x080008cc   0x0000001c   Code   RO          281    i.CurrentLoopRefresh_TIM_Start  motor_control.o
    0x080008e8   0x00000078   Code   RO          768    i.Current_Average_X8_Filter  current_filter.o
    0x08000960   0x00000018   Code   RO          769    i.Current_Filter_Init  current_filter.o
    0x08000978   0x00000028   Code   RO         1727    i.DAC_Cmd           stm32f4xx_dac.o
    0x080009a0   0x00000060   Code   RO          445    i.DAC_Config        peripherial_init.o
    0x08000a00   0x00000034   Code   RO         1735    i.DAC_Init          stm32f4xx_dac.o
    0x08000a34   0x00000020   Code   RO         1736    i.DAC_SetChannel1Data  stm32f4xx_dac.o
    0x08000a54   0x00000048   Code   RO          647    i.DMA2_Stream0_IRQHandler  stm32f4xx_it.o
    0x08000a9c   0x00000034   Code   RO         2023    i.DMA_ClearITPendingBit  stm32f4xx_dma.o
    0x08000ad0   0x00000016   Code   RO         2024    i.DMA_Cmd           stm32f4xx_dma.o
    0x08000ae6   0x00000002   PAD
    0x08000ae8   0x00000158   Code   RO         2025    i.DMA_DeInit        stm32f4xx_dma.o
    0x08000c40   0x00000064   Code   RO         2034    i.DMA_GetITStatus   stm32f4xx_dma.o
    0x08000ca4   0x0000003a   Code   RO         2035    i.DMA_ITConfig      stm32f4xx_dma.o
    0x08000cde   0x00000002   PAD
    0x08000ce0   0x00000058   Code   RO         2036    i.DMA_Init          stm32f4xx_dma.o
    0x08000d38   0x00000002   Code   RO          648    i.DebugMon_Handler  stm32f4xx_it.o
    0x08000d3a   0x00000002   PAD
    0x08000d3c   0x00000030   Code   RO          841    i.EncoderDataInit   global_parameters.o
    0x08000d6c   0x0000022c   Code   RO          446    i.GPIO_Config       peripherial_init.o
    0x08000f98   0x00000090   Code   RO         2824    i.GPIO_Init         stm32f4xx_gpio.o
    0x08001028   0x00000046   Code   RO         2825    i.GPIO_PinAFConfig  stm32f4xx_gpio.o
    0x0800106e   0x00000004   Code   RO         2831    i.GPIO_ResetBits    stm32f4xx_gpio.o
    0x08001072   0x00000012   Code   RO         2833    i.GPIO_StructInit   stm32f4xx_gpio.o
    0x08001084   0x00000010   Code   RO          282    i.H1_L2             motor_control.o
    0x08001094   0x00000010   Code   RO          283    i.H1_L3             motor_control.o
    0x080010a4   0x00000010   Code   RO          284    i.H2_L1             motor_control.o
    0x080010b4   0x00000010   Code   RO          285    i.H2_L3             motor_control.o
    0x080010c4   0x00000010   Code   RO          286    i.H3_L1             motor_control.o
    0x080010d4   0x00000010   Code   RO          287    i.H3_L2             motor_control.o
    0x080010e4   0x00000030   Code   RO          288    i.Hall_Convert      motor_control.o
    0x08001114   0x00000010   Code   RO          289    i.Hall_State_Read   motor_control.o
    0x08001124   0x00000004   Code   RO          649    i.HardFault_Handler  stm32f4xx_it.o
    0x08001128   0x00000010   Code   RO          290    i.IR2130S_force_reset  motor_control.o
    0x08001138   0x000000de   Code   RO          291    i.Increment_PID_Cal  motor_control.o
    0x08001216   0x00000002   PAD
    0x08001218   0x00000014   Code   RO          447    i.LED_OFF           peripherial_init.o
    0x0800122c   0x00000014   Code   RO          448    i.LED_ON            peripherial_init.o
    0x08001240   0x00000026   Code   RO          233    i.LED_Task          app.o
    0x08001266   0x00000004   Code   RO          650    i.MemManage_Handler  stm32f4xx_it.o
    0x0800126a   0x00000002   PAD
    0x0800126c   0x00000048   Code   RO          842    i.MotorCtrlDataInit  global_parameters.o
    0x080012b4   0x00000002   Code   RO          651    i.NMI_Handler       stm32f4xx_it.o
    0x080012b6   0x00000002   Code   RO          293    i.NULL_Switch       motor_control.o
    0x080012b8   0x00000096   Code   RO          449    i.NVIC_Config       peripherial_init.o
    0x0800134e   0x00000002   PAD
    0x08001350   0x00000078   Code   RO          949    i.NVIC_Init         misc.o
    0x080013c8   0x00000014   Code   RO          950    i.NVIC_PriorityGroupConfig  misc.o
    0x080013dc   0x00000118   Code   RO         6049    i.OSDebugInit       os_dbg.o
    0x080014f4   0x00000034   Code   RO         6699    i.OSInit            os_core.o
    0x08001528   0x00000030   Code   RO         5954    i.OSInitHookBegin   os_cpu_c.o
    0x08001558   0x00000002   Code   RO         5955    i.OSInitHookEnd     os_cpu_c.o
    0x0800155a   0x00000002   PAD
    0x0800155c   0x00000090   Code   RO         6701    i.OSIntExit         os_core.o
    0x080015ec   0x00000054   Code   RO         7211    i.OSSemCreate       os_sem.o
    0x08001640   0x00000048   Code   RO         6704    i.OSStart           os_core.o
    0x08001688   0x0000004c   Code   RO         6705    i.OSStatInit        os_core.o
    0x080016d4   0x00000002   Code   RO         5956    i.OSTCBInitHook     os_cpu_c.o
    0x080016d6   0x00000002   PAD
    0x080016d8   0x000000b8   Code   RO         7266    i.OSTaskCreateExt   os_task.o
    0x08001790   0x00000002   Code   RO         5957    i.OSTaskCreateHook  os_cpu_c.o
    0x08001792   0x00000002   PAD
    0x08001794   0x00000164   Code   RO         7267    i.OSTaskDel         os_task.o
    0x080018f8   0x00000002   Code   RO         5958    i.OSTaskDelHook     os_cpu_c.o
    0x080018fa   0x00000002   Code   RO         5959    i.OSTaskIdleHook    os_cpu_c.o
    0x080018fc   0x00000070   Code   RO         7270    i.OSTaskNameSet     os_task.o
    0x0800196c   0x00000002   Code   RO         5960    i.OSTaskReturnHook  os_cpu_c.o
    0x0800196e   0x00000002   Code   RO         5961    i.OSTaskStatHook    os_cpu_c.o
    0x08001970   0x00000088   Code   RO         7276    i.OSTaskStkChk      os_task.o
    0x080019f8   0x000001e8   Code   RO         5962    i.OSTaskStkInit     os_cpu_c.o
    0x08001be0   0x000000ac   Code   RO         7277    i.OSTaskSuspend     os_task.o
    0x08001c8c   0x00000002   Code   RO         5963    i.OSTaskSwHook      os_cpu_c.o
    0x08001c8e   0x00000002   PAD
    0x08001c90   0x0000007c   Code   RO         7366    i.OSTimeDly         os_time.o
    0x08001d0c   0x00000060   Code   RO         7367    i.OSTimeDlyHMSM     os_time.o
    0x08001d6c   0x000000f0   Code   RO         6706    i.OSTimeTick        os_core.o
    0x08001e5c   0x00000002   Code   RO         5964    i.OSTimeTickHook    os_cpu_c.o
    0x08001e5e   0x00000002   PAD
    0x08001e60   0x00000028   Code   RO         5965    i.OS_CPU_SysTickHandler  os_cpu_c.o
    0x08001e88   0x00000030   Code   RO         5966    i.OS_CPU_SysTickInit  os_cpu_c.o
    0x08001eb8   0x00000002   Code   RO         6708    i.OS_Dummy          os_core.o
    0x08001eba   0x00000030   Code   RO         6710    i.OS_EventTaskRemove  os_core.o
    0x08001eea   0x0000003c   Code   RO         6711    i.OS_EventTaskRemoveMulti  os_core.o
    0x08001f26   0x0000001e   Code   RO         6714    i.OS_EventWaitListInit  os_core.o
    0x08001f44   0x00000058   Code   RO         6917    i.OS_FlagInit       os_flag.o
    0x08001f9c   0x00000024   Code   RO         6919    i.OS_FlagUnlink     os_flag.o
    0x08001fc0   0x00000060   Code   RO         6715    i.OS_InitEventList  os_core.o
    0x08002020   0x0000005c   Code   RO         6716    i.OS_InitMisc       os_core.o
    0x0800207c   0x00000048   Code   RO         6717    i.OS_InitRdyList    os_core.o
    0x080020c4   0x00000080   Code   RO         6718    i.OS_InitTCBList    os_core.o
    0x08002144   0x00000050   Code   RO         6719    i.OS_InitTaskIdle   os_core.o
    0x08002194   0x00000050   Code   RO         6720    i.OS_InitTaskStat   os_core.o
    0x080021e4   0x00000012   Code   RO         6721    i.OS_MemClr         os_core.o
    0x080021f6   0x00000002   PAD
    0x080021f8   0x00000058   Code   RO         7049    i.OS_MemInit        os_mem.o
    0x08002250   0x00000050   Code   RO         7148    i.OS_QInit          os_q.o
    0x080022a0   0x00000074   Code   RO         6723    i.OS_Sched          os_core.o
    0x08002314   0x00000060   Code   RO         6724    i.OS_SchedNew       os_core.o
    0x08002374   0x00000148   Code   RO         6726    i.OS_TCBInit        os_core.o
    0x080024bc   0x00000028   Code   RO         6727    i.OS_TaskIdle       os_core.o
    0x080024e4   0x00000018   Code   RO         7278    i.OS_TaskReturn     os_task.o
    0x080024fc   0x000000a0   Code   RO         6728    i.OS_TaskStat       os_core.o
    0x0800259c   0x0000003c   Code   RO         6729    i.OS_TaskStatStkChk  os_core.o
    0x080025d8   0x0000001a   Code   RO         7279    i.OS_TaskStkClr     os_task.o
    0x080025f2   0x00000002   PAD
    0x080025f4   0x000001a4   Code   RO          844    i.ParametersInit    global_parameters.o
    0x08002798   0x00000020   Code   RO         3750    i.RCC_AHB1PeriphClockCmd  stm32f4xx_rcc.o
    0x080027b8   0x00000020   Code   RO         3759    i.RCC_APB1PeriphClockCmd  stm32f4xx_rcc.o
    0x080027d8   0x00000020   Code   RO         3761    i.RCC_APB1PeriphResetCmd  stm32f4xx_rcc.o
    0x080027f8   0x00000020   Code   RO         3762    i.RCC_APB2PeriphClockCmd  stm32f4xx_rcc.o
    0x08002818   0x00000020   Code   RO         3764    i.RCC_APB2PeriphResetCmd  stm32f4xx_rcc.o
    0x08002838   0x00000016   Code   RO          234    i.RS485_Task        app.o
    0x0800284e   0x00000002   PAD
    0x08002850   0x0000004c   Code   RO          298    i.Read_Current_Bias  motor_control.o
    0x0800289c   0x00000048   Code   RO          743    i.Read_IncEncoder   spd_pos_filter.o
    0x080028e4   0x00000002   Code   RO          652    i.SVC_Handler       stm32f4xx_it.o
    0x080028e6   0x00000002   PAD
    0x080028e8   0x000000ec   Code   RO          901    i.SetSysClock       system_stm32f4xx.o
    0x080029d4   0x000000cc   Code   RO          771    i.Single_Current_Average_X8_Filter  current_filter.o
    0x08002aa0   0x00000020   Code   RO          300    i.SpeedLoopRefresh_TIM_Start  motor_control.o
    0x08002ac0   0x000000ec   Code   RO          301    i.Speed_PID_Cal     motor_control.o
    0x08002bac   0x0000005c   Code   RO          235    i.StateMachine_Task  app.o
    0x08002c08   0x00000068   Code   RO          903    i.SystemInit        system_stm32f4xx.o
    0x08002c70   0x0000003a   Code   RO         5130    i.TI1_Config        stm32f4xx_tim.o
    0x08002caa   0x00000050   Code   RO         5131    i.TI2_Config        stm32f4xx_tim.o
    0x08002cfa   0x00000048   Code   RO         5132    i.TI3_Config        stm32f4xx_tim.o
    0x08002d42   0x00000050   Code   RO         5133    i.TI4_Config        stm32f4xx_tim.o
    0x08002d92   0x00000002   PAD
    0x08002d94   0x0000003c   Code   RO          451    i.TIM1_CH1_OFF_CH1N_OFF  peripherial_init.o
    0x08002dd0   0x00000038   Code   RO          453    i.TIM1_CH1_OFF_CH1N_PWM  peripherial_init.o
    0x08002e08   0x00000038   Code   RO          455    i.TIM1_CH1_PWM_CH1N_OFF  peripherial_init.o
    0x08002e40   0x0000003c   Code   RO          456    i.TIM1_CH2_OFF_CH2N_OFF  peripherial_init.o
    0x08002e7c   0x00000038   Code   RO          458    i.TIM1_CH2_OFF_CH2N_PWM  peripherial_init.o
    0x08002eb4   0x00000038   Code   RO          460    i.TIM1_CH2_PWM_CH2N_OFF  peripherial_init.o
    0x08002eec   0x0000003c   Code   RO          461    i.TIM1_CH3_OFF_CH3N_OFF  peripherial_init.o
    0x08002f28   0x00000038   Code   RO          463    i.TIM1_CH3_OFF_CH3N_PWM  peripherial_init.o
    0x08002f60   0x00000038   Code   RO          465    i.TIM1_CH3_PWM_CH3N_OFF  peripherial_init.o
    0x08002f98   0x000000c0   Code   RO          653    i.TIM1_UP_TIM10_IRQHandler  stm32f4xx_it.o
    0x08003058   0x00000058   Code   RO          654    i.TIM2_IRQHandler   stm32f4xx_it.o
    0x080030b0   0x00000060   Code   RO          655    i.TIM3_IRQHandler   stm32f4xx_it.o
    0x08003110   0x00000020   Code   RO          656    i.TIM4_IRQHandler   stm32f4xx_it.o
    0x08003130   0x00000018   Code   RO         5134    i.TIM_ARRPreloadConfig  stm32f4xx_tim.o
    0x08003148   0x00000020   Code   RO         5135    i.TIM_BDTRConfig    stm32f4xx_tim.o
    0x08003168   0x00000006   Code   RO         5140    i.TIM_ClearFlag     stm32f4xx_tim.o
    0x0800316e   0x00000006   Code   RO         5141    i.TIM_ClearITPendingBit  stm32f4xx_tim.o
    0x08003174   0x00000018   Code   RO         5146    i.TIM_Cmd           stm32f4xx_tim.o
    0x0800318c   0x0000001e   Code   RO         5148    i.TIM_CtrlPWMOutputs  stm32f4xx_tim.o
    0x080031aa   0x00000002   PAD
    0x080031ac   0x00000190   Code   RO         5151    i.TIM_DeInit        stm32f4xx_tim.o
    0x0800333c   0x00000042   Code   RO         5155    i.TIM_EncoderInterfaceConfig  stm32f4xx_tim.o
    0x0800337e   0x00000022   Code   RO         5167    i.TIM_GetITStatus   stm32f4xx_tim.o
    0x080033a0   0x0000006e   Code   RO         5169    i.TIM_ICInit        stm32f4xx_tim.o
    0x0800340e   0x00000012   Code   RO         5170    i.TIM_ICStructInit  stm32f4xx_tim.o
    0x08003420   0x00000012   Code   RO         5171    i.TIM_ITConfig      stm32f4xx_tim.o
    0x08003432   0x00000002   PAD
    0x08003434   0x0000007c   Code   RO         5175    i.TIM_OC1Init       stm32f4xx_tim.o
    0x080034b0   0x00000012   Code   RO         5178    i.TIM_OC1PreloadConfig  stm32f4xx_tim.o
    0x080034c2   0x00000002   PAD
    0x080034c4   0x000000a4   Code   RO         5180    i.TIM_OC2Init       stm32f4xx_tim.o
    0x08003568   0x0000001a   Code   RO         5183    i.TIM_OC2PreloadConfig  stm32f4xx_tim.o
    0x08003582   0x00000002   PAD
    0x08003584   0x000000a0   Code   RO         5185    i.TIM_OC3Init       stm32f4xx_tim.o
    0x08003624   0x00000012   Code   RO         5188    i.TIM_OC3PreloadConfig  stm32f4xx_tim.o
    0x08003636   0x00000014   Code   RO         5193    i.TIM_OCStructInit  stm32f4xx_tim.o
    0x0800364a   0x00000018   Code   RO         5199    i.TIM_SelectHallSensor  stm32f4xx_tim.o
    0x08003662   0x00000012   Code   RO         5213    i.TIM_SetIC1Prescaler  stm32f4xx_tim.o
    0x08003674   0x0000001a   Code   RO         5214    i.TIM_SetIC2Prescaler  stm32f4xx_tim.o
    0x0800368e   0x00000012   Code   RO         5215    i.TIM_SetIC3Prescaler  stm32f4xx_tim.o
    0x080036a0   0x0000001a   Code   RO         5216    i.TIM_SetIC4Prescaler  stm32f4xx_tim.o
    0x080036ba   0x00000002   PAD
    0x080036bc   0x00000084   Code   RO         5218    i.TIM_TimeBaseInit  stm32f4xx_tim.o
    0x08003740   0x00000012   Code   RO         5219    i.TIM_TimeBaseStructInit  stm32f4xx_tim.o
    0x08003752   0x00000002   PAD
    0x08003754   0x0000010c   Code   RO          466    i.Timer1_Config     peripherial_init.o
    0x08003860   0x00000056   Code   RO          467    i.Timer2_Config     peripherial_init.o
    0x080038b6   0x00000002   PAD
    0x080038b8   0x000000c0   Code   RO          468    i.Timer3_Config     peripherial_init.o
    0x08003978   0x00000094   Code   RO          469    i.Timer4_Config     peripherial_init.o
    0x08003a0c   0x00000002   Code   RO          470    i.Timer5_Config     peripherial_init.o
    0x08003a0e   0x00000004   Code   RO          657    i.UsageFault_Handler  stm32f4xx_it.o
    0x08003a12   0x00000014   Code   RO         7418    i.__hardfp_fabs     m_wm.l(fabs.o)
    0x08003a26   0x00000038   Code   RO          816    i.delay_us          delay.o
    0x08003a5e   0x00000002   PAD
    0x08003a60   0x0000006c   Code   RO            6    i.main              main.o
    0x08003acc   0x00000062   Code   RO         7414    x$fpl$d2f           fz_wm.l(d2f.o)
    0x08003b2e   0x0000009c   Code   RO         7425    x$fpl$dnaninf       fz_wm.l(dnaninf.o)
    0x08003bca   0x0000000c   Code   RO         7427    x$fpl$dretinf       fz_wm.l(dretinf.o)
    0x08003bd6   0x00000002   PAD
    0x08003bd8   0x00000056   Code   RO         7416    x$fpl$f2d           fz_wm.l(f2d.o)
    0x08003c2e   0x0000008c   Code   RO         7429    x$fpl$fnaninf       fz_wm.l(fnaninf.o)
    0x08003cba   0x0000000a   Code   RO         7518    x$fpl$fpinit        fz_wm.l(fpinit.o)
    0x08003cc4   0x0000000a   Code   RO         7431    x$fpl$fretinf       fz_wm.l(fretinf.o)
    0x08003cce   0x00000000   Code   RO         7433    x$fpl$usenofp       fz_wm.l(usenofp.o)
    0x08003cce   0x00000002   PAD
    0x08003cd0   0x00000074   Data   RO         6050    .constdata          os_dbg.o
    0x08003d44   0x00000100   Data   RO         6731    .constdata          os_core.o
    0x08003e44   0x00000020   Data   RO         7585    Region$$Table       anon$$obj.o


    Execution Region RW_IRAM1 (Base: 0x20000000, Size: 0x00002a58, Max: 0x00020000, ABSOLUTE)

    Base Addr    Size         Type   Attr      Idx    E Section Name        Object

    0x20000000   0x00000008   Data   RW            8    .data               main.o
    0x20000008   0x00000040   Data   RW          303    .data               motor_control.o
    0x20000048   0x00000004   Data   RW          847    .data               global_parameters.o
    0x2000004c   0x00000004   Data   RW         5968    .data               os_cpu_c.o
    0x20000050   0x0000004c   Data   RW         6732    .data               os_core.o
    0x2000009c   0x00000b00   Zero   RW            7    .bss                main.o
    0x20000b9c   0x00000004   PAD
    0x20000ba0   0x00000170   Zero   RW          846    .bss                global_parameters.o
    0x20000d10   0x00000200   Zero   RW         5967    .bss                os_cpu_c.o
    0x20000f10   0x000014e8   Zero   RW         6730    .bss                os_core.o
    0x200023f8   0x00000060   Zero   RW         7460    .bss                c_w.l(libspace.o)
    0x20002458   0x00000200   Zero   RW          940    HEAP                startup_stm32f40xx.o
    0x20002658   0x00000400   Zero   RW          939    STACK               startup_stm32f40xx.o


==============================================================================

Image component sizes


      Code (inc. data)   RO Data    RW Data    ZI Data      Debug   Object Name

       152          6          0          0          0       1556   app.o
       348         20          0          0          0       2516   current_filter.o
        56          0          0          0          0        615   delay.o
       616         82          0          4        368       5603   global_parameters.o
       328         64          0          8       2816     315546   main.o
       140         24          0          0          0       1595   misc.o
       988        112          0         64          0      10114   motor_control.o
      2090        366        256         76       5352      22402   os_core.o
       232         36          0          0          0        368   os_cpu_a.o
       642         28          0          4        512      16559   os_cpu_c.o
       280        184        116          0          0       3494   os_dbg.o
       124         14          0          0          0       1302   os_flag.o
        88         14          0          0          0        593   os_mem.o
        80          8          0          0          0        619   os_q.o
        84         12          0          0          0        730   os_sem.o
      1010        106          0          0          0       6161   os_task.o
       220         32          0          0          0       1460   os_time.o
      2370        118          0          0          0      12192   peripherial_init.o
        72         18          0          0          0        522   spd_pos_filter.o
       104         34        392          0       1536        868   startup_stm32f40xx.o
       414         24          0          0          0       6120   stm32f4xx_adc.o
       124         18          0          0          0       2511   stm32f4xx_dac.o
       664         58          0          0          0       5259   stm32f4xx_dma.o
       236          0          0          0          0       2934   stm32f4xx_gpio.o
       502         64          0          0          0       6094   stm32f4xx_it.o
       160         30          0          0          0       3025   stm32f4xx_rcc.o
      1850        112          0          0          0      20015   stm32f4xx_tim.o
       340         32          0          0          0       1557   system_stm32f4xx.o

    ----------------------------------------------------------------------
     14366       1616        796        156      10588     452330   Object Totals
         0          0         32          0          0          0   (incl. Generated)
        52          0          0          0          4          0   (incl. Padding)

    ----------------------------------------------------------------------

      Code (inc. data)   RO Data    RW Data    ZI Data      Debug   Library Member Name

         8          0          0          0          0         68   __main.o
         0          0          0          0          0          0   __rtentry.o
        12          0          0          0          0          0   __rtentry2.o
         6          0          0          0          0          0   __rtentry4.o
        52          8          0          0          0          0   __scatter.o
        26          0          0          0          0          0   __scatter_copy.o
        28          0          0          0          0          0   __scatter_zi.o
        12          0          0          0          0         72   exit.o
         6          0          0          0          0        152   heapauxi.o
         0          0          0          0          0          0   indicate_semi.o
         2          0          0          0          0          0   libinit.o
         6          0          0          0          0          0   libinit2.o
         2          0          0          0          0          0   libshutdown.o
         2          0          0          0          0          0   libshutdown2.o
         8          4          0          0         96         68   libspace.o
         2          0          0          0          0          0   rtexit.o
        10          0          0          0          0          0   rtexit2.o
        12          4          0          0          0         68   sys_exit.o
        74          0          0          0          0         80   sys_stackheap_outer.o
         2          0          0          0          0         68   use_no_semi.o
        98          4          0          0          0        140   d2f.o
       156          4          0          0          0        140   dnaninf.o
        12          0          0          0          0        116   dretinf.o
        86          4          0          0          0        132   f2d.o
       140          4          0          0          0        132   fnaninf.o
        10          0          0          0          0        116   fpinit.o
        10          0          0          0          0        116   fretinf.o
         0          0          0          0          0          0   usenofp.o
        20          0          0          0          0        124   fabs.o

    ----------------------------------------------------------------------
       810         32          0          0         96       1592   Library Totals
         8          0          0          0          0          0   (incl. Padding)

    ----------------------------------------------------------------------

      Code (inc. data)   RO Data    RW Data    ZI Data      Debug   Library Name

       270         16          0          0         96        576   c_w.l
       512         16          0          0          0        892   fz_wm.l
        20          0          0          0          0        124   m_wm.l

    ----------------------------------------------------------------------
       810         32          0          0         96       1592   Library Totals

    ----------------------------------------------------------------------

==============================================================================


      Code (inc. data)   RO Data    RW Data    ZI Data      Debug   

     15176       1648        796        156      10684     436666   Grand Totals
     15176       1648        796        156      10684     436666   ELF Image Totals
     15176       1648        796        156          0          0   ROM Totals

==============================================================================

    Total RO  Size (Code + RO Data)                15972 (  15.60kB)
    Total RW  Size (RW Data + ZI Data)             10840 (  10.59kB)
    Total ROM Size (Code + RO Data + RW Data)      16128 (  15.75kB)

==============================================================================

