Component: ARM Compiler 5.05 update 1 (build 106) Tool: armlink [4d0efa]

==============================================================================

Section Cross References

    main.o(i.APP_TaskStart) refers to os_cpu_c.o(i.OS_CPU_SysTickInit) for OS_CPU_SysTickInit
    main.o(i.APP_TaskStart) refers to delay.o(i.delay_us) for delay_us
    main.o(i.APP_TaskStart) refers to os_core.o(i.OSStatInit) for OSStatInit
    main.o(i.APP_TaskStart) refers to os_task.o(i.OSTaskCreateExt) for OSTaskCreateExt
    main.o(i.APP_TaskStart) refers to os_task.o(i.OSTaskDel) for OSTaskDel
    main.o(i.APP_TaskStart) refers to main.o(.bss) for StateMachine_TASK_STK
    main.o(i.APP_TaskStart) refers to app.o(i.StateMachine_Task) for StateMachine_Task
    main.o(i.APP_TaskStart) refers to app.o(i.LED_Task) for LED_Task
    main.o(i.APP_TaskStart) refers to app.o(i.RS485_Task) for RS485_Task
    main.o(i.Board_Init) refers to peripherial_init.o(i.NVIC_Config) for NVIC_Config
    main.o(i.Board_Init) refers to peripherial_init.o(i.GPIO_Config) for GPIO_Config
    main.o(i.Board_Init) refers to peripherial_init.o(i.SPI1_DMA_Config) for SPI1_DMA_Config
    main.o(i.Board_Init) refers to peripherial_init.o(i.Timer1_Config) for Timer1_Config
    main.o(i.Board_Init) refers to peripherial_init.o(i.Timer2_Config) for Timer2_Config
    main.o(i.Board_Init) refers to peripherial_init.o(i.Timer3_Config) for Timer3_Config
    main.o(i.Board_Init) refers to peripherial_init.o(i.Timer4_Config) for Timer4_Config
    main.o(i.Board_Init) refers to peripherial_init.o(i.Timer5_Config) for Timer5_Config
    main.o(i.Board_Init) refers to peripherial_init.o(i.Timer8_Master_Config) for Timer8_Master_Config
    main.o(i.Board_Init) refers to peripherial_init.o(i.ADC1_DMA_Config) for ADC1_DMA_Config
    main.o(i.Board_Init) refers to peripherial_init.o(i.DAC_Config) for DAC_Config
    main.o(i.Board_Init) refers to peripherial_init.o(i.CAN_Config) for CAN_Config
    main.o(i.Board_Init) refers to hall_reversal_6steps.o(i.Hall_State_Read) for Hall_State_Read
    main.o(i.Board_Init) refers to peripherial_init.o(i.BrakeControl) for BrakeControl
    main.o(i.Board_Init) refers to global_parameters.o(.bss) for m_motor_rt_para
    main.o(i.main) refers to misc.o(i.NVIC_PriorityGroupConfig) for NVIC_PriorityGroupConfig
    main.o(i.main) refers to global_parameters.o(i.ParametersInit) for ParametersInit
    main.o(i.main) refers to main.o(i.Board_Init) for Board_Init
    main.o(i.main) refers to os_core.o(i.OSInit) for OSInit
    main.o(i.main) refers to os_sem.o(i.OSSemCreate) for OSSemCreate
    main.o(i.main) refers to os_task.o(i.OSTaskCreateExt) for OSTaskCreateExt
    main.o(i.main) refers to os_core.o(i.OSStart) for OSStart
    main.o(i.main) refers to main.o(.data) for sem_USART2Rev
    main.o(i.main) refers to main.o(.bss) for APP_TASK_START_STK
    main.o(i.main) refers to main.o(i.APP_TaskStart) for APP_TaskStart
    app.o(i.LED_Task) refers to peripherial_init.o(i.LED_GREEN_OFF) for LED_GREEN_OFF
    app.o(i.LED_Task) refers to os_time.o(i.OSTimeDlyHMSM) for OSTimeDlyHMSM
    app.o(i.LED_Task) refers to peripherial_init.o(i.LED_GREEN_ON) for LED_GREEN_ON
    app.o(i.LED_Task) refers to app.o(.data) for rcv_data
    app.o(i.RS485_Task) refers to os_time.o(i.OSTimeDlyHMSM) for OSTimeDlyHMSM
    app.o(i.StateMachine_Task) refers to os_time.o(i.OSTimeDlyHMSM) for OSTimeDlyHMSM
    app.o(i.StateMachine_Task) refers to motor_control.o(i.Read_Current_Bias) for Read_Current_Bias
    app.o(i.StateMachine_Task) refers to peripherial_init.o(i.BrakeControl) for BrakeControl
    app.o(i.StateMachine_Task) refers to motor_control.o(i.Hall_Start_Convert) for Hall_Start_Convert
    app.o(i.StateMachine_Task) refers to motor_control.o(i.CurrentLoopRefresh_TIM_Start) for CurrentLoopRefresh_TIM_Start
    app.o(i.StateMachine_Task) refers to global_parameters.o(.bss) for m_motor_ctrl
    peripherial_init.o(i.ADC1_DMA_Config) refers to stm32f4xx_rcc.o(i.RCC_APB2PeriphClockCmd) for RCC_APB2PeriphClockCmd
    peripherial_init.o(i.ADC1_DMA_Config) refers to stm32f4xx_adc.o(i.ADC_DeInit) for ADC_DeInit
    peripherial_init.o(i.ADC1_DMA_Config) refers to stm32f4xx_adc.o(i.ADC_CommonInit) for ADC_CommonInit
    peripherial_init.o(i.ADC1_DMA_Config) refers to stm32f4xx_adc.o(i.ADC_Init) for ADC_Init
    peripherial_init.o(i.ADC1_DMA_Config) refers to stm32f4xx_adc.o(i.ADC_RegularChannelConfig) for ADC_RegularChannelConfig
    peripherial_init.o(i.ADC1_DMA_Config) refers to stm32f4xx_rcc.o(i.RCC_AHB1PeriphClockCmd) for RCC_AHB1PeriphClockCmd
    peripherial_init.o(i.ADC1_DMA_Config) refers to stm32f4xx_dma.o(i.DMA_DeInit) for DMA_DeInit
    peripherial_init.o(i.ADC1_DMA_Config) refers to stm32f4xx_dma.o(i.DMA_Init) for DMA_Init
    peripherial_init.o(i.ADC1_DMA_Config) refers to stm32f4xx_dma.o(i.DMA_Cmd) for DMA_Cmd
    peripherial_init.o(i.ADC1_DMA_Config) refers to stm32f4xx_dma.o(i.DMA_ClearITPendingBit) for DMA_ClearITPendingBit
[...]
    __Vectors                                0x08000000   Data           4  startup_stm32f40xx.o(RESET)
    __Vectors_End                            0x08000188   Data           0  startup_stm32f40xx.o(RESET)
    __main                                   0x08000189   Thumb Code     8  __main.o(!!!main)
    __scatterload                            0x08000191   Thumb Code     0  __scatter.o(!!!scatter)
    __scatterload_rt2                        0x08000191   Thumb Code    44  __scatter.o(!!!scatter)
    __scatterload_rt2_thumb_only             0x08000191   Thumb Code     0  __scatter.o(!!!scatter)
    __scatterload_null                       0x0800019f   Thumb Code     0  __scatter.o(!!!scatter)
    __decompress                             0x080001c5   Thumb Code    90  __dczerorl2.o(!!dczerorl2)
    __decompress1                            0x080001c5   Thumb Code     0  __dczerorl2.o(!!dczerorl2)
    __scatterload_zeroinit                   0x08000221   Thumb Code    28  __scatter_zi.o(!!handler_zi)
    __rt_lib_init                            0x0800023d   Thumb Code     0  libinit.o(.ARM.Collect$$libinit$$00000000)
    __rt_lib_init_fp_1                       0x0800023f   Thumb Code     0  libinit2.o(.ARM.Collect$$libinit$$00000001)
    __rt_lib_init_alloca_1                   0x08000243   Thumb Code     0  libinit2.o(.ARM.Collect$$libinit$$0000002E)
    __rt_lib_init_argv_1                     0x08000243   Thumb Code     0  libinit2.o(.ARM.Collect$$libinit$$0000002C)
    __rt_lib_init_atexit_1                   0x08000243   Thumb Code     0  libinit2.o(.ARM.Collect$$libinit$$0000001B)
    __rt_lib_init_clock_1                    0x08000243   Thumb Code     0  libinit2.o(.ARM.Collect$$libinit$$00000021)
    __rt_lib_init_cpp_1                      0x08000243   Thumb Code     0  libinit2.o(.ARM.Collect$$libinit$$00000032)
    __rt_lib_init_exceptions_1               0x08000243   Thumb Code     0  libinit2.o(.ARM.Collect$$libinit$$00000030)
    __rt_lib_init_fp_trap_1                  0x08000243   Thumb Code     0  libinit2.o(.ARM.Collect$$libinit$$0000001F)
    __rt_lib_init_getenv_1                   0x08000243   Thumb Code     0  libinit2.o(.ARM.Collect$$libinit$$00000023)
    __rt_lib_init_heap_1                     0x08000243   Thumb Code     0  libinit2.o(.ARM.Collect$$libinit$$0000000A)
    __rt_lib_init_lc_collate_1               0x08000243   Thumb Code     0  libinit2.o(.ARM.Collect$$libinit$$00000011)
    __rt_lib_init_lc_ctype_1                 0x08000243   Thumb Code     0  libinit2.o(.ARM.Collect$$libinit$$00000013)
    __rt_lib_init_lc_monetary_1              0x08000243   Thumb Code     0  libinit2.o(.ARM.Collect$$libinit$$00000015)
    __rt_lib_init_lc_numeric_1               0x08000243   Thumb Code     0  libinit2.o(.ARM.Collect$$libinit$$00000017)
    __rt_lib_init_lc_time_1                  0x08000243   Thumb Code     0  libinit2.o(.ARM.Collect$$libinit$$00000019)
    __rt_lib_init_preinit_1                  0x08000243   Thumb Code     0  libinit2.o(.ARM.Collect$$libinit$$00000004)
    __rt_lib_init_rand_1                     0x08000243   Thumb Code     0  libinit2.o(.ARM.Collect$$libinit$$0000000E)
    __rt_lib_init_return                     0x08000243   Thumb Code     0  libinit2.o(.ARM.Collect$$libinit$$00000033)
    __rt_lib_init_signal_1                   0x08000243   Thumb Code     0  libinit2.o(.ARM.Collect$$libinit$$0000001D)
    __rt_lib_init_stdio_1                    0x08000243   Thumb Code     0  libinit2.o(.ARM.Collect$$libinit$$00000025)
    __rt_lib_init_user_alloc_1               0x08000243   Thumb Code     0  libinit2.o(.ARM.Collect$$libinit$$0000000C)
    __rt_lib_shutdown                        0x08000245   Thumb Code     0  libshutdown.o(.ARM.Collect$$libshutdown$$00000000)
    __rt_lib_shutdown_fp_trap_1              0x08000247   Thumb Code     0  libshutdown2.o(.ARM.Collect$$libshutdown$$00000006)
    __rt_lib_shutdown_heap_1                 0x08000247   Thumb Code     0  libshutdown2.o(.ARM.Collect$$libshutdown$$0000000E)
    __rt_lib_shutdown_return                 0x08000247   Thumb Code     0  libshutdown2.o(.ARM.Collect$$libshutdown$$0000000F)
    __rt_lib_shutdown_signal_1               0x08000247   Thumb Code     0  libshutdown2.o(.ARM.Collect$$libshutdown$$00000009)
    __rt_lib_shutdown_stdio_1                0x08000247   Thumb Code     0  libshutdown2.o(.ARM.Collect$$libshutdown$$00000003)
    __rt_lib_shutdown_user_alloc_1           0x08000247   Thumb Code     0  libshutdown2.o(.ARM.Collect$$libshutdown$$0000000B)
    __rt_entry                               0x08000249   Thumb Code     0  __rtentry.o(.ARM.Collect$$rtentry$$00000000)
    __rt_entry_presh_1                       0x08000249   Thumb Code     0  __rtentry2.o(.ARM.Collect$$rtentry$$00000002)
    __rt_entry_sh                            0x08000249   Thumb Code     0  __rtentry4.o(.ARM.Collect$$rtentry$$00000004)
    __rt_entry_li                            0x0800024f   Thumb Code     0  __rtentry2.o(.ARM.Collect$$rtentry$$0000000A)
    __rt_entry_postsh_1                      0x0800024f   Thumb Code     0  __rtentry2.o(.ARM.Collect$$rtentry$$00000009)
    __rt_entry_main                          0x08000253   Thumb Code     0  __rtentry2.o(.ARM.Collect$$rtentry$$0000000D)
    __rt_entry_postli_1                      0x08000253   Thumb Code     0  __rtentry2.o(.ARM.Collect$$rtentry$$0000000C)
    __rt_exit                                0x0800025b   Thumb Code     0  rtexit.o(.ARM.Collect$$rtexit$$00000000)
    __rt_exit_ls                             0x0800025d   Thumb Code     0  rtexit2.o(.ARM.Collect$$rtexit$$00000003)
    __rt_exit_prels_1                        0x0800025d   Thumb Code     0  rtexit2.o(.ARM.Collect$$rtexit$$00000002)
    __rt_exit_exit                           0x08000261   Thumb Code     0  rtexit2.o(.ARM.Collect$$rtexit$$00000004)
    Reset_Handler                            0x08000269   Thumb Code    40  startup_stm32f40xx.o(.text)
    ADC_IRQHandler                           0x080002a3   Thumb Code     0  startup_stm32f40xx.o(.text)
    CAN1_RX1_IRQHandler                      0x080002a3   Thumb Code     0  startup_stm32f40xx.o(.text)
    CAN1_SCE_IRQHandler                      0x080002a3   Thumb Code     0  startup_stm32f40xx.o(.text)
    CAN2_RX0_IRQHandler                      0x080002a3   Thumb Code     0  startup_stm32f40xx.o(.text)
    CAN2_RX1_IRQHandler                      0x080002a3   Thumb Code     0  startup_stm32f40xx.o(.text)
    CAN2_SCE_IRQHandler                      0x080002a3   Thumb Code     0  startup_stm32f40xx.o(.text)
    CAN2_TX_IRQHandler                       0x080002a3   Thumb Code     0  startup_stm32f40xx.o(.text)
    CRYP_IRQHandler                          0x080002a3   Thumb Code     0  startup_stm32f40xx.o(.text)
    DCMI_IRQHandler                          0x080002a3   Thumb Code     0  startup_stm32f40xx.o(.text)
    DMA1_Stream0_IRQHandler                  0x080002a3   Thumb Code     0  startup_stm32f40xx.o(.text)
    DMA1_Stream1_IRQHandler                  0x080002a3   Thumb Code     0  startup_stm32f40xx.o(.text)
    DMA1_Stream2_IRQHandler                  0x080002a3   Thumb Code     0  startup_stm32f40xx.o(.text)
    DMA1_Stream3_IRQHandler                  0x080002a3   Thumb Code     0  startup_stm32f40xx.o(.text)
    DMA1_Stream4_IRQHandler                  0x080002a3   Thumb Code     0  startup_stm32f40xx.o(.text)
    DMA1_Stream5_IRQHandler                  0x080002a3   Thumb Code     0  startup_stm32f40xx.o(.text)
    DMA1_Stream6_IRQHandler                  0x080002a3   Thumb Code     0  startup_stm32f40xx.o(.text)
    DMA1_Stream7_IRQHandler                  0x080002a3   Thumb Code     0  startup_stm32f40xx.o(.text)
    DMA2_Stream1_IRQHandler                  0x080002a3   Thumb Code     0  startup_stm32f40xx.o(.text)
    DMA2_Stream4_IRQHandler                  0x080002a3   Thumb Code     0  startup_stm32f40xx.o(.text)
    DMA2_Stream5_IRQHandler                  0x080002a3   Thumb Code     0  startup_stm32f40xx.o(.text)
    DMA2_Stream6_IRQHandler                  0x080002a3   Thumb Code     0  startup_stm32f40xx.o(.text)
    DMA2_Stream7_IRQHandler                  0x080002a3   Thumb Code     0  startup_stm32f40xx.o(.text)
    ETH_IRQHandler                           0x080002a3   Thumb Code     0  startup_stm32f40xx.o(.text)
    ETH_WKUP_IRQHandler                      0x080002a3   Thumb Code     0  startup_stm32f40xx.o(.text)
    EXTI0_IRQHandler                         0x080002a3   Thumb Code     0  startup_stm32f40xx.o(.text)
    EXTI15_10_IRQHandler                     0x080002a3   Thumb Code     0  startup_stm32f40xx.o(.text)
    EXTI1_IRQHandler                         0x080002a3   Thumb Code     0  startup_stm32f40xx.o(.text)
    EXTI2_IRQHandler                         0x080002a3   Thumb Code     0  startup_stm32f40xx.o(.text)
    EXTI3_IRQHandler                         0x080002a3   Thumb Code     0  startup_stm32f40xx.o(.text)
    EXTI4_IRQHandler                         0x080002a3   Thumb Code     0  startup_stm32f40xx.o(.text)
    EXTI9_5_IRQHandler                       0x080002a3   Thumb Code     0  startup_stm32f40xx.o(.text)
    FLASH_IRQHandler                         0x080002a3   Thumb Code     0  startup_stm32f40xx.o(.text)
    FPU_IRQHandler                           0x080002a3   Thumb Code     0  startup_stm32f40xx.o(.text)
    FSMC_IRQHandler                          0x080002a3   Thumb Code     0  startup_stm32f40xx.o(.text)
    HASH_RNG_IRQHandler                      0x080002a3   Thumb Code     0  startup_stm32f40xx.o(.text)
    I2C1_ER_IRQHandler                       0x080002a3   Thumb Code     0  startup_stm32f40xx.o(.text)
    I2C1_EV_IRQHandler                       0x080002a3   Thumb Code     0  startup_stm32f40xx.o(.text)
    I2C2_ER_IRQHandler                       0x080002a3   Thumb Code     0  startup_stm32f40xx.o(.text)
    I2C2_EV_IRQHandler                       0x080002a3   Thumb Code     0  startup_stm32f40xx.o(.text)
    I2C3_ER_IRQHandler                       0x080002a3   Thumb Code     0  startup_stm32f40xx.o(.text)
    I2C3_EV_IRQHandler                       0x080002a3   Thumb Code     0  startup_stm32f40xx.o(.text)
    OTG_FS_IRQHandler                        0x080002a3   Thumb Code     0  startup_stm32f40xx.o(.text)
    OTG_FS_WKUP_IRQHandler                   0x080002a3   Thumb Code     0  startup_stm32f40xx.o(.text)
    OTG_HS_EP1_IN_IRQHandler                 0x080002a3   Thumb Code     0  startup_stm32f40xx.o(.text)
    OTG_HS_EP1_OUT_IRQHandler                0x080002a3   Thumb Code     0  startup_stm32f40xx.o(.text)
    OTG_HS_IRQHandler                        0x080002a3   Thumb Code     0  startup_stm32f40xx.o(.text)
    OTG_HS_WKUP_IRQHandler                   0x080002a3   Thumb Code     0  startup_stm32f40xx.o(.text)
    PVD_IRQHandler                           0x080002a3   Thumb Code     0  startup_stm32f40xx.o(.text)
    RCC_IRQHandler                           0x080002a3   Thumb Code     0  startup_stm32f40xx.o(.text)
    RTC_Alarm_IRQHandler                     0x080002a3   Thumb Code     0  startup_stm32f40xx.o(.text)
    RTC_WKUP_IRQHandler                      0x080002a3   Thumb Code     0  startup_stm32f40xx.o(.text)
    SDIO_IRQHandler                          0x080002a3   Thumb Code     0  startup_stm32f40xx.o(.text)
    SPI1_IRQHandler                          0x080002a3   Thumb Code     0  startup_stm32f40xx.o(.text)
    SPI2_IRQHandler                          0x080002a3   Thumb Code     0  startup_stm32f40xx.o(.text)
    SPI3_IRQHandler                          0x080002a3   Thumb Code     0  startup_stm32f40xx.o(.text)
    TAMP_STAMP_IRQHandler                    0x080002a3   Thumb Code     0  startup_stm32f40xx.o(.text)
    TIM1_BRK_TIM9_IRQHandler                 0x080002a3   Thumb Code     0  startup_stm32f40xx.o(.text)
    TIM1_CC_IRQHandler                       0x080002a3   Thumb Code     0  startup_stm32f40xx.o(.text)
    TIM1_TRG_COM_TIM11_IRQHandler            0x080002a3   Thumb Code     0  startup_stm32f40xx.o(.text)
    TIM5_IRQHandler                          0x080002a3   Thumb Code     0  startup_stm32f40xx.o(.text)
    TIM6_DAC_IRQHandler                      0x080002a3   Thumb Code     0  startup_stm32f40xx.o(.text)
    TIM7_IRQHandler                          0x080002a3   Thumb Code     0  startup_stm32f40xx.o(.text)
    TIM8_BRK_TIM12_IRQHandler                0x080002a3   Thumb Code     0  startup_stm32f40xx.o(.text)
    TIM8_CC_IRQHandler                       0x080002a3   Thumb Code     0  startup_stm32f40xx.o(.text)
    TIM8_TRG_COM_TIM14_IRQHandler            0x080002a3   Thumb Code     0  startup_stm32f40xx.o(.text)
    UART4_IRQHandler                         0x080002a3   Thumb Code     0  startup_stm32f40xx.o(.text)
    UART5_IRQHandler                         0x080002a3   Thumb Code     0  startup_stm32f40xx.o(.text)
    USART1_IRQHandler                        0x080002a3   Thumb Code     0  startup_stm32f40xx.o(.text)
    USART2_IRQHandler                        0x080002a3   Thumb Code     0  startup_stm32f40xx.o(.text)
    USART3_IRQHandler                        0x080002a3   Thumb Code     0  startup_stm32f40xx.o(.text)
    USART6_IRQHandler                        0x080002a3   Thumb Code     0  startup_stm32f40xx.o(.text)
    WWDG_IRQHandler                          0x080002a3   Thumb Code     0  startup_stm32f40xx.o(.text)
    __user_initial_stackheap                 0x080002a5   Thumb Code     0  startup_stm32f40xx.o(.text)
    OS_CPU_FP_Reg_Push                       0x080002d1   Thumb Code     0  os_cpu_a.o(.text)
    OS_CPU_FP_Reg_Pop                        0x080002eb   Thumb Code     0  os_cpu_a.o(.text)
    OS_CPU_SR_Save                           0x080002fd   Thumb Code     0  os_cpu_a.o(.text)
    OS_CPU_SR_Restore                        0x08000305   Thumb Code     0  os_cpu_a.o(.text)
    OSStartHighRdy                           0x0800030b   Thumb Code     0  os_cpu_a.o(.text)
    OSCtxSw                                  0x08000333   Thumb Code     0  os_cpu_a.o(.text)
    OSIntCtxSw                               0x0800033d   Thumb Code     0  os_cpu_a.o(.text)
    OS_CPU_PendSVHandler                     0x08000347   Thumb Code     0  os_cpu_a.o(.text)
    arm_abs_f32                              0x080003b9   Thumb Code   164  arm_abs_f32.o(.text)
    arm_abs_q15                              0x0800045d   Thumb Code   134  arm_abs_q15.o(.text)
    arm_sin_f32                              0x080004e5   Thumb Code   104  arm_sin_f32.o(.text)
    __use_two_region_memory                  0x08000559   Thumb Code     2  heapauxi.o(.text)
    __rt_heap_escrow$2region                 0x0800055b   Thumb Code     2  heapauxi.o(.text)
    __rt_heap_expand$2region                 0x0800055d   Thumb Code     2  heapauxi.o(.text)
    _fp_trap                                 0x08000561   Thumb Code    44  _fptrap.o(.text)
    __user_setup_stackheap                   0x08000591   Thumb Code    74  sys_stackheap_outer.o(.text)
    exit                                     0x080005db   Thumb Code    12  exit.o(.text)
    __rt_SIGFPE                              0x080005e7   Thumb Code    14  defsig_fpe_outer.o(.text)
    __user_libspace                          0x080005f5   Thumb Code     8  libspace.o(.text)
    __user_perproc_libspace                  0x080005f5   Thumb Code     0  libspace.o(.text)
    __user_perthread_libspace                0x080005f5   Thumb Code     0  libspace.o(.text)
    __sig_exit                               0x080005fd   Thumb Code    10  defsig_exit.o(.text)
    __rt_SIGFPE_inner                        0x08000609   Thumb Code    62  defsig_fpe_inner.o(.text)
    _sys_exit                                0x080006b5   Thumb Code     8  sys_exit.o(.text)
    __default_signal_display                 0x080006c1   Thumb Code    50  defsig_general.o(.text)
    _ttywrch                                 0x080006f3   Thumb Code    14  sys_wrch.o(.text)
    __I$use$semihosting                      0x08000701   Thumb Code     0  use_no_semi.o(.text)
    __use_no_semihosting_swi                 0x08000701   Thumb Code     2  use_no_semi.o(.text)
    __semihosting_library_function           0x08000703   Thumb Code     0  indicate_semi.o(.text)
    ADC1_DMA_Config                          0x08000705   Thumb Code   254  peripherial_init.o(i.ADC1_DMA_Config)
    ADC_Cmd                                  0x08000811   Thumb Code    22  stm32f4xx_adc.o(i.ADC_Cmd)
    ADC_CommonInit                           0x08000829   Thumb Code    34  stm32f4xx_adc.o(i.ADC_CommonInit)
    ADC_DMACmd                               0x08000859   Thumb Code    22  stm32f4xx_adc.o(i.ADC_DMACmd)
    ADC_DMARequestAfterLastTransferCmd       0x0800086f   Thumb Code    22  stm32f4xx_adc.o(i.ADC_DMARequestAfterLastTransferCmd)
    ADC_DeInit                               0x08000885   Thumb Code    22  stm32f4xx_adc.o(i.ADC_DeInit)
    ADC_Init                                 0x0800089d   Thumb Code    74  stm32f4xx_adc.o(i.ADC_Init)
    ADC_RegularChannelConfig                 0x080008f1   Thumb Code   184  stm32f4xx_adc.o(i.ADC_RegularChannelConfig)
    ADC_SoftwareStartConv                    0x080009a9   Thumb Code    10  stm32f4xx_adc.o(i.ADC_SoftwareStartConv)
    BrakeControl                             0x08000aad   Thumb Code    42  peripherial_init.o(i.BrakeControl)
    BusFault_Handler                         0x08000add   Thumb Code     4  stm32f4xx_it.o(i.BusFault_Handler)
    CAN1_RX0_IRQHandler                      0x08000ae1   Thumb Code    88  stm32f4xx_it.o(i.CAN1_RX0_IRQHandler)
    CAN1_TX_Data                             0x08000b41   Thumb Code   106  peripherial_init.o(i.CAN1_TX_Data)
    CAN1_TX_IRQHandler                       0x08000bb5   Thumb Code   140  stm32f4xx_it.o(i.CAN1_TX_IRQHandler)
    CAN_ClearITPendingBit                    0x08000c49   Thumb Code   162  stm32f4xx_can.o(i.CAN_ClearITPendingBit)
    CAN_Config                               0x08000cf1   Thumb Code   150  peripherial_init.o(i.CAN_Config)
    CAN_DeInit                               0x08000d8d   Thumb Code    50  stm32f4xx_can.o(i.CAN_DeInit)
    CAN_FilterInit                           0x08000dc5   Thumb Code   258  stm32f4xx_can.o(i.CAN_FilterInit)
    CAN_GetITStatus                          0x08000ecd   Thumb Code   284  stm32f4xx_can.o(i.CAN_GetITStatus)
    CAN_ITConfig                             0x08000fed   Thumb Code    18  stm32f4xx_can.o(i.CAN_ITConfig)
    CAN_Init                                 0x08000fff   Thumb Code   276  stm32f4xx_can.o(i.CAN_Init)
    CAN_Receive                              0x08001113   Thumb Code   240  stm32f4xx_can.o(i.CAN_Receive)
    CAN_SEND_CVP                             0x08001205   Thumb Code   164  motor_control.o(i.CAN_SEND_CVP)
    CAN_StructInit                           0x080012bd   Thumb Code    32  stm32f4xx_can.o(i.CAN_StructInit)
    CAN_Transmit                             0x080012dd   Thumb Code   294  stm32f4xx_can.o(i.CAN_Transmit)
    CurrentFilterDataInit                    0x08001415   Thumb Code    78  global_parameters.o(i.CurrentFilterDataInit)
    CurrentLoopRefresh_TIM_Halt              0x0800146d   Thumb Code    28  motor_control.o(i.CurrentLoopRefresh_TIM_Halt)
    CurrentLoopRefresh_TIM_Start             0x08001491   Thumb Code    28  motor_control.o(i.CurrentLoopRefresh_TIM_Start)
    Current_Average_X8_Filter                0x080014b5   Thumb Code   282  current_filter.o(i.Current_Average_X8_Filter)
    Current_Filter_Init                      0x080015d9   Thumb Code    30  current_filter.o(i.Current_Filter_Init)
    Current_PID_Cal                          0x080015fd   Thumb Code   246  motor_control.o(i.Current_PID_Cal)
    DAC_Cmd                                  0x08001715   Thumb Code    34  stm32f4xx_dac.o(i.DAC_Cmd)
    DAC_Config                               0x0800173d   Thumb Code   114  peripherial_init.o(i.DAC_Config)
    DAC_Init                                 0x080017b5   Thumb Code    46  stm32f4xx_dac.o(i.DAC_Init)
    DAC_SetChannel1Data                      0x080017e9   Thumb Code    26  stm32f4xx_dac.o(i.DAC_SetChannel1Data)
    DAC_SetChannel2Data                      0x08001809   Thumb Code    26  stm32f4xx_dac.o(i.DAC_SetChannel2Data)
    DMA2_Stream0_IRQHandler                  0x08001829   Thumb Code   238  stm32f4xx_it.o(i.DMA2_Stream0_IRQHandler)
    DMA2_Stream2_IRQHandler                  0x0800192d   Thumb Code    56  stm32f4xx_it.o(i.DMA2_Stream2_IRQHandler)
    DMA2_Stream3_IRQHandler                  0x08001971   Thumb Code    58  stm32f4xx_it.o(i.DMA2_Stream3_IRQHandler)
    DMA_ClearITPendingBit                    0x080019b9   Thumb Code    38  stm32f4xx_dma.o(i.DMA_ClearITPendingBit)
    DMA_Cmd                                  0x080019ed   Thumb Code    22  stm32f4xx_dma.o(i.DMA_Cmd)
    DMA_DeInit                               0x08001a05   Thumb Code   324  stm32f4xx_dma.o(i.DMA_DeInit)
    DMA_ITConfig                             0x08001b5d   Thumb Code    58  stm32f4xx_dma.o(i.DMA_ITConfig)
    DMA_Init                                 0x08001b99   Thumb Code    82  stm32f4xx_dma.o(i.DMA_Init)
    DMA_StructInit                           0x08001bf1   Thumb Code    34  stm32f4xx_dma.o(i.DMA_StructInit)
    DebugMon_Handler                         0x08001c13   Thumb Code     2  stm32f4xx_it.o(i.DebugMon_Handler)
    EncoderDataInit                          0x08001c15   Thumb Code    76  global_parameters.o(i.EncoderDataInit)
    GPIO_Config                              0x08001c69   Thumb Code   800  peripherial_init.o(i.GPIO_Config)
    GPIO_Init                                0x08001f95   Thumb Code   144  stm32f4xx_gpio.o(i.GPIO_Init)
    GPIO_PinAFConfig                         0x08002025   Thumb Code    70  stm32f4xx_gpio.o(i.GPIO_PinAFConfig)
    GPIO_ResetBits                           0x0800206b   Thumb Code     4  stm32f4xx_gpio.o(i.GPIO_ResetBits)
    GPIO_StructInit                          0x0800206f   Thumb Code    18  stm32f4xx_gpio.o(i.GPIO_StructInit)
    H1_L2                                    0x08002081   Thumb Code    16  hall_reversal_6steps.o(i.H1_L2)
    H1_L3                                    0x08002091   Thumb Code    16  hall_reversal_6steps.o(i.H1_L3)
    H2_L1                                    0x080020a1   Thumb Code    16  hall_reversal_6steps.o(i.H2_L1)
    H2_L3                                    0x080020b1   Thumb Code    16  hall_reversal_6steps.o(i.H2_L3)
    H3_L1                                    0x080020c1   Thumb Code    16  hall_reversal_6steps.o(i.H3_L1)
    H3_L2                                    0x080020d1   Thumb Code    16  hall_reversal_6steps.o(i.H3_L2)
    Hall_Runtime_Convert                     0x080020e1   Thumb Code    62  motor_control.o(i.Hall_Runtime_Convert)
    Hall_Start_Convert                       0x08002131   Thumb Code    62  motor_control.o(i.Hall_Start_Convert)
    Hall_State_Read                          0x08002181   Thumb Code    10  hall_reversal_6steps.o(i.Hall_State_Read)
    HardFault_Handler                        0x08002191   Thumb Code     4  stm32f4xx_it.o(i.HardFault_Handler)
    IR2130S_force_reset                      0x08002195   Thumb Code    16  motor_control.o(i.IR2130S_force_reset)
    Increment_PID_Cal                        0x080021a5   Thumb Code   222  motor_control.o(i.Increment_PID_Cal)
    KF_Filter_Init                           0x08002285   Thumb Code   226  spd_pos_filter.o(i.KF_Filter_Init)
    LED_GREEN_OFF                            0x08002379   Thumb Code    16  peripherial_init.o(i.LED_GREEN_OFF)
    LED_GREEN_ON                             0x0800238d   Thumb Code    14  peripherial_init.o(i.LED_GREEN_ON)
    LED_Task                                 0x080023a1   Thumb Code    60  app.o(i.LED_Task)
    MemManage_Handler                        0x080023e5   Thumb Code     4  stm32f4xx_it.o(i.MemManage_Handler)
    MotorCtrlDataInit                        0x080023e9   Thumb Code    66  global_parameters.o(i.MotorCtrlDataInit)
    NMI_Handler                              0x08002435   Thumb Code     2  stm32f4xx_it.o(i.NMI_Handler)
    NULL_Switch                              0x08002437   Thumb Code     2  hall_reversal_6steps.o(i.NULL_Switch)
    NVIC_Config                              0x08002439   Thumb Code   266  peripherial_init.o(i.NVIC_Config)
    NVIC_Init                                0x08002545   Thumb Code   106  misc.o(i.NVIC_Init)
    NVIC_PriorityGroupConfig                 0x080025bd   Thumb Code    10  misc.o(i.NVIC_PriorityGroupConfig)
    Noise_Killer                             0x080025d1   Thumb Code   144  spd_pos_filter.o(i.Noise_Killer)
    OSDebugInit                              0x08002665   Thumb Code    96  os_dbg.o(i.OSDebugInit)
    OSInit                                   0x0800277d   Thumb Code    52  os_core.o(i.OSInit)
    OSInitHookBegin                          0x080027b1   Thumb Code    34  os_cpu_c.o(i.OSInitHookBegin)
    OSInitHookEnd                            0x080027e1   Thumb Code     2  os_cpu_c.o(i.OSInitHookEnd)
    OSIntEnter                               0x080027e5   Thumb Code    28  os_core.o(i.OSIntEnter)
    OSIntExit                                0x08002809   Thumb Code   112  os_core.o(i.OSIntExit)
    OSSemCreate                              0x08002899   Thumb Code    72  os_sem.o(i.OSSemCreate)
    OSStart                                  0x080028ed   Thumb Code    48  os_core.o(i.OSStart)
    OSStatInit                               0x08002935   Thumb Code    62  os_core.o(i.OSStatInit)
    OSTCBInitHook                            0x08002981   Thumb Code     2  os_cpu_c.o(i.OSTCBInitHook)
    OSTaskCreateExt                          0x08002985   Thumb Code   170  os_task.o(i.OSTaskCreateExt)
    OSTaskCreateHook                         0x08002a3d   Thumb Code     2  os_cpu_c.o(i.OSTaskCreateHook)
    OSTaskDel                                0x08002a41   Thumb Code   310  os_task.o(i.OSTaskDel)
    OSTaskDelHook                            0x08002ba5   Thumb Code     2  os_cpu_c.o(i.OSTaskDelHook)
    OSTaskIdleHook                           0x08002ba7   Thumb Code     2  os_cpu_c.o(i.OSTaskIdleHook)
    OSTaskNameSet                            0x08002ba9   Thumb Code    98  os_task.o(i.OSTaskNameSet)
    OSTaskReturnHook                         0x08002c19   Thumb Code     2  os_cpu_c.o(i.OSTaskReturnHook)
    OSTaskStatHook                           0x08002c1b   Thumb Code     2  os_cpu_c.o(i.OSTaskStatHook)
    OSTaskStkChk                             0x08002c1d   Thumb Code   128  os_task.o(i.OSTaskStkChk)
    OSTaskStkInit                            0x08002ca5   Thumb Code   484  os_cpu_c.o(i.OSTaskStkInit)
    OSTaskSuspend                            0x08002e8d   Thumb Code   154  os_task.o(i.OSTaskSuspend)
    OSTaskSwHook                             0x08002f39   Thumb Code     2  os_cpu_c.o(i.OSTaskSwHook)
    OSTimeDly                                0x08002f3d   Thumb Code   102  os_time.o(i.OSTimeDly)
    OSTimeDlyHMSM                            0x08002fb9   Thumb Code    86  os_time.o(i.OSTimeDlyHMSM)
    OSTimeTick                               0x08003019   Thumb Code   214  os_core.o(i.OSTimeTick)
    OSTimeTickHook                           0x08003109   Thumb Code     2  os_cpu_c.o(i.OSTimeTickHook)
    OS_CPU_SysTickHandler                    0x0800310d   Thumb Code    34  os_cpu_c.o(i.OS_CPU_SysTickHandler)
    OS_CPU_SysTickInit                       0x08003135   Thumb Code    44  os_cpu_c.o(i.OS_CPU_SysTickInit)
    OS_Dummy                                 0x08003165   Thumb Code     2  os_core.o(i.OS_Dummy)
    OS_EventTaskRemove                       0x08003167   Thumb Code    48  os_core.o(i.OS_EventTaskRemove)
    OS_EventTaskRemoveMulti                  0x08003197   Thumb Code    60  os_core.o(i.OS_EventTaskRemoveMulti)
    OS_EventWaitListInit                     0x080031d3   Thumb Code    30  os_core.o(i.OS_EventWaitListInit)
    OS_FlagInit                              0x080031f1   Thumb Code    74  os_flag.o(i.OS_FlagInit)
    OS_FlagUnlink                            0x08003249   Thumb Code    36  os_flag.o(i.OS_FlagUnlink)
    OS_MemClr                                0x08003491   Thumb Code    18  os_core.o(i.OS_MemClr)
    OS_MemInit                               0x080034a5   Thumb Code    74  os_mem.o(i.OS_MemInit)
    OS_QInit                                 0x080034fd   Thumb Code    72  os_q.o(i.OS_QInit)
    OS_Sched                                 0x0800354d   Thumb Code    88  os_core.o(i.OS_Sched)
    OS_TCBInit                               0x08003621   Thumb Code   298  os_core.o(i.OS_TCBInit)
    OS_TaskIdle                              0x08003769   Thumb Code    34  os_core.o(i.OS_TaskIdle)
    OS_TaskReturn                            0x08003791   Thumb Code    18  os_task.o(i.OS_TaskReturn)
    OS_TaskStat                              0x080037a9   Thumb Code   140  os_core.o(i.OS_TaskStat)
    OS_TaskStatStkChk                        0x08003849   Thumb Code    54  os_core.o(i.OS_TaskStatStkChk)
    OS_TaskStkClr                            0x08003885   Thumb Code    26  os_task.o(i.OS_TaskStkClr)
    ParametersInit                           0x080038a1   Thumb Code   484  global_parameters.o(i.ParametersInit)
    Position_PID_Cal                         0x08003ac5   Thumb Code    56  motor_control.o(i.Position_PID_Cal)
    RCC_AHB1PeriphClockCmd                   0x08003b09   Thumb Code    26  stm32f4xx_rcc.o(i.RCC_AHB1PeriphClockCmd)
    RCC_APB1PeriphClockCmd                   0x08003b29   Thumb Code    26  stm32f4xx_rcc.o(i.RCC_APB1PeriphClockCmd)
    RCC_APB1PeriphResetCmd                   0x08003b49   Thumb Code    26  stm32f4xx_rcc.o(i.RCC_APB1PeriphResetCmd)
    RCC_APB2PeriphClockCmd                   0x08003b69   Thumb Code    26  stm32f4xx_rcc.o(i.RCC_APB2PeriphClockCmd)
    RCC_APB2PeriphResetCmd                   0x08003b89   Thumb Code    26  stm32f4xx_rcc.o(i.RCC_APB2PeriphResetCmd)
    RS485_Task                               0x08003ba9   Thumb Code    22  app.o(i.RS485_Task)
    Read_AbsEncoder                          0x08003bc1   Thumb Code   168  spd_pos_filter.o(i.Read_AbsEncoder)
    Read_Current_Bias                        0x08003c71   Thumb Code    34  motor_control.o(i.Read_Current_Bias)
    Read_IncEncoder                          0x08003c99   Thumb Code   354  spd_pos_filter.o(i.Read_IncEncoder)
    Requir_AbsEncoder                        0x08003e19   Thumb Code    10  spd_pos_filter.o(i.Requir_AbsEncoder)
    SPI1_DMA_Config                          0x08003e25   Thumb Code   316  peripherial_init.o(i.SPI1_DMA_Config)
    SPI_CalculateCRC                         0x08003f79   Thumb Code    24  stm32f4xx_spi.o(i.SPI_CalculateCRC)
    SPI_Cmd                                  0x08003f91   Thumb Code    24  stm32f4xx_spi.o(i.SPI_Cmd)
    SPI_DMA_ReadData                         0x08003fa9   Thumb Code    70  peripherial_init.o(i.SPI_DMA_ReadData)
    SPI_I2S_DMACmd                           0x08004005   Thumb Code    18  stm32f4xx_spi.o(i.SPI_I2S_DMACmd)
    SPI_I2S_DeInit                           0x08004019   Thumb Code   152  stm32f4xx_spi.o(i.SPI_I2S_DeInit)
    SPI_Init                                 0x080040c9   Thumb Code    60  stm32f4xx_spi.o(i.SPI_Init)
    SPI_StructInit                           0x08004105   Thumb Code    24  stm32f4xx_spi.o(i.SPI_StructInit)
    SVC_Handler                              0x0800411d   Thumb Code     2  stm32f4xx_it.o(i.SVC_Handler)
    Single_Current_Average_X8_Filter_6Step   0x0800420d   Thumb Code   294  current_filter.o(i.Single_Current_Average_X8_Filter_6Step)
    Single_Current_Average_X8_Filter_SVPWM   0x08004339   Thumb Code   746  current_filter.o(i.Single_Current_Average_X8_Filter_SVPWM)
    Speed_PID_Cal                            0x08004629   Thumb Code    56  motor_control.o(i.Speed_PID_Cal)
    StateMachine_Task                        0x0800466d   Thumb Code   100  app.o(i.StateMachine_Task)
    SystemInit                               0x080046d5   Thumb Code    88  system_stm32f4xx.o(i.SystemInit)
    SystemStateDataInit                      0x0800473d   Thumb Code    24  global_parameters.o(i.SystemStateDataInit)
    TIM1_CH1_OFF_CH1N_OFF                    0x0800487d   Thumb Code    54  hall_reversal_6steps.o(i.TIM1_CH1_OFF_CH1N_OFF)
    TIM1_CH1_OFF_CH1N_PWM                    0x080048b9   Thumb Code    50  hall_reversal_6steps.o(i.TIM1_CH1_OFF_CH1N_PWM)
    TIM1_CH1_PWM_CH1N_OFF                    0x080048f1   Thumb Code    50  hall_reversal_6steps.o(i.TIM1_CH1_PWM_CH1N_OFF)
    TIM1_CH2_OFF_CH2N_OFF                    0x08004929   Thumb Code    54  hall_reversal_6steps.o(i.TIM1_CH2_OFF_CH2N_OFF)
    TIM1_CH2_OFF_CH2N_PWM                    0x08004965   Thumb Code    50  hall_reversal_6steps.o(i.TIM1_CH2_OFF_CH2N_PWM)
    TIM1_CH2_PWM_CH2N_OFF                    0x0800499d   Thumb Code    50  hall_reversal_6steps.o(i.TIM1_CH2_PWM_CH2N_OFF)
    TIM1_CH3_OFF_CH3N_OFF                    0x080049d5   Thumb Code    54  hall_reversal_6steps.o(i.TIM1_CH3_OFF_CH3N_OFF)
    TIM1_CH3_OFF_CH3N_PWM                    0x08004a11   Thumb Code    50  hall_reversal_6steps.o(i.TIM1_CH3_OFF_CH3N_PWM)
    TIM1_CH3_PWM_CH3N_OFF                    0x08004a49   Thumb Code    50  hall_reversal_6steps.o(i.TIM1_CH3_PWM_CH3N_OFF)
    TIM1_UP_TIM10_IRQHandler                 0x08004a81   Thumb Code   310  stm32f4xx_it.o(i.TIM1_UP_TIM10_IRQHandler)
    TIM2_IRQHandler                          0x08004be9   Thumb Code   162  stm32f4xx_it.o(i.TIM2_IRQHandler)
    TIM3_IRQHandler                          0x08004c9d   Thumb Code    22  stm32f4xx_it.o(i.TIM3_IRQHandler)
    TIM4_IRQHandler                          0x08004cb9   Thumb Code    28  stm32f4xx_it.o(i.TIM4_IRQHandler)
    TIM8_UP_TIM13_IRQHandler                 0x08004cd9   Thumb Code    52  stm32f4xx_it.o(i.TIM8_UP_TIM13_IRQHandler)
    TIM_ARRPreloadConfig                     0x08004d19   Thumb Code    24  stm32f4xx_tim.o(i.TIM_ARRPreloadConfig)
    TIM_BDTRConfig                           0x08004d31   Thumb Code    32  stm32f4xx_tim.o(i.TIM_BDTRConfig)
    TIM_ClearFlag                            0x08004d51   Thumb Code     6  stm32f4xx_tim.o(i.TIM_ClearFlag)
    TIM_ClearITPendingBit                    0x08004d57   Thumb Code     6  stm32f4xx_tim.o(i.TIM_ClearITPendingBit)
    TIM_Cmd                                  0x08004d5d   Thumb Code    24  stm32f4xx_tim.o(i.TIM_Cmd)
    TIM_CtrlPWMOutputs                       0x08004d75   Thumb Code    30  stm32f4xx_tim.o(i.TIM_CtrlPWMOutputs)
    TIM_DMACmd                               0x08004d93   Thumb Code    18  stm32f4xx_tim.o(i.TIM_DMACmd)
    TIM_DMAConfig                            0x08004da5   Thumb Code    10  stm32f4xx_tim.o(i.TIM_DMAConfig)
    TIM_DeInit                               0x08004db1   Thumb Code   346  stm32f4xx_tim.o(i.TIM_DeInit)
    TIM_EncoderInterfaceConfig               0x08004f41   Thumb Code    66  stm32f4xx_tim.o(i.TIM_EncoderInterfaceConfig)
    TIM_ICInit                               0x08004f83   Thumb Code   110  stm32f4xx_tim.o(i.TIM_ICInit)
    TIM_ICStructInit                         0x08004ff1   Thumb Code    18  stm32f4xx_tim.o(i.TIM_ICStructInit)
    TIM_ITConfig                             0x08005003   Thumb Code    18  stm32f4xx_tim.o(i.TIM_ITConfig)
    TIM_ITRxExternalClockConfig              0x08005015   Thumb Code    24  stm32f4xx_tim.o(i.TIM_ITRxExternalClockConfig)
    TIM_OC1Init                              0x0800502d   Thumb Code   114  stm32f4xx_tim.o(i.TIM_OC1Init)
    TIM_OC1PreloadConfig                     0x080050a9   Thumb Code    18  stm32f4xx_tim.o(i.TIM_OC1PreloadConfig)
    TIM_OC2Init                              0x080050bd   Thumb Code   154  stm32f4xx_tim.o(i.TIM_OC2Init)
    TIM_OC2PreloadConfig                     0x08005161   Thumb Code    26  stm32f4xx_tim.o(i.TIM_OC2PreloadConfig)
    TIM_OC3Init                              0x0800517d   Thumb Code   150  stm32f4xx_tim.o(i.TIM_OC3Init)
    TIM_OC3PreloadConfig                     0x0800521d   Thumb Code    18  stm32f4xx_tim.o(i.TIM_OC3PreloadConfig)
    TIM_OCStructInit                         0x0800522f   Thumb Code    20  stm32f4xx_tim.o(i.TIM_OCStructInit)
    TIM_PWMIConfig                           0x08005243   Thumb Code   124  stm32f4xx_tim.o(i.TIM_PWMIConfig)
    TIM_SelectHallSensor                     0x080052bf   Thumb Code    24  stm32f4xx_tim.o(i.TIM_SelectHallSensor)
    TIM_SelectInputTrigger                   0x080052d7   Thumb Code    18  stm32f4xx_tim.o(i.TIM_SelectInputTrigger)
    TIM_SelectMasterSlaveMode                0x080052e9   Thumb Code    18  stm32f4xx_tim.o(i.TIM_SelectMasterSlaveMode)
    TIM_SelectOutputTrigger                  0x080052fb   Thumb Code    18  stm32f4xx_tim.o(i.TIM_SelectOutputTrigger)
    TIM_SelectSlaveMode                      0x0800530d   Thumb Code    18  stm32f4xx_tim.o(i.TIM_SelectSlaveMode)
    TIM_SetIC1Prescaler                      0x0800531f   Thumb Code    18  stm32f4xx_tim.o(i.TIM_SetIC1Prescaler)
    TIM_SetIC2Prescaler                      0x08005331   Thumb Code    26  stm32f4xx_tim.o(i.TIM_SetIC2Prescaler)
    TIM_SetIC3Prescaler                      0x0800534b   Thumb Code    18  stm32f4xx_tim.o(i.TIM_SetIC3Prescaler)
    TIM_SetIC4Prescaler                      0x0800535d   Thumb Code    26  stm32f4xx_tim.o(i.TIM_SetIC4Prescaler)
    TIM_TimeBaseInit                         0x08005379   Thumb Code   104  stm32f4xx_tim.o(i.TIM_TimeBaseInit)
    TIM_TimeBaseStructInit                   0x080053fd   Thumb Code    18  stm32f4xx_tim.o(i.TIM_TimeBaseStructInit)
    Timer1_Config                            0x08005411   Thumb Code   264  peripherial_init.o(i.Timer1_Config)
    Timer2_Config                            0x0800551d   Thumb Code   108  peripherial_init.o(i.Timer2_Config)
    Timer3_Config                            0x08005589   Thumb Code   168  peripherial_init.o(i.Timer3_Config)
    Timer4_Config                            0x08005635   Thumb Code   144  peripherial_init.o(i.Timer4_Config)
    Timer5_Config                            0x080056c9   Thumb Code   268  peripherial_init.o(i.Timer5_Config)
    Timer8_Master_Config                     0x080057e1   Thumb Code    84  peripherial_init.o(i.Timer8_Master_Config)
    U_OFF_V_OFF_W_OFF                        0x08005839   Thumb Code    82  hall_reversal_svpwm.o(i.U_OFF_V_OFF_W_OFF)
    U_OFF_V_OFF_W_ON                         0x08005891   Thumb Code    78  hall_reversal_svpwm.o(i.U_OFF_V_OFF_W_ON)
    U_OFF_V_ON_W_OFF                         0x080058e5   Thumb Code    82  hall_reversal_svpwm.o(i.U_OFF_V_ON_W_OFF)
    U_OFF_V_ON_W_ON                          0x0800593d   Thumb Code    78  hall_reversal_svpwm.o(i.U_OFF_V_ON_W_ON)
    U_ON_V_OFF_W_OFF                         0x08005991   Thumb Code    82  hall_reversal_svpwm.o(i.U_ON_V_OFF_W_OFF)
    U_ON_V_OFF_W_ON                          0x080059e9   Thumb Code    82  hall_reversal_svpwm.o(i.U_ON_V_OFF_W_ON)
    U_ON_V_ON_W_OFF                          0x08005a41   Thumb Code    82  hall_reversal_svpwm.o(i.U_ON_V_ON_W_OFF)
    U_ON_V_ON_W_ON                           0x08005a99   Thumb Code    82  hall_reversal_svpwm.o(i.U_ON_V_ON_W_ON)
    UsageFault_Handler                       0x08005af1   Thumb Code     4  stm32f4xx_it.o(i.UsageFault_Handler)
    __hardfp_fabs                            0x08005af5   Thumb Code    20  fabs.o(i.__hardfp_fabs)
    delay_us                                 0x08005b09   Thumb Code    56  delay.o(i.delay_us)
    main                                     0x08005b41   Thumb Code    86  main.o(i.main)
    __aeabi_d2f                              0x08005bad   Thumb Code     0  d2f_clz.o(x$fpl$d2f)
    _d2f                                     0x08005bad   Thumb Code   700  d2f_clz.o(x$fpl$d2f)
    __dflt_normalise                         0x08005e71   Thumb Code    26  dflt_clz.o(x$fpl$dfltn)
    __fpl_dnaninf                            0x08005e8b   Thumb Code   258  dnaninf.o(x$fpl$dnaninf)
    __fpl_drenorm2                           0x08005f8d   Thumb Code   106  drenorm_clz.o(x$fpl$drenorm)
    __fpl_drenorm1                           0x08005ff7   Thumb Code     6  drenorm_clz.o(x$fpl$drenorm)
    __fpl_dretinf                            0x08005ffd   Thumb Code    12  dretinf.o(x$fpl$dretinf)
    __dunder                                 0x08006009   Thumb Code   314  dunder_clz.o(x$fpl$dunder)
    __dunder_d                               0x08006143   Thumb Code    64  dunder_clz.o(x$fpl$dunder)
    __fpl_exception                          0x08006185   Thumb Code   454  except.o(x$fpl$exception)
    __aeabi_f2d                              0x08006371   Thumb Code     0  f2d.o(x$fpl$f2d)
    _f2d                                     0x08006371   Thumb Code   122  f2d.o(x$fpl$f2d)
    __fpl_fnaninf                            0x080063eb   Thumb Code   242  fnaninf.o(x$fpl$fnaninf)
    _fp_init                                 0x080064dd   Thumb Code    10  fpinit.o(x$fpl$fpinit)
    __fplib_config_fpu_vfp                   0x080064e5   Thumb Code     0  fpinit.o(x$fpl$fpinit)
    __fplib_config_pureend_doubles           0x080064e5   Thumb Code     0  fpinit.o(x$fpl$fpinit)
    __fpl_fretinf                            0x080064e7   Thumb Code    10  fretinf.o(x$fpl$fretinf)
    __funder                                 0x080064f1   Thumb Code   254  funder_clz.o(x$fpl$funder)
    __funder_d                               0x080065ef   Thumb Code    62  funder_clz.o(x$fpl$funder)
    __fpl_return_NaN                         0x0800662d   Thumb Code   178  retnan.o(x$fpl$retnan)
    _fp_trapveneer                           0x080066df   Thumb Code    36  trapv.o(x$fpl$trapveneer)
    __fpl_cmpreturn                          0x08006703   Thumb Code    90  trapv.o(x$fpl$trapveneer)
    OSDebugEn                                0x0800675c   Data           2  os_dbg.o(.constdata)
    __I$use$fp                               0x0800675c   Number         0  usenofp.o(x$fpl$usenofp)
    OSEndiannessTest                         0x08006760   Data           4  os_dbg.o(.constdata)
    OSEventEn                                0x08006764   Data           2  os_dbg.o(.constdata)
    OSEventMax                               0x08006766   Data           2  os_dbg.o(.constdata)
    OSEventNameEn                            0x08006768   Data           2  os_dbg.o(.constdata)
    OSEventSize                              0x0800676a   Data           2  os_dbg.o(.constdata)
    OSEventTblSize                           0x0800676c   Data           2  os_dbg.o(.constdata)
    OSEventMultiEn                           0x0800676e   Data           2  os_dbg.o(.constdata)
    OSFlagEn                                 0x08006770   Data           2  os_dbg.o(.constdata)
    OSFlagGrpSize                            0x08006772   Data           2  os_dbg.o(.constdata)
    OSFlagNodeSize                           0x08006774   Data           2  os_dbg.o(.constdata)
    OSFlagWidth                              0x08006776   Data           2  os_dbg.o(.constdata)
    OSFlagMax                                0x08006778   Data           2  os_dbg.o(.constdata)
    OSFlagNameEn                             0x0800677a   Data           2  os_dbg.o(.constdata)
    OSLowestPrio                             0x0800677c   Data           2  os_dbg.o(.constdata)
    OSMboxEn                                 0x0800677e   Data           2  os_dbg.o(.constdata)
    OSMemEn                                  0x08006780   Data           2  os_dbg.o(.constdata)
    OSMemMax                                 0x08006782   Data           2  os_dbg.o(.constdata)
    OSMemNameEn                              0x08006784   Data           2  os_dbg.o(.constdata)
    OSMemSize                                0x08006786   Data           2  os_dbg.o(.constdata)
    OSMemTblSize                             0x08006788   Data           2  os_dbg.o(.constdata)
    OSMutexEn                                0x0800678a   Data           2  os_dbg.o(.constdata)
    OSPtrSize                                0x0800678c   Data           2  os_dbg.o(.constdata)
    OSQEn                                    0x0800678e   Data           2  os_dbg.o(.constdata)
    OSQMax                                   0x08006790   Data           2  os_dbg.o(.constdata)
    OSQSize                                  0x08006792   Data           2  os_dbg.o(.constdata)
    OSRdyTblSize                             0x08006794   Data           2  os_dbg.o(.constdata)
    OSSemEn                                  0x08006796   Data           2  os_dbg.o(.constdata)
    OSStkWidth                               0x08006798   Data           2  os_dbg.o(.constdata)
    OSTaskCreateEn                           0x0800679a   Data           2  os_dbg.o(.constdata)
    OSTaskCreateExtEn                        0x0800679c   Data           2  os_dbg.o(.constdata)
    OSTaskDelEn                              0x0800679e   Data           2  os_dbg.o(.constdata)
    OSTaskIdleStkSize                        0x080067a0   Data           2  os_dbg.o(.constdata)
    OSTaskProfileEn                          0x080067a2   Data           2  os_dbg.o(.constdata)
    OSTaskMax                                0x080067a4   Data           2  os_dbg.o(.constdata)
    OSTaskNameEn                             0x080067a6   Data           2  os_dbg.o(.constdata)
    OSTaskStatEn                             0x080067a8   Data           2  os_dbg.o(.constdata)
    OSTaskStatStkSize                        0x080067aa   Data           2  os_dbg.o(.constdata)
    OSTaskStatStkChkEn                       0x080067ac   Data           2  os_dbg.o(.constdata)
    OSTaskSwHookEn                           0x080067ae   Data           2  os_dbg.o(.constdata)
    OSTaskRegTblSize                         0x080067b0   Data           2  os_dbg.o(.constdata)
    OSTCBPrioTblMax                          0x080067b2   Data           2  os_dbg.o(.constdata)
    OSTCBSize                                0x080067b4   Data           2  os_dbg.o(.constdata)
    OSTicksPerSec                            0x080067b6   Data           2  os_dbg.o(.constdata)
    OSTimeTickHookEn                         0x080067b8   Data           2  os_dbg.o(.constdata)
    OSVersionNbr                             0x080067ba   Data           2  os_dbg.o(.constdata)
    OSTmrEn                                  0x080067bc   Data           2  os_dbg.o(.constdata)
    OSTmrCfgMax                              0x080067be   Data           2  os_dbg.o(.constdata)
    OSTmrCfgNameEn                           0x080067c0   Data           2  os_dbg.o(.constdata)
    OSTmrCfgWheelSize                        0x080067c2   Data           2  os_dbg.o(.constdata)
    OSTmrCfgTicksPerSec                      0x080067c4   Data           2  os_dbg.o(.constdata)
    OSTmrSize                                0x080067c6   Data           2  os_dbg.o(.constdata)
    OSTmrTblSize                             0x080067c8   Data           2  os_dbg.o(.constdata)
    OSTmrWheelSize                           0x080067ca   Data           2  os_dbg.o(.constdata)
    OSTmrWheelTblSize                        0x080067cc   Data           2  os_dbg.o(.constdata)
    OSDataSize                               0x080067ce   Data           2  os_dbg.o(.constdata)
    OSUnMapTbl                               0x080067d0   Data         256  os_core.o(.constdata)
    sinTable_f32                             0x080068d0   Data        2052  arm_common_tables.o(.constdata)
    Region$$Table$$Base                      0x080070d4   Number         0  anon$$obj.o(Region$$Table)
    Region$$Table$$Limit                     0x080070f4   Number         0  anon$$obj.o(Region$$Table)
    sem_USART2Rev                            0x20000000   Data           4  main.o(.data)
    sem_USART3Rev                            0x20000004   Data           4  main.o(.data)
    rcv_data                                 0x20000008   Data           1  app.o(.data)
    wdata_temp                               0x20000009   Data           5  peripherial_init.o(.data)
    runtime_svpwm_switch_table               0x20000010   Data          64  hall_reversal_svpwm.o(.data)
    runtime_6steps_switch_table              0x20000050   Data          64  hall_reversal_6steps.o(.data)
    startup_6steps_switch_table              0x20000090   Data          64  hall_reversal_6steps.o(.data)
    step_cnt                                 0x200000d0   Data           4  stm32f4xx_it.o(.data)
    sim_trace_current                        0x200000d4   Data           4  stm32f4xx_it.o(.data)
    f_sin                                    0x200000d8   Data           4  stm32f4xx_it.o(.data)
    tim8_cnts                                0x200000dc   Data           1  stm32f4xx_it.o(.data)
    OS_CPU_ExceptStkBase                     0x200000e0   Data           4  os_cpu_c.o(.data)
    OSCtxSwCtr                               0x200000e4   Data           4  os_core.o(.data)
    OSEventFreeList                          0x200000e8   Data           4  os_core.o(.data)
    OSFlagFreeList                           0x200000ec   Data           4  os_core.o(.data)
    OSCPUUsage                               0x200000f0   Data           1  os_core.o(.data)
    OSIdleCtrMax                             0x200000f4   Data           4  os_core.o(.data)
    OSIdleCtrRun                             0x200000f8   Data           4  os_core.o(.data)
    OSStatRdy                                0x200000fc   Data           1  os_core.o(.data)
    OSIntNesting                             0x200000fd   Data           1  os_core.o(.data)
    OSLockNesting                            0x200000fe   Data           1  os_core.o(.data)
    OSPrioCur                                0x200000ff   Data           1  os_core.o(.data)
    OSPrioHighRdy                            0x20000100   Data           1  os_core.o(.data)
    OSRdyGrp                                 0x20000102   Data           2  os_core.o(.data)
    OSRunning                                0x20000104   Data           1  os_core.o(.data)
    OSTaskCtr                                0x20000105   Data           1  os_core.o(.data)
    OSIdleCtr                                0x20000108   Data           4  os_core.o(.data)
    OSTCBCur                                 0x2000010c   Data           4  os_core.o(.data)
    OSTCBFreeList                            0x20000110   Data           4  os_core.o(.data)
    OSTCBHighRdy                             0x20000114   Data           4  os_core.o(.data)
    OSTCBList                                0x20000118   Data           4  os_core.o(.data)
    OSTickStepState                          0x2000011c   Data           1  os_core.o(.data)
    OSMemFreeList                            0x20000120   Data           4  os_core.o(.data)
    OSQFreeList                              0x20000124   Data           4  os_core.o(.data)
    OSTaskRegNextAvailID                     0x20000128   Data           1  os_core.o(.data)
    OSTime                                   0x2000012c   Data           4  os_core.o(.data)
    StateMachine_TASK_STK                    0x20000130   Data        1024  main.o(.bss)
    RS485_TASK_STK                           0x20000530   Data         512  main.o(.bss)
    LED_TASK_STK                             0x20000730   Data         256  main.o(.bss)
    APP_TASK_START_STK                       0x20000830   Data        1024  main.o(.bss)
    m_KF                                     0x20000c30   Data         124  spd_pos_filter.o(.bss)
    m_motor_attribute_para                   0x20000cac   Data          56  global_parameters.o(.bss)
    m_motor_rt_para                          0x20000ce4   Data         312  global_parameters.o(.bss)
    m_motor_ctrl                             0x20000e1c   Data          64  global_parameters.o(.bss)
    m_pid                                    0x20000e5c   Data         196  global_parameters.o(.bss)
    m_can                                    0x20000f20   Data          48  global_parameters.o(.bss)
    OS_CPU_ExceptStk                         0x20000f50   Data         512  os_cpu_c.o(.bss)
    OSEventTbl                               0x20001150   Data         960  os_core.o(.bss)
    OSFlagTbl                                0x20001510   Data          80  os_core.o(.bss)
    OSTaskStatStk                            0x20001560   Data         512  os_core.o(.bss)
    OSRdyTbl                                 0x20001760   Data          32  os_core.o(.bss)
    OSTaskIdleStk                            0x20001780   Data         512  os_core.o(.bss)
    OSTCBPrioTbl                             0x20001980   Data        1016  os_core.o(.bss)
    OSTCBTbl                                 0x20001d78   Data        2024  os_core.o(.bss)
    OSMemTbl                                 0x20002560   Data         120  os_core.o(.bss)
    OSQTbl                                   0x200025d8   Data          96  os_core.o(.bss)
    __libspace_start                         0x20002638   Data          96  libspace.o(.bss)
    __temporary_stack_top$libspace           0x20002698   Data           0  libspace.o(.bss)



==============================================================================

Memory Map of the image

  Image Entry point : 0x08000189

  Load Region LR_IROM1 (Base: 0x08000000, Size: 0x00007224, Max: 0x00100000, ABSOLUTE, COMPRESSED[0x00007150])

    Execution Region ER_IROM1 (Base: 0x08000000, Size: 0x000070f4, Max: 0x00100000, ABSOLUTE)

    Base Addr    Size         Type   Attr      Idx    E Section Name        Object

    0x08000000   0x00000188   Data   RO         1360    RESET               startup_stm32f40xx.o
    0x08000188   0x00000008   Code   RO         8014  * !!!main             c_w.l(__main.o)
    0x08000190   0x00000034   Code   RO         8215    !!!scatter          c_w.l(__scatter.o)
    0x080001c4   0x0000005a   Code   RO         8213    !!dczerorl2         c_w.l(__dczerorl2.o)
    0x0800021e   0x00000002   PAD
    0x08000220   0x0000001c   Code   RO         8217    !!handler_zi        c_w.l(__scatter_zi.o)
    0x0800023c   0x00000002   Code   RO         8082    .ARM.Collect$$libinit$$00000000  c_w.l(libinit.o)
    0x0800023e   0x00000004   Code   RO         8096    .ARM.Collect$$libinit$$00000001  c_w.l(libinit2.o)
    0x08000242   0x00000000   Code   RO         8099    .ARM.Collect$$libinit$$00000004  c_w.l(libinit2.o)
    0x08000242   0x00000000   Code   RO         8102    .ARM.Collect$$libinit$$0000000A  c_w.l(libinit2.o)
    0x08000242   0x00000000   Code   RO         8104    .ARM.Collect$$libinit$$0000000C  c_w.l(libinit2.o)
    0x08000242   0x00000000   Code   RO         8106    .ARM.Collect$$libinit$$0000000E  c_w.l(libinit2.o)
    0x08000242   0x00000000   Code   RO         8109    .ARM.Collect$$libinit$$00000011  c_w.l(libinit2.o)
    0x08000242   0x00000000   Code   RO         8111    .ARM.Collect$$libinit$$00000013  c_w.l(libinit2.o)
    0x08000242   0x00000000   Code   RO         8113    .ARM.Collect$$libinit$$00000015  c_w.l(libinit2.o)
    0x08000242   0x00000000   Code   RO         8115    .ARM.Collect$$libinit$$00000017  c_w.l(libinit2.o)
    0x08000242   0x00000000   Code   RO         8117    .ARM.Collect$$libinit$$00000019  c_w.l(libinit2.o)
    0x08000242   0x00000000   Code   RO         8119    .ARM.Collect$$libinit$$0000001B  c_w.l(libinit2.o)
    0x08000242   0x00000000   Code   RO         8121    .ARM.Collect$$libinit$$0000001D  c_w.l(libinit2.o)
    0x08000242   0x00000000   Code   RO         8123    .ARM.Collect$$libinit$$0000001F  c_w.l(libinit2.o)
    0x08000242   0x00000000   Code   RO         8125    .ARM.Collect$$libinit$$00000021  c_w.l(libinit2.o)
    0x08000242   0x00000000   Code   RO         8127    .ARM.Collect$$libinit$$00000023  c_w.l(libinit2.o)
    0x08000242   0x00000000   Code   RO         8129    .ARM.Collect$$libinit$$00000025  c_w.l(libinit2.o)
    0x08000242   0x00000000   Code   RO         8133    .ARM.Collect$$libinit$$0000002C  c_w.l(libinit2.o)
    0x08000242   0x00000000   Code   RO         8135    .ARM.Collect$$libinit$$0000002E  c_w.l(libinit2.o)
    0x08000242   0x00000000   Code   RO         8137    .ARM.Collect$$libinit$$00000030  c_w.l(libinit2.o)
    0x08000242   0x00000000   Code   RO         8139    .ARM.Collect$$libinit$$00000032  c_w.l(libinit2.o)
    0x08000242   0x00000002   Code   RO         8140    .ARM.Collect$$libinit$$00000033  c_w.l(libinit2.o)
    0x08000244   0x00000002   Code   RO         8171    .ARM.Collect$$libshutdown$$00000000  c_w.l(libshutdown.o)
    0x08000246   0x00000000   Code   RO         8198    .ARM.Collect$$libshutdown$$00000003  c_w.l(libshutdown2.o)
    0x08000246   0x00000000   Code   RO         8201    .ARM.Collect$$libshutdown$$00000006  c_w.l(libshutdown2.o)
    0x08000246   0x00000000   Code   RO         8204    .ARM.Collect$$libshutdown$$00000009  c_w.l(libshutdown2.o)
    0x08000246   0x00000000   Code   RO         8206    .ARM.Collect$$libshutdown$$0000000B  c_w.l(libshutdown2.o)
    0x08000246   0x00000000   Code   RO         8209    .ARM.Collect$$libshutdown$$0000000E  c_w.l(libshutdown2.o)
    0x08000246   0x00000002   Code   RO         8210    .ARM.Collect$$libshutdown$$0000000F  c_w.l(libshutdown2.o)
    0x08000248   0x00000000   Code   RO         8026    .ARM.Collect$$rtentry$$00000000  c_w.l(__rtentry.o)
    0x08000248   0x00000000   Code   RO         8049    .ARM.Collect$$rtentry$$00000002  c_w.l(__rtentry2.o)
    0x08000248   0x00000006   Code   RO         8061    .ARM.Collect$$rtentry$$00000004  c_w.l(__rtentry4.o)
    0x0800024e   0x00000000   Code   RO         8051    .ARM.Collect$$rtentry$$00000009  c_w.l(__rtentry2.o)
    0x0800024e   0x00000004   Code   RO         8052    .ARM.Collect$$rtentry$$0000000A  c_w.l(__rtentry2.o)
    0x08000252   0x00000000   Code   RO         8054    .ARM.Collect$$rtentry$$0000000C  c_w.l(__rtentry2.o)
    0x08000252   0x00000008   Code   RO         8055    .ARM.Collect$$rtentry$$0000000D  c_w.l(__rtentry2.o)
    0x0800025a   0x00000002   Code   RO         8088    .ARM.Collect$$rtexit$$00000000  c_w.l(rtexit.o)
    0x0800025c   0x00000000   Code   RO         8144    .ARM.Collect$$rtexit$$00000002  c_w.l(rtexit2.o)
    0x0800025c   0x00000004   Code   RO         8145    .ARM.Collect$$rtexit$$00000003  c_w.l(rtexit2.o)
    0x08000260   0x00000006   Code   RO         8146    .ARM.Collect$$rtexit$$00000004  c_w.l(rtexit2.o)
    0x08000266   0x00000002   PAD
    0x08000268   0x00000068   Code   RO         1361    .text               startup_stm32f40xx.o
    0x080002d0   0x000000e8   Code   RO         6370    .text               os_cpu_a.o
    0x080003b8   0x000000a4   Code   RO         7830    .text               arm_cortexM4lf_math.lib(arm_abs_f32.o)
    0x0800045c   0x00000086   Code   RO         7879    .text               arm_cortexM4lf_math.lib(arm_abs_q15.o)
    0x080004e2   0x00000002   PAD
    0x080004e4   0x00000074   Code   RO         7903    .text               arm_cortexM4lf_math.lib(arm_sin_f32.o)
    0x08000558   0x00000006   Code   RO         8012    .text               c_w.l(heapauxi.o)
    0x0800055e   0x00000002   PAD
    0x08000560   0x00000030   Code   RO         8063    .text               c_w.l(_fptrap.o)
    0x08000590   0x0000004a   Code   RO         8069    .text               c_w.l(sys_stackheap_outer.o)
    0x080005da   0x0000000c   Code   RO         8071    .text               c_w.l(exit.o)
    0x080005e6   0x0000000e   Code   RO         8073    .text               c_w.l(defsig_fpe_outer.o)
    0x080005f4   0x00000008   Code   RO         8085    .text               c_w.l(libspace.o)
    0x080005fc   0x0000000a   Code   RO         8092    .text               c_w.l(defsig_exit.o)
    0x08000606   0x00000002   PAD
    0x08000608   0x000000ac   Code   RO         8094    .text               c_w.l(defsig_fpe_inner.o)
    0x080006b4   0x0000000c   Code   RO         8141    .text               c_w.l(sys_exit.o)
    0x080006c0   0x00000032   Code   RO         8152    .text               c_w.l(defsig_general.o)
    0x080006f2   0x0000000e   Code   RO         8158    .text               c_w.l(sys_wrch.o)
    0x08000700   0x00000002   Code   RO         8160    .text               c_w.l(use_no_semi.o)
    0x08000702   0x00000000   Code   RO         8162    .text               c_w.l(indicate_semi.o)
    0x08000702   0x00000002   PAD
    0x08000704   0x0000010c   Code   RO          291    i.ADC1_DMA_Config   peripherial_init.o
    0x08000810   0x00000016   Code   RO         1422    i.ADC_Cmd           stm32f4xx_adc.o
    0x08000826   0x00000002   PAD
    0x08000828   0x00000030   Code   RO         1423    i.ADC_CommonInit    stm32f4xx_adc.o
    0x08000858   0x00000016   Code   RO         1426    i.ADC_DMACmd        stm32f4xx_adc.o
    0x0800086e   0x00000016   Code   RO         1427    i.ADC_DMARequestAfterLastTransferCmd  stm32f4xx_adc.o
    0x08000884   0x00000016   Code   RO         1428    i.ADC_DeInit        stm32f4xx_adc.o
    0x0800089a   0x00000002   PAD
    0x0800089c   0x00000054   Code   RO         1442    i.ADC_Init          stm32f4xx_adc.o
    0x080008f0   0x000000b8   Code   RO         1447    i.ADC_RegularChannelConfig  stm32f4xx_adc.o
    0x080009a8   0x0000000a   Code   RO         1449    i.ADC_SoftwareStartConv  stm32f4xx_adc.o
    0x080009b2   0x00000002   PAD
    0x080009b4   0x000000a4   Code   RO            4    i.APP_TaskStart     main.o
    0x08000a58   0x00000054   Code   RO            5    i.Board_Init        main.o
    0x08000aac   0x00000030   Code   RO          293    i.BrakeControl      peripherial_init.o
    0x08000adc   0x00000004   Code   RO         1076    i.BusFault_Handler  stm32f4xx_it.o
    0x08000ae0   0x00000060   Code   RO         1077    i.CAN1_RX0_IRQHandler  stm32f4xx_it.o
    0x08000b40   0x00000074   Code   RO          294    i.CAN1_TX_Data      peripherial_init.o
    0x08000bb4   0x00000094   Code   RO         1078    i.CAN1_TX_IRQHandler  stm32f4xx_it.o
    0x08000c48   0x000000a8   Code   RO         1664    i.CAN_ClearITPendingBit  stm32f4xx_can.o
    0x08000cf0   0x0000009c   Code   RO          295    i.CAN_Config        peripherial_init.o
    0x08000d8c   0x00000038   Code   RO         1666    i.CAN_DeInit        stm32f4xx_can.o
    0x08000dc4   0x00000108   Code   RO         1668    i.CAN_FilterInit    stm32f4xx_can.o
    0x08000ecc   0x00000120   Code   RO         1670    i.CAN_GetITStatus   stm32f4xx_can.o
    0x08000fec   0x00000012   Code   RO         1674    i.CAN_ITConfig      stm32f4xx_can.o
    0x08000ffe   0x00000114   Code   RO         1675    i.CAN_Init          stm32f4xx_can.o
    0x08001112   0x000000f0   Code   RO         1678    i.CAN_Receive       stm32f4xx_can.o
    0x08001202   0x00000002   PAD
    0x08001204   0x000000b8   Code   RO          451    i.CAN_SEND_CVP      motor_control.o
    0x080012bc   0x00000020   Code   RO         1681    i.CAN_StructInit    stm32f4xx_can.o
    0x080012dc   0x00000126   Code   RO         1683    i.CAN_Transmit      stm32f4xx_can.o
    0x08001402   0x00000012   Code   RO         1686    i.CheckITStatus     stm32f4xx_can.o
    0x08001414   0x00000058   Code   RO          699    i.CurrentFilterDataInit  global_parameters.o
    0x0800146c   0x00000024   Code   RO          452    i.CurrentLoopRefresh_TIM_Halt  motor_control.o
    0x08001490   0x00000024   Code   RO          453    i.CurrentLoopRefresh_TIM_Start  motor_control.o
    0x080014b4   0x00000124   Code   RO          657    i.Current_Average_X8_Filter  current_filter.o
    0x080015d8   0x00000024   Code   RO          658    i.Current_Filter_Init  current_filter.o
    0x080015fc   0x00000118   Code   RO          454    i.Current_PID_Cal   motor_control.o
    0x08001714   0x00000028   Code   RO         2146    i.DAC_Cmd           stm32f4xx_dac.o
    0x0800173c   0x00000078   Code   RO          296    i.DAC_Config        peripherial_init.o
    0x080017b4   0x00000034   Code   RO         2154    i.DAC_Init          stm32f4xx_dac.o
    0x080017e8   0x00000020   Code   RO         2155    i.DAC_SetChannel1Data  stm32f4xx_dac.o
    0x08001808   0x00000020   Code   RO         2156    i.DAC_SetChannel2Data  stm32f4xx_dac.o
    0x08001828   0x00000104   Code   RO         1079    i.DMA2_Stream0_IRQHandler  stm32f4xx_it.o
    0x0800192c   0x00000044   Code   RO         1080    i.DMA2_Stream2_IRQHandler  stm32f4xx_it.o
    0x08001970   0x00000048   Code   RO         1081    i.DMA2_Stream3_IRQHandler  stm32f4xx_it.o
    0x080019b8   0x00000034   Code   RO         2442    i.DMA_ClearITPendingBit  stm32f4xx_dma.o
    0x080019ec   0x00000016   Code   RO         2443    i.DMA_Cmd           stm32f4xx_dma.o
    0x08001a02   0x00000002   PAD
    0x08001a04   0x00000158   Code   RO         2444    i.DMA_DeInit        stm32f4xx_dma.o
    0x08001b5c   0x0000003a   Code   RO         2454    i.DMA_ITConfig      stm32f4xx_dma.o
    0x08001b96   0x00000002   PAD
    0x08001b98   0x00000058   Code   RO         2455    i.DMA_Init          stm32f4xx_dma.o
    0x08001bf0   0x00000022   Code   RO         2459    i.DMA_StructInit    stm32f4xx_dma.o
    0x08001c12   0x00000002   Code   RO         1082    i.DebugMon_Handler  stm32f4xx_it.o
    0x08001c14   0x00000054   Code   RO          700    i.EncoderDataInit   global_parameters.o
    0x08001c68   0x0000032c   Code   RO          297    i.GPIO_Config       peripherial_init.o
    0x08001f94   0x00000090   Code   RO         3243    i.GPIO_Init         stm32f4xx_gpio.o
    0x08002024   0x00000046   Code   RO         3244    i.GPIO_PinAFConfig  stm32f4xx_gpio.o
    0x0800206a   0x00000004   Code   RO         3250    i.GPIO_ResetBits    stm32f4xx_gpio.o
    0x0800206e   0x00000012   Code   RO         3252    i.GPIO_StructInit   stm32f4xx_gpio.o
    0x08002080   0x00000010   Code   RO          854    i.H1_L2             hall_reversal_6steps.o
    0x08002090   0x00000010   Code   RO          855    i.H1_L3             hall_reversal_6steps.o
    0x080020a0   0x00000010   Code   RO          856    i.H2_L1             hall_reversal_6steps.o
    0x080020b0   0x00000010   Code   RO          857    i.H2_L3             hall_reversal_6steps.o
    0x080020c0   0x00000010   Code   RO          858    i.H3_L1             hall_reversal_6steps.o
    0x080020d0   0x00000010   Code   RO          859    i.H3_L2             hall_reversal_6steps.o
    0x080020e0   0x00000050   Code   RO          455    i.Hall_Runtime_Convert  motor_control.o
    0x08002130   0x00000050   Code   RO          456    i.Hall_Start_Convert  motor_control.o
    0x08002180   0x00000010   Code   RO          860    i.Hall_State_Read   hall_reversal_6steps.o
    0x08002190   0x00000004   Code   RO         1083    i.HardFault_Handler  stm32f4xx_it.o
    0x08002194   0x00000010   Code   RO          457    i.IR2130S_force_reset  motor_control.o
    0x080021a4   0x000000de   Code   RO          458    i.Increment_PID_Cal  motor_control.o
    0x08002282   0x00000002   PAD
    0x08002284   0x000000f4   Code   RO          589    i.KF_Filter_Init    spd_pos_filter.o
    0x08002378   0x00000014   Code   RO          298    i.LED_GREEN_OFF     peripherial_init.o
    0x0800238c   0x00000014   Code   RO          299    i.LED_GREEN_ON      peripherial_init.o
    0x080023a0   0x00000044   Code   RO          238    i.LED_Task          app.o
    0x080023e4   0x00000004   Code   RO         1084    i.MemManage_Handler  stm32f4xx_it.o
    0x080023e8   0x0000004c   Code   RO          701    i.MotorCtrlDataInit  global_parameters.o
    0x08002434   0x00000002   Code   RO         1085    i.NMI_Handler       stm32f4xx_it.o
    0x08002436   0x00000002   Code   RO          861    i.NULL_Switch       hall_reversal_6steps.o
    0x08002438   0x0000010a   Code   RO          302    i.NVIC_Config       peripherial_init.o
    0x08002542   0x00000002   PAD
    0x08002544   0x00000078   Code   RO         1368    i.NVIC_Init         misc.o
    0x080025bc   0x00000014   Code   RO         1369    i.NVIC_PriorityGroupConfig  misc.o
    0x080025d0   0x00000094   Code   RO          590    i.Noise_Killer      spd_pos_filter.o
    0x08002664   0x00000118   Code   RO         6468    i.OSDebugInit       os_dbg.o
    0x0800277c   0x00000034   Code   RO         7118    i.OSInit            os_core.o
    0x080027b0   0x00000030   Code   RO         6373    i.OSInitHookBegin   os_cpu_c.o
    0x080027e0   0x00000002   Code   RO         6374    i.OSInitHookEnd     os_cpu_c.o
    0x080027e2   0x00000002   PAD
    0x080027e4   0x00000024   Code   RO         7119    i.OSIntEnter        os_core.o
    0x08002808   0x00000090   Code   RO         7120    i.OSIntExit         os_core.o
    0x08002898   0x00000054   Code   RO         7630    i.OSSemCreate       os_sem.o
    0x080028ec   0x00000048   Code   RO         7123    i.OSStart           os_core.o
    0x08002934   0x0000004c   Code   RO         7124    i.OSStatInit        os_core.o
    0x08002980   0x00000002   Code   RO         6375    i.OSTCBInitHook     os_cpu_c.o
    0x08002982   0x00000002   PAD
    0x08002984   0x000000b8   Code   RO         7685    i.OSTaskCreateExt   os_task.o
    0x08002a3c   0x00000002   Code   RO         6376    i.OSTaskCreateHook  os_cpu_c.o
    0x08002a3e   0x00000002   PAD
    0x08002a40   0x00000164   Code   RO         7686    i.OSTaskDel         os_task.o
    0x08002ba4   0x00000002   Code   RO         6377    i.OSTaskDelHook     os_cpu_c.o
    0x08002ba6   0x00000002   Code   RO         6378    i.OSTaskIdleHook    os_cpu_c.o
    0x08002ba8   0x00000070   Code   RO         7689    i.OSTaskNameSet     os_task.o
    0x08002c18   0x00000002   Code   RO         6379    i.OSTaskReturnHook  os_cpu_c.o
    0x08002c1a   0x00000002   Code   RO         6380    i.OSTaskStatHook    os_cpu_c.o
    0x08002c1c   0x00000088   Code   RO         7695    i.OSTaskStkChk      os_task.o
    0x08002ca4   0x000001e8   Code   RO         6381    i.OSTaskStkInit     os_cpu_c.o
    0x08002e8c   0x000000ac   Code   RO         7696    i.OSTaskSuspend     os_task.o
    0x08002f38   0x00000002   Code   RO         6382    i.OSTaskSwHook      os_cpu_c.o
    0x08002f3a   0x00000002   PAD
    0x08002f3c   0x0000007c   Code   RO         7785    i.OSTimeDly         os_time.o
    0x08002fb8   0x00000060   Code   RO         7786    i.OSTimeDlyHMSM     os_time.o
    0x08003018   0x000000f0   Code   RO         7125    i.OSTimeTick        os_core.o
    0x08003108   0x00000002   Code   RO         6383    i.OSTimeTickHook    os_cpu_c.o
    0x0800310a   0x00000002   PAD
    0x0800310c   0x00000028   Code   RO         6384    i.OS_CPU_SysTickHandler  os_cpu_c.o
    0x08003134   0x00000030   Code   RO         6385    i.OS_CPU_SysTickInit  os_cpu_c.o
    0x08003164   0x00000002   Code   RO         7127    i.OS_Dummy          os_core.o
    0x08003166   0x00000030   Code   RO         7129    i.OS_EventTaskRemove  os_core.o
    0x08003196   0x0000003c   Code   RO         7130    i.OS_EventTaskRemoveMulti  os_core.o
    0x080031d2   0x0000001e   Code   RO         7133    i.OS_EventWaitListInit  os_core.o
    0x080031f0   0x00000058   Code   RO         7336    i.OS_FlagInit       os_flag.o
    0x08003248   0x00000024   Code   RO         7338    i.OS_FlagUnlink     os_flag.o
    0x0800326c   0x00000060   Code   RO         7134    i.OS_InitEventList  os_core.o
    0x080032cc   0x0000005c   Code   RO         7135    i.OS_InitMisc       os_core.o
    0x08003328   0x00000048   Code   RO         7136    i.OS_InitRdyList    os_core.o
    0x08003370   0x00000080   Code   RO         7137    i.OS_InitTCBList    os_core.o
    0x080033f0   0x00000050   Code   RO         7138    i.OS_InitTaskIdle   os_core.o
    0x08003440   0x00000050   Code   RO         7139    i.OS_InitTaskStat   os_core.o
    0x08003490   0x00000012   Code   RO         7140    i.OS_MemClr         os_core.o
    0x080034a2   0x00000002   PAD
    0x080034a4   0x00000058   Code   RO         7468    i.OS_MemInit        os_mem.o
    0x080034fc   0x00000050   Code   RO         7567    i.OS_QInit          os_q.o
    0x0800354c   0x00000074   Code   RO         7142    i.OS_Sched          os_core.o
    0x080035c0   0x00000060   Code   RO         7143    i.OS_SchedNew       os_core.o
    0x08003620   0x00000148   Code   RO         7145    i.OS_TCBInit        os_core.o
    0x08003768   0x00000028   Code   RO         7146    i.OS_TaskIdle       os_core.o
    0x08003790   0x00000018   Code   RO         7697    i.OS_TaskReturn     os_task.o
    0x080037a8   0x000000a0   Code   RO         7147    i.OS_TaskStat       os_core.o
    0x08003848   0x0000003c   Code   RO         7148    i.OS_TaskStatStkChk  os_core.o
    0x08003884   0x0000001a   Code   RO         7698    i.OS_TaskStkClr     os_task.o
    0x0800389e   0x00000002   PAD
    0x080038a0   0x00000224   Code   RO          703    i.ParametersInit    global_parameters.o
    0x08003ac4   0x00000044   Code   RO          464    i.Position_PID_Cal  motor_control.o
    0x08003b08   0x00000020   Code   RO         4169    i.RCC_AHB1PeriphClockCmd  stm32f4xx_rcc.o
    0x08003b28   0x00000020   Code   RO         4178    i.RCC_APB1PeriphClockCmd  stm32f4xx_rcc.o
    0x08003b48   0x00000020   Code   RO         4180    i.RCC_APB1PeriphResetCmd  stm32f4xx_rcc.o
    0x08003b68   0x00000020   Code   RO         4181    i.RCC_APB2PeriphClockCmd  stm32f4xx_rcc.o
    0x08003b88   0x00000020   Code   RO         4183    i.RCC_APB2PeriphResetCmd  stm32f4xx_rcc.o
    0x08003ba8   0x00000016   Code   RO          239    i.RS485_Task        app.o
    0x08003bbe   0x00000002   PAD
    0x08003bc0   0x000000b0   Code   RO          591    i.Read_AbsEncoder   spd_pos_filter.o
    0x08003c70   0x00000028   Code   RO          465    i.Read_Current_Bias  motor_control.o
    0x08003c98   0x00000180   Code   RO          592    i.Read_IncEncoder   spd_pos_filter.o
    0x08003e18   0x0000000a   Code   RO          593    i.Requir_AbsEncoder  spd_pos_filter.o
    0x08003e22   0x00000002   PAD
    0x08003e24   0x00000154   Code   RO          303    i.SPI1_DMA_Config   peripherial_init.o
    0x08003f78   0x00000018   Code   RO         5326    i.SPI_CalculateCRC  stm32f4xx_spi.o
    0x08003f90   0x00000018   Code   RO         5327    i.SPI_Cmd           stm32f4xx_spi.o
    0x08003fa8   0x0000005c   Code   RO          304    i.SPI_DMA_ReadData  peripherial_init.o
    0x08004004   0x00000012   Code   RO         5333    i.SPI_I2S_DMACmd    stm32f4xx_spi.o
    0x08004016   0x00000002   PAD
    0x08004018   0x000000b0   Code   RO         5334    i.SPI_I2S_DeInit    stm32f4xx_spi.o
    0x080040c8   0x0000003c   Code   RO         5340    i.SPI_Init          stm32f4xx_spi.o
    0x08004104   0x00000018   Code   RO         5343    i.SPI_StructInit    stm32f4xx_spi.o
    0x0800411c   0x00000002   Code   RO         1086    i.SVC_Handler       stm32f4xx_it.o
    0x0800411e   0x00000002   PAD
    0x08004120   0x000000ec   Code   RO         1223    i.SetSysClock       system_stm32f4xx.o
    0x0800420c   0x0000012c   Code   RO          659    i.Single_Current_Average_X8_Filter_6Step  current_filter.o
    0x08004338   0x000002f0   Code   RO          660    i.Single_Current_Average_X8_Filter_SVPWM  current_filter.o
    0x08004628   0x00000044   Code   RO          468    i.Speed_PID_Cal     motor_control.o
    0x0800466c   0x00000068   Code   RO          240    i.StateMachine_Task  app.o
    0x080046d4   0x00000068   Code   RO         1225    i.SystemInit        system_stm32f4xx.o
    0x0800473c   0x0000001c   Code   RO          705    i.SystemStateDataInit  global_parameters.o
    0x08004758   0x0000003a   Code   RO         5549    i.TI1_Config        stm32f4xx_tim.o
    0x08004792   0x00000050   Code   RO         5550    i.TI2_Config        stm32f4xx_tim.o
    0x080047e2   0x00000048   Code   RO         5551    i.TI3_Config        stm32f4xx_tim.o
    0x0800482a   0x00000050   Code   RO         5552    i.TI4_Config        stm32f4xx_tim.o
    0x0800487a   0x00000002   PAD
    0x0800487c   0x0000003c   Code   RO          862    i.TIM1_CH1_OFF_CH1N_OFF  hall_reversal_6steps.o
    0x080048b8   0x00000038   Code   RO          864    i.TIM1_CH1_OFF_CH1N_PWM  hall_reversal_6steps.o
    0x080048f0   0x00000038   Code   RO          866    i.TIM1_CH1_PWM_CH1N_OFF  hall_reversal_6steps.o
    0x08004928   0x0000003c   Code   RO          867    i.TIM1_CH2_OFF_CH2N_OFF  hall_reversal_6steps.o
    0x08004964   0x00000038   Code   RO          869    i.TIM1_CH2_OFF_CH2N_PWM  hall_reversal_6steps.o
    0x0800499c   0x00000038   Code   RO          871    i.TIM1_CH2_PWM_CH2N_OFF  hall_reversal_6steps.o
    0x080049d4   0x0000003c   Code   RO          872    i.TIM1_CH3_OFF_CH3N_OFF  hall_reversal_6steps.o
    0x08004a10   0x00000038   Code   RO          874    i.TIM1_CH3_OFF_CH3N_PWM  hall_reversal_6steps.o
    0x08004a48   0x00000038   Code   RO          876    i.TIM1_CH3_PWM_CH3N_OFF  hall_reversal_6steps.o
    0x08004a80   0x00000168   Code   RO         1087    i.TIM1_UP_TIM10_IRQHandler  stm32f4xx_it.o
    0x08004be8   0x000000b4   Code   RO         1088    i.TIM2_IRQHandler   stm32f4xx_it.o
    0x08004c9c   0x0000001c   Code   RO         1089    i.TIM3_IRQHandler   stm32f4xx_it.o
    0x08004cb8   0x00000020   Code   RO         1090    i.TIM4_IRQHandler   stm32f4xx_it.o
    0x08004cd8   0x00000040   Code   RO         1091    i.TIM8_UP_TIM13_IRQHandler  stm32f4xx_it.o
    0x08004d18   0x00000018   Code   RO         5553    i.TIM_ARRPreloadConfig  stm32f4xx_tim.o
    0x08004d30   0x00000020   Code   RO         5554    i.TIM_BDTRConfig    stm32f4xx_tim.o
    0x08004d50   0x00000006   Code   RO         5559    i.TIM_ClearFlag     stm32f4xx_tim.o
    0x08004d56   0x00000006   Code   RO         5560    i.TIM_ClearITPendingBit  stm32f4xx_tim.o
    0x08004d5c   0x00000018   Code   RO         5565    i.TIM_Cmd           stm32f4xx_tim.o
    0x08004d74   0x0000001e   Code   RO         5567    i.TIM_CtrlPWMOutputs  stm32f4xx_tim.o
    0x08004d92   0x00000012   Code   RO         5568    i.TIM_DMACmd        stm32f4xx_tim.o
    0x08004da4   0x0000000a   Code   RO         5569    i.TIM_DMAConfig     stm32f4xx_tim.o
    0x08004dae   0x00000002   PAD
    0x08004db0   0x00000190   Code   RO         5570    i.TIM_DeInit        stm32f4xx_tim.o
    0x08004f40   0x00000042   Code   RO         5574    i.TIM_EncoderInterfaceConfig  stm32f4xx_tim.o
    0x08004f82   0x0000006e   Code   RO         5588    i.TIM_ICInit        stm32f4xx_tim.o
    0x08004ff0   0x00000012   Code   RO         5589    i.TIM_ICStructInit  stm32f4xx_tim.o
    0x08005002   0x00000012   Code   RO         5590    i.TIM_ITConfig      stm32f4xx_tim.o
    0x08005014   0x00000018   Code   RO         5591    i.TIM_ITRxExternalClockConfig  stm32f4xx_tim.o
    0x0800502c   0x0000007c   Code   RO         5594    i.TIM_OC1Init       stm32f4xx_tim.o
    0x080050a8   0x00000012   Code   RO         5597    i.TIM_OC1PreloadConfig  stm32f4xx_tim.o
    0x080050ba   0x00000002   PAD
    0x080050bc   0x000000a4   Code   RO         5599    i.TIM_OC2Init       stm32f4xx_tim.o
    0x08005160   0x0000001a   Code   RO         5602    i.TIM_OC2PreloadConfig  stm32f4xx_tim.o
    0x0800517a   0x00000002   PAD
    0x0800517c   0x000000a0   Code   RO         5604    i.TIM_OC3Init       stm32f4xx_tim.o
    0x0800521c   0x00000012   Code   RO         5607    i.TIM_OC3PreloadConfig  stm32f4xx_tim.o
    0x0800522e   0x00000014   Code   RO         5612    i.TIM_OCStructInit  stm32f4xx_tim.o
    0x08005242   0x0000007c   Code   RO         5613    i.TIM_PWMIConfig    stm32f4xx_tim.o
    0x080052be   0x00000018   Code   RO         5618    i.TIM_SelectHallSensor  stm32f4xx_tim.o
    0x080052d6   0x00000012   Code   RO         5619    i.TIM_SelectInputTrigger  stm32f4xx_tim.o
    0x080052e8   0x00000012   Code   RO         5620    i.TIM_SelectMasterSlaveMode  stm32f4xx_tim.o
    0x080052fa   0x00000012   Code   RO         5623    i.TIM_SelectOutputTrigger  stm32f4xx_tim.o
    0x0800530c   0x00000012   Code   RO         5624    i.TIM_SelectSlaveMode  stm32f4xx_tim.o
    0x0800531e   0x00000012   Code   RO         5632    i.TIM_SetIC1Prescaler  stm32f4xx_tim.o
    0x08005330   0x0000001a   Code   RO         5633    i.TIM_SetIC2Prescaler  stm32f4xx_tim.o
    0x0800534a   0x00000012   Code   RO         5634    i.TIM_SetIC3Prescaler  stm32f4xx_tim.o
    0x0800535c   0x0000001a   Code   RO         5635    i.TIM_SetIC4Prescaler  stm32f4xx_tim.o
    0x08005376   0x00000002   PAD
    0x08005378   0x00000084   Code   RO         5637    i.TIM_TimeBaseInit  stm32f4xx_tim.o
    0x080053fc   0x00000012   Code   RO         5638    i.TIM_TimeBaseStructInit  stm32f4xx_tim.o
    0x0800540e   0x00000002   PAD
    0x08005410   0x0000010c   Code   RO          306    i.Timer1_Config     peripherial_init.o
    0x0800551c   0x0000006c   Code   RO          307    i.Timer2_Config     peripherial_init.o
    0x08005588   0x000000ac   Code   RO          308    i.Timer3_Config     peripherial_init.o
    0x08005634   0x00000094   Code   RO          309    i.Timer4_Config     peripherial_init.o
    0x080056c8   0x00000118   Code   RO          310    i.Timer5_Config     peripherial_init.o
    0x080057e0   0x00000058   Code   RO          311    i.Timer8_Master_Config  peripherial_init.o
    0x08005838   0x00000058   Code   RO          770    i.U_OFF_V_OFF_W_OFF  hall_reversal_svpwm.o
    0x08005890   0x00000054   Code   RO          771    i.U_OFF_V_OFF_W_ON  hall_reversal_svpwm.o
    0x080058e4   0x00000058   Code   RO          772    i.U_OFF_V_ON_W_OFF  hall_reversal_svpwm.o
    0x0800593c   0x00000054   Code   RO          773    i.U_OFF_V_ON_W_ON   hall_reversal_svpwm.o
    0x08005990   0x00000058   Code   RO          774    i.U_ON_V_OFF_W_OFF  hall_reversal_svpwm.o
    0x080059e8   0x00000058   Code   RO          775    i.U_ON_V_OFF_W_ON   hall_reversal_svpwm.o
    0x08005a40   0x00000058   Code   RO          776    i.U_ON_V_ON_W_OFF   hall_reversal_svpwm.o
    0x08005a98   0x00000058   Code   RO          777    i.U_ON_V_ON_W_ON    hall_reversal_svpwm.o
    0x08005af0   0x00000004   Code   RO         1092    i.UsageFault_Handler  stm32f4xx_it.o
    0x08005af4   0x00000014   Code   RO         8020    i.__hardfp_fabs     m_wm.l(fabs.o)
    0x08005b08   0x00000038   Code   RO         1199    i.delay_us          delay.o
    0x08005b40   0x0000006c   Code   RO            6    i.main              main.o
    0x08005bac   0x000002c4   Code   RO         8016    x$fpl$d2f           g_wm.l(d2f_clz.o)
    0x08005e70   0x0000001a   Code   RO         8029    x$fpl$dfltn         g_wm.l(dflt_clz.o)
    0x08005e8a   0x00000102   Code   RO         8033    x$fpl$dnaninf       g_wm.l(dnaninf.o)
    0x08005f8c   0x00000070   Code   RO         8083    x$fpl$drenorm       g_wm.l(drenorm_clz.o)
    0x08005ffc   0x0000000c   Code   RO         8035    x$fpl$dretinf       g_wm.l(dretinf.o)
    0x08006008   0x0000017a   Code   RO         8065    x$fpl$dunder        g_wm.l(dunder_clz.o)
    0x08006182   0x00000002   PAD
    0x08006184   0x000001ec   Code   RO         8037    x$fpl$exception     g_wm.l(except.o)
    0x08006370   0x0000007a   Code   RO         8018    x$fpl$f2d           g_wm.l(f2d.o)
    0x080063ea   0x000000f2   Code   RO         8039    x$fpl$fnaninf       g_wm.l(fnaninf.o)
    0x080064dc   0x0000000a   Code   RO         8156    x$fpl$fpinit        g_wm.l(fpinit.o)
    0x080064e6   0x0000000a   Code   RO         8041    x$fpl$fretinf       g_wm.l(fretinf.o)
    0x080064f0   0x0000013c   Code   RO         8043    x$fpl$funder        g_wm.l(funder_clz.o)
    0x0800662c   0x000000b2   Code   RO         8067    x$fpl$retnan        g_wm.l(retnan.o)
    0x080066de   0x0000007e   Code   RO         8045    x$fpl$trapveneer    g_wm.l(trapv.o)
    0x0800675c   0x00000000   Code   RO         8047    x$fpl$usenofp       g_wm.l(usenofp.o)
    0x0800675c   0x00000074   Data   RO         6469    .constdata          os_dbg.o
    0x080067d0   0x00000100   Data   RO         7150    .constdata          os_core.o
    0x080068d0   0x00000804   Data   RO         7987    .constdata          arm_cortexM4lf_math.lib(arm_common_tables.o)
    0x080070d4   0x00000020   Data   RO         8211    Region$$Table       anon$$obj.o


    Execution Region RW_IRAM1 (Base: 0x20000000, Size: 0x00002c98, Max: 0x00020000, ABSOLUTE, COMPRESSED[0x0000005c])

    Base Addr    Size         Type   Attr      Idx    E Section Name        Object

    0x20000000   0x00000008   Data   RW            8    .data               main.o
    0x20000008   0x00000001   Data   RW          241    .data               app.o
    0x20000009   0x00000005   Data   RW          314    .data               peripherial_init.o
    0x2000000e   0x00000002   PAD
    0x20000010   0x00000040   Data   RW          778    .data               hall_reversal_svpwm.o
    0x20000050   0x00000080   Data   RW          877    .data               hall_reversal_6steps.o
    0x200000d0   0x0000000d   Data   RW         1093    .data               stm32f4xx_it.o
    0x200000dd   0x00000003   PAD
    0x200000e0   0x00000004   Data   RW         6387    .data               os_cpu_c.o
    0x200000e4   0x0000004c   Data   RW         7151    .data               os_core.o
    0x20000130   0x00000b00   Zero   RW            7    .bss                main.o
    0x20000c30   0x0000007c   Zero   RW          595    .bss                spd_pos_filter.o
    0x20000cac   0x000002a4   Zero   RW          706    .bss                global_parameters.o
    0x20000f50   0x00000200   Zero   RW         6386    .bss                os_cpu_c.o
    0x20001150   0x000014e8   Zero   RW         7149    .bss                os_core.o
    0x20002638   0x00000060   Zero   RW         8086    .bss                c_w.l(libspace.o)
    0x20002698   0x00000200   Zero   RW         1359    HEAP                startup_stm32f40xx.o
    0x20002898   0x00000400   Zero   RW         1358    STACK               startup_stm32f40xx.o


==============================================================================

Image component sizes


      Code (inc. data)   RO Data    RW Data    ZI Data      Debug   Object Name

       194         12          0          1          0       1851   app.o
      1380         44          0          0          0       3476   current_filter.o
        56          0          0          0          0        619   delay.o
       824         96          0          0        676       8035   global_parameters.o
       630         60          0        128          0       9654   hall_reversal_6steps.o
       696         48          0         64          0       4901   hall_reversal_svpwm.o
       356         66          0          8       2816     347152   main.o
       140         24          0          0          0       1607   misc.o
      1110        136          0          0          0       7279   motor_control.o
      2126        374        256         76       5352      23007   os_core.o
       232         36          0          0          0        372   os_cpu_a.o
       642         28          0          4        512      16623   os_cpu_c.o
       280        184        116          0          0       3506   os_dbg.o
       124         14          0          0          0       1310   os_flag.o
        88         14          0          0          0        597   os_mem.o
        80          8          0          0          0        623   os_q.o
        84         12          0          0          0        734   os_sem.o
      1010        106          0          0          0       6193   os_task.o
       220         32          0          0          0       1468   os_time.o
      3322        138          0          5          0      12646   peripherial_init.o
       962         60          0          0        124       5111   spd_pos_filter.o
       104         34        392          0       1536        872   startup_stm32f40xx.o
       414         24          0          0          0       6156   stm32f4xx_adc.o
      1654         22          0          0          0       7708   stm32f4xx_can.o
       156         24          0          0          0       3169   stm32f4xx_dac.o
       598         40          0          0          0       5070   stm32f4xx_dma.o
       236          0          0          0          0       2954   stm32f4xx_gpio.o
      1330        154          0         13          0       9489   stm32f4xx_it.o
       160         30          0          0          0       3045   stm32f4xx_rcc.o
       326         24          0          0          0       4227   stm32f4xx_spi.o
      2064        112          0          0          0      24566   stm32f4xx_tim.o
       340         32          0          0          0       1569   system_stm32f4xx.o

    ----------------------------------------------------------------------
     21988       1988        796        304      11016     525589   Object Totals
         0          0         32          0          0          0   (incl. Generated)
        50          0          0          5          0          0   (incl. Padding)

    ----------------------------------------------------------------------

      Code (inc. data)   RO Data    RW Data    ZI Data      Debug   Library Member Name

       164          0          0          0          0      17122   arm_abs_f32.o
       134          0          0          0          0       1026   arm_abs_q15.o
         0          0       2052          0          0       4636   arm_common_tables.o
       116         12          0          0          0        658   arm_sin_f32.o
        90          0          0          0          0          0   __dczerorl2.o
         8          0          0          0          0         68   __main.o
         0          0          0          0          0          0   __rtentry.o
        12          0          0          0          0          0   __rtentry2.o
         6          0          0          0          0          0   __rtentry4.o
        52          8          0          0          0          0   __scatter.o
        28          0          0          0          0          0   __scatter_zi.o
        48          4          0          0          0         84   _fptrap.o
        10          0          0          0          0         68   defsig_exit.o
       172        110          0          0          0         76   defsig_fpe_inner.o
        14          0          0          0          0         80   defsig_fpe_outer.o
        50          0          0          0          0         88   defsig_general.o
        12          0          0          0          0         72   exit.o
         6          0          0          0          0        152   heapauxi.o
         0          0          0          0          0          0   indicate_semi.o
         2          0          0          0          0          0   libinit.o
         6          0          0          0          0          0   libinit2.o
         2          0          0          0          0          0   libshutdown.o
         2          0          0          0          0          0   libshutdown2.o
         8          4          0          0         96         68   libspace.o
         2          0          0          0          0          0   rtexit.o
        10          0          0          0          0          0   rtexit2.o
        12          4          0          0          0         68   sys_exit.o
        74          0          0          0          0         80   sys_stackheap_outer.o
        14          0          0          0          0         76   sys_wrch.o
         2          0          0          0          0         68   use_no_semi.o
       708         16          0          0          0        140   d2f_clz.o
        26          0          0          0          0        116   dflt_clz.o
       258          4          0          0          0        156   dnaninf.o
       112          0          0          0          0        160   drenorm_clz.o
        12          0          0          0          0        116   dretinf.o
       378          0          0          0          0        168   dunder_clz.o
       492         36          0          0          0        148   except.o
       122          8          0          0          0        132   f2d.o
       242          4          0          0          0        144   fnaninf.o
        10          0          0          0          0        116   fpinit.o
        10          0          0          0          0        116   fretinf.o
       316          0          0          0          0        132   funder_clz.o
       178          0          0          0          0        116   retnan.o
       126          0          0          0          0        148   trapv.o
         0          0          0          0          0          0   usenofp.o
        20          0          0          0          0        124   fabs.o

    ----------------------------------------------------------------------
      4080        210       2052          0         96      26522   Library Totals
        14          0          0          0          0          0   (incl. Padding)

    ----------------------------------------------------------------------

      Code (inc. data)   RO Data    RW Data    ZI Data      Debug   Library Name

       414         12       2052          0          0      23442   arm_cortexM4lf_math.lib
       642        130          0          0         96       1048   c_w.l
      2990         68          0          0          0       1908   g_wm.l
        20          0          0          0          0        124   m_wm.l

    ----------------------------------------------------------------------
      4080        210       2052          0         96      26522   Library Totals

    ----------------------------------------------------------------------

==============================================================================


      Code (inc. data)   RO Data    RW Data    ZI Data      Debug   

     26068       2198       2848        304      11112     528543   Grand Totals
     26068       2198       2848         92      11112     528543   ELF Image Totals (compressed)
     26068       2198       2848         92          0          0   ROM Totals

==============================================================================

    Total RO  Size (Code + RO Data)                28916 (  28.24kB)
    Total RW  Size (RW Data + ZI Data)             11416 (  11.15kB)
    Total ROM Size (Code + RO Data + RW Data)      29008 (  28.33kB)

==============================================================================

